../drivers/Src/stm32f407xx_spi_driver.c:29:6:SPI_PeriClockControl	16	static
../drivers/Src/stm32f407xx_spi_driver.c:75:6:SPI_Init	24	static
../drivers/Src/stm32f407xx_spi_driver.c:140:6:SPI_DeInit	16	static
../drivers/Src/stm32f407xx_spi_driver.c:171:6:SPI_SendData	24	static
../drivers/Src/stm32f407xx_spi_driver.c:212:6:SPI_ReceiveData	24	static
../drivers/Src/stm32f407xx_spi_driver.c:255:6:SPI_PeripheralControl	16	static
../drivers/Src/stm32f407xx_spi_driver.c:282:7:SPI_SSIConfig	16	static
../drivers/Src/stm32f407xx_spi_driver.c:295:9:SPI_GetFlagStatus	16	static
../drivers/Src/stm32f407xx_spi_driver.c:318:7:SPI_SSOEConfig	16	static
../drivers/Src/stm32f407xx_spi_driver.c:345:6:SPI_IRQInterruptConfig	16	static
../drivers/Src/stm32f407xx_spi_driver.c:400:6:SPI_IRQPriorityConfig	24	static
../drivers/Src/stm32f407xx_spi_driver.c:413:9:SPI_SendDataIT	32	static
../drivers/Src/stm32f407xx_spi_driver.c:436:9:SPI_ReceiveDataIT	32	static
../drivers/Src/stm32f407xx_spi_driver.c:463:6:SPI_IRQHandling	24	static
../drivers/Src/stm32f407xx_spi_driver.c:503:14:spi_txe_interrupt_handle	16	static
../drivers/Src/stm32f407xx_spi_driver.c:535:14:spi_rxne_interrupt_handle	16	static
../drivers/Src/stm32f407xx_spi_driver.c:564:14:spi_ovr_err_interrupt_handle	24	static
../drivers/Src/stm32f407xx_spi_driver.c:581:6:SPI_CloseTransmisson	16	static
../drivers/Src/stm32f407xx_spi_driver.c:590:6:SPI_CloseReception	16	static
../drivers/Src/stm32f407xx_spi_driver.c:601:6:SPI_ClearOVRFlag	24	static
../drivers/Src/stm32f407xx_spi_driver.c:612:13:SPI_ApplicationEventCallback	16	static
