Archive member included to satisfy reference by file (symbol)

C:/ST/STM32CubeCLT_1.18.0/GNU-tools-for-STM32/bin/../lib/gcc/arm-none-eabi/13.3.1/../../../../arm-none-eabi/lib/thumb/v7e-m+fp/hard\libc_nano.a(libc_a-exit.o)
                              C:/ST/STM32CubeCLT_1.18.0/GNU-tools-for-STM32/bin/../lib/gcc/arm-none-eabi/13.3.1/../../../../arm-none-eabi/lib/thumb/v7e-m+fp/hard/crt0.o (exit)
C:/ST/STM32CubeCLT_1.18.0/GNU-tools-for-STM32/bin/../lib/gcc/arm-none-eabi/13.3.1/../../../../arm-none-eabi/lib/thumb/v7e-m+fp/hard\libc_nano.a(libc_a-malloc.o)
                              build/usbh_cdc.o (malloc)
C:/ST/STM32CubeCLT_1.18.0/GNU-tools-for-STM32/bin/../lib/gcc/arm-none-eabi/13.3.1/../../../../arm-none-eabi/lib/thumb/v7e-m+fp/hard\libc_nano.a(libc_a-mallocr.o)
                              C:/ST/STM32CubeCLT_1.18.0/GNU-tools-for-STM32/bin/../lib/gcc/arm-none-eabi/13.3.1/../../../../arm-none-eabi/lib/thumb/v7e-m+fp/hard\libc_nano.a(libc_a-malloc.o) (_malloc_r)
C:/ST/STM32CubeCLT_1.18.0/GNU-tools-for-STM32/bin/../lib/gcc/arm-none-eabi/13.3.1/../../../../arm-none-eabi/lib/thumb/v7e-m+fp/hard\libc_nano.a(libc_a-mlock.o)
                              C:/ST/STM32CubeCLT_1.18.0/GNU-tools-for-STM32/bin/../lib/gcc/arm-none-eabi/13.3.1/../../../../arm-none-eabi/lib/thumb/v7e-m+fp/hard\libc_nano.a(libc_a-mallocr.o) (__malloc_lock)
C:/ST/STM32CubeCLT_1.18.0/GNU-tools-for-STM32/bin/../lib/gcc/arm-none-eabi/13.3.1/../../../../arm-none-eabi/lib/thumb/v7e-m+fp/hard\libc_nano.a(libc_a-findfp.o)
                              C:/ST/STM32CubeCLT_1.18.0/GNU-tools-for-STM32/bin/../lib/gcc/arm-none-eabi/13.3.1/../../../../arm-none-eabi/lib/thumb/v7e-m+fp/hard\libc_nano.a(libc_a-exit.o) (__stdio_exit_handler)
C:/ST/STM32CubeCLT_1.18.0/GNU-tools-for-STM32/bin/../lib/gcc/arm-none-eabi/13.3.1/../../../../arm-none-eabi/lib/thumb/v7e-m+fp/hard\libc_nano.a(libc_a-fwalk.o)
                              C:/ST/STM32CubeCLT_1.18.0/GNU-tools-for-STM32/bin/../lib/gcc/arm-none-eabi/13.3.1/../../../../arm-none-eabi/lib/thumb/v7e-m+fp/hard\libc_nano.a(libc_a-findfp.o) (_fwalk_sglue)
C:/ST/STM32CubeCLT_1.18.0/GNU-tools-for-STM32/bin/../lib/gcc/arm-none-eabi/13.3.1/../../../../arm-none-eabi/lib/thumb/v7e-m+fp/hard\libc_nano.a(libc_a-stdio.o)
                              C:/ST/STM32CubeCLT_1.18.0/GNU-tools-for-STM32/bin/../lib/gcc/arm-none-eabi/13.3.1/../../../../arm-none-eabi/lib/thumb/v7e-m+fp/hard\libc_nano.a(libc_a-findfp.o) (__sread)
C:/ST/STM32CubeCLT_1.18.0/GNU-tools-for-STM32/bin/../lib/gcc/arm-none-eabi/13.3.1/../../../../arm-none-eabi/lib/thumb/v7e-m+fp/hard\libc_nano.a(libc_a-memset.o)
                              C:/ST/STM32CubeCLT_1.18.0/GNU-tools-for-STM32/bin/../lib/gcc/arm-none-eabi/13.3.1/../../../../arm-none-eabi/lib/thumb/v7e-m+fp/hard/crt0.o (memset)
C:/ST/STM32CubeCLT_1.18.0/GNU-tools-for-STM32/bin/../lib/gcc/arm-none-eabi/13.3.1/../../../../arm-none-eabi/lib/thumb/v7e-m+fp/hard\libc_nano.a(libc_a-closer.o)
                              C:/ST/STM32CubeCLT_1.18.0/GNU-tools-for-STM32/bin/../lib/gcc/arm-none-eabi/13.3.1/../../../../arm-none-eabi/lib/thumb/v7e-m+fp/hard\libc_nano.a(libc_a-stdio.o) (_close_r)
C:/ST/STM32CubeCLT_1.18.0/GNU-tools-for-STM32/bin/../lib/gcc/arm-none-eabi/13.3.1/../../../../arm-none-eabi/lib/thumb/v7e-m+fp/hard\libc_nano.a(libc_a-reent.o)
                              C:/ST/STM32CubeCLT_1.18.0/GNU-tools-for-STM32/bin/../lib/gcc/arm-none-eabi/13.3.1/../../../../arm-none-eabi/lib/thumb/v7e-m+fp/hard\libc_nano.a(libc_a-closer.o) (errno)
C:/ST/STM32CubeCLT_1.18.0/GNU-tools-for-STM32/bin/../lib/gcc/arm-none-eabi/13.3.1/../../../../arm-none-eabi/lib/thumb/v7e-m+fp/hard\libc_nano.a(libc_a-impure.o)
                              C:/ST/STM32CubeCLT_1.18.0/GNU-tools-for-STM32/bin/../lib/gcc/arm-none-eabi/13.3.1/../../../../arm-none-eabi/lib/thumb/v7e-m+fp/hard\libc_nano.a(libc_a-malloc.o) (_impure_ptr)
C:/ST/STM32CubeCLT_1.18.0/GNU-tools-for-STM32/bin/../lib/gcc/arm-none-eabi/13.3.1/../../../../arm-none-eabi/lib/thumb/v7e-m+fp/hard\libc_nano.a(libc_a-lseekr.o)
                              C:/ST/STM32CubeCLT_1.18.0/GNU-tools-for-STM32/bin/../lib/gcc/arm-none-eabi/13.3.1/../../../../arm-none-eabi/lib/thumb/v7e-m+fp/hard\libc_nano.a(libc_a-stdio.o) (_lseek_r)
C:/ST/STM32CubeCLT_1.18.0/GNU-tools-for-STM32/bin/../lib/gcc/arm-none-eabi/13.3.1/../../../../arm-none-eabi/lib/thumb/v7e-m+fp/hard\libc_nano.a(libc_a-readr.o)
                              C:/ST/STM32CubeCLT_1.18.0/GNU-tools-for-STM32/bin/../lib/gcc/arm-none-eabi/13.3.1/../../../../arm-none-eabi/lib/thumb/v7e-m+fp/hard\libc_nano.a(libc_a-stdio.o) (_read_r)
C:/ST/STM32CubeCLT_1.18.0/GNU-tools-for-STM32/bin/../lib/gcc/arm-none-eabi/13.3.1/../../../../arm-none-eabi/lib/thumb/v7e-m+fp/hard\libc_nano.a(libc_a-sbrkr.o)
                              C:/ST/STM32CubeCLT_1.18.0/GNU-tools-for-STM32/bin/../lib/gcc/arm-none-eabi/13.3.1/../../../../arm-none-eabi/lib/thumb/v7e-m+fp/hard\libc_nano.a(libc_a-mallocr.o) (_sbrk_r)
[...]
Memory Configuration

Name             Origin             Length             Attributes
RAM              0x20000000         0x00020000         xrw
CCMRAM           0x10000000         0x00010000         xrw
FLASH            0x08000000         0x00100000         xr
*default*        0x00000000         0xffffffff

Linker script and memory map

LOAD C:/ST/STM32CubeCLT_1.18.0/GNU-tools-for-STM32/bin/../lib/gcc/arm-none-eabi/13.3.1/thumb/v7e-m+fp/hard/crti.o
LOAD C:/ST/STM32CubeCLT_1.18.0/GNU-tools-for-STM32/bin/../lib/gcc/arm-none-eabi/13.3.1/thumb/v7e-m+fp/hard/crtbegin.o
LOAD C:/ST/STM32CubeCLT_1.18.0/GNU-tools-for-STM32/bin/../lib/gcc/arm-none-eabi/13.3.1/../../../../arm-none-eabi/lib/thumb/v7e-m+fp/hard/crt0.o
LOAD build/main.o
LOAD build/usb_host.o
LOAD build/usbh_conf.o
LOAD build/usbh_platform.o
LOAD build/stm32f4xx_it.o
LOAD build/stm32f4xx_hal_msp.o
LOAD build/stm32f4xx_hal_hcd.o
LOAD build/stm32f4xx_ll_usb.o
LOAD build/stm32f4xx_hal_rcc.o
LOAD build/stm32f4xx_hal_rcc_ex.o
LOAD build/stm32f4xx_hal_flash.o
LOAD build/stm32f4xx_hal_flash_ex.o
LOAD build/stm32f4xx_hal_flash_ramfunc.o
LOAD build/stm32f4xx_hal_gpio.o
LOAD build/stm32f4xx_hal_dma_ex.o
LOAD build/stm32f4xx_hal_dma.o
LOAD build/stm32f4xx_hal_pwr.o
LOAD build/stm32f4xx_hal_pwr_ex.o
LOAD build/stm32f4xx_hal_cortex.o
LOAD build/stm32f4xx_hal.o
LOAD build/stm32f4xx_hal_exti.o
LOAD build/stm32f4xx_hal_i2c.o
LOAD build/stm32f4xx_hal_i2c_ex.o
LOAD build/stm32f4xx_hal_i2s.o
LOAD build/stm32f4xx_hal_i2s_ex.o
LOAD build/stm32f4xx_hal_spi.o
LOAD build/system_stm32f4xx.o
LOAD build/usbh_core.o
LOAD build/usbh_ctlreq.o
LOAD build/usbh_ioreq.o
LOAD build/usbh_pipes.o
LOAD build/usbh_cdc.o
LOAD build/startup_stm32f407xx.o
LOAD C:/ST/STM32CubeCLT_1.18.0/GNU-tools-for-STM32/bin/../lib/gcc/arm-none-eabi/13.3.1/../../../../arm-none-eabi/lib/thumb/v7e-m+fp/hard\libc_nano.a
LOAD C:/ST/STM32CubeCLT_1.18.0/GNU-tools-for-STM32/bin/../lib/gcc/arm-none-eabi/13.3.1/../../../../arm-none-eabi/lib/thumb/v7e-m+fp/hard\libm.a
LOAD C:/ST/STM32CubeCLT_1.18.0/GNU-tools-for-STM32/bin/../lib/gcc/arm-none-eabi/13.3.1/../../../../arm-none-eabi/lib/thumb/v7e-m+fp/hard\libnosys.a
START GROUP
LOAD C:/ST/STM32CubeCLT_1.18.0/GNU-tools-for-STM32/bin/../lib/gcc/arm-none-eabi/13.3.1/thumb/v7e-m+fp/hard\libgcc.a
LOAD C:/ST/STM32CubeCLT_1.18.0/GNU-tools-for-STM32/bin/../lib/gcc/arm-none-eabi/13.3.1/../../../../arm-none-eabi/lib/thumb/v7e-m+fp/hard\libc_nano.a
END GROUP
START GROUP
LOAD C:/ST/STM32CubeCLT_1.18.0/GNU-tools-for-STM32/bin/../lib/gcc/arm-none-eabi/13.3.1/thumb/v7e-m+fp/hard\libgcc.a
LOAD C:/ST/STM32CubeCLT_1.18.0/GNU-tools-for-STM32/bin/../lib/gcc/arm-none-eabi/13.3.1/../../../../arm-none-eabi/lib/thumb/v7e-m+fp/hard\libc_nano.a
END GROUP
LOAD C:/ST/STM32CubeCLT_1.18.0/GNU-tools-for-STM32/bin/../lib/gcc/arm-none-eabi/13.3.1/thumb/v7e-m+fp/hard/crtend.o
LOAD C:/ST/STM32CubeCLT_1.18.0/GNU-tools-for-STM32/bin/../lib/gcc/arm-none-eabi/13.3.1/thumb/v7e-m+fp/hard/crtn.o
                0x20020000                        _estack = (ORIGIN (RAM) + LENGTH (RAM))
                0x00000200                        _Min_Heap_Size = 0x200
                0x00000400                        _Min_Stack_Size = 0x400

.isr_vector     0x08000000      0x188
                0x08000000                        . = ALIGN (0x4)
 *(.isr_vector)
 .isr_vector    0x08000000      0x188 build/startup_stm32f407xx.o
                0x08000000                g_pfnVectors
                0x08000188                        . = ALIGN (0x4)

.text           0x08000188     0x46c4
                0x08000188                        . = ALIGN (0x4)
 *(.text)
 .text          0x08000188       0x40 C:/ST/STM32CubeCLT_1.18.0/GNU-tools-for-STM32/bin/../lib/gcc/arm-none-eabi/13.3.1/thumb/v7e-m+fp/hard/crtbegin.o
 .text          0x080001c8       0x30 C:/ST/STM32CubeCLT_1.18.0/GNU-tools-for-STM32/bin/../lib/gcc/arm-none-eabi/13.3.1/thumb/v7e-m+fp/hard\libgcc.a(_aeabi_uldivmod.o)
                0x080001c8                __aeabi_uldivmod
 .text          0x080001f8      0x2f8 C:/ST/STM32CubeCLT_1.18.0/GNU-tools-for-STM32/bin/../lib/gcc/arm-none-eabi/13.3.1/thumb/v7e-m+fp/hard\libgcc.a(_udivmoddi4.o)
                0x080001f8                __udivmoddi4
 .text          0x080004f0        0x4 C:/ST/STM32CubeCLT_1.18.0/GNU-tools-for-STM32/bin/../lib/gcc/arm-none-eabi/13.3.1/thumb/v7e-m+fp/hard\libgcc.a(_dvmd_tls.o)
                0x080004f0                __aeabi_idiv0
                0x080004f0                __aeabi_ldiv0
 *(.text*)
 .text.MX_GPIO_Init
                0x080004f4      0x188 build/main.o
 .text.Error_Handler
                0x0800067c        0x4 build/main.o
                0x0800067c                Error_Handler
 .text.MX_I2C1_Init
                0x08000680       0x38 build/main.o
 .text.MX_I2S3_Init
                0x080006b8       0x38 build/main.o
 .text.MX_SPI1_Init
                0x080006f0       0x40 build/main.o
 .text.SystemClock_Config
                0x08000730       0xac build/main.o
                0x08000730                SystemClock_Config
 .text.main     0x080007dc       0x6c build/main.o
                0x080007dc                main
 .text.USBH_UserProcess
                0x08000848       0x2c build/usb_host.o
 .text.MX_USB_HOST_Init
                0x08000874       0x40 build/usb_host.o
                0x08000874                MX_USB_HOST_Init
 .text.HAL_HCD_MspInit
                0x080008b4       0x98 build/usbh_conf.o
                0x080008b4                HAL_HCD_MspInit
 .text.HAL_HCD_SOF_Callback
                0x0800094c        0xc build/usbh_conf.o
                0x0800094c                HAL_HCD_SOF_Callback
 .text.HAL_HCD_Connect_Callback
                0x08000958        0xc build/usbh_conf.o
                0x08000958                HAL_HCD_Connect_Callback
 .text.HAL_HCD_Disconnect_Callback
                0x08000964        0xc build/usbh_conf.o
                0x08000964                HAL_HCD_Disconnect_Callback
 .text.HAL_HCD_HC_NotifyURBChange_Callback
                0x08000970        0x2 build/usbh_conf.o
                0x08000970                HAL_HCD_HC_NotifyURBChange_Callback
 .text.HAL_HCD_PortEnabled_Callback
                0x08000972        0xc build/usbh_conf.o
                0x08000972                HAL_HCD_PortEnabled_Callback
 .text.HAL_HCD_PortDisabled_Callback
                0x0800097e        0xc build/usbh_conf.o
                0x0800097e                HAL_HCD_PortDisabled_Callback
 *fill*         0x0800098a        0x2 
 .text.USBH_LL_Init
                0x0800098c       0x54 build/usbh_conf.o
                0x0800098c                USBH_LL_Init
 .text.USBH_LL_GetLastXferSize
                0x080009e0        0xc build/usbh_conf.o
                0x080009e0                USBH_LL_GetLastXferSize
 .text.USBH_LL_GetURBState
                0x080009ec        0xc build/usbh_conf.o
                0x080009ec                USBH_LL_GetURBState
 .text.USBH_LL_DriverVBUS
                0x080009f8       0x1c build/usbh_conf.o
                0x080009f8                USBH_LL_DriverVBUS
 .text.USBH_LL_SetToggle
                0x08000a14       0x2e build/usbh_conf.o
                0x08000a14                USBH_LL_SetToggle
 .text.USBH_Get_USB_Status
                0x08000a42       0x14 build/usbh_conf.o
                0x08000a42                USBH_Get_USB_Status
 .text.USBH_LL_Start
                0x08000a56       0x10 build/usbh_conf.o
                0x08000a56                USBH_LL_Start
 .text.USBH_LL_Stop
                0x08000a66       0x10 build/usbh_conf.o
                0x08000a66                USBH_LL_Stop
 .text.USBH_LL_OpenPipe
                0x08000a76       0x26 build/usbh_conf.o
                0x08000a76                USBH_LL_OpenPipe
 .text.USBH_LL_ClosePipe
                0x08000a9c       0x10 build/usbh_conf.o
                0x08000a9c                USBH_LL_ClosePipe
 .text.USBH_LL_SubmitURB
                0x08000aac       0x2a build/usbh_conf.o
                0x08000aac                USBH_LL_SubmitURB
 *fill*         0x08000ad6        0x2 
 .text.MX_DriverVbusFS
                0x08000ad8       0x18 build/usbh_platform.o
                0x08000ad8                MX_DriverVbusFS
 .text.NMI_Handler
                0x08000af0        0x2 build/stm32f4xx_it.o
                0x08000af0                NMI_Handler
 .text.HardFault_Handler
                0x08000af2        0x2 build/stm32f4xx_it.o
                0x08000af2                HardFault_Handler
 .text.MemManage_Handler
                0x08000af4        0x2 build/stm32f4xx_it.o
                0x08000af4                MemManage_Handler
 .text.BusFault_Handler
                0x08000af6        0x2 build/stm32f4xx_it.o
                0x08000af6                BusFault_Handler
 .text.UsageFault_Handler
                0x08000af8        0x2 build/stm32f4xx_it.o
                0x08000af8                UsageFault_Handler
 .text.SVC_Handler
                0x08000afa        0x2 build/stm32f4xx_it.o
                0x08000afa                SVC_Handler
 .text.DebugMon_Handler
                0x08000afc        0x2 build/stm32f4xx_it.o
                0x08000afc                DebugMon_Handler
 .text.PendSV_Handler
                0x08000afe        0x2 build/stm32f4xx_it.o
                0x08000afe                PendSV_Handler
 .text.SysTick_Handler
                0x08000b00        0x8 build/stm32f4xx_it.o
                0x08000b00                SysTick_Handler
 .text.OTG_FS_IRQHandler
                0x08000b08       0x10 build/stm32f4xx_it.o
                0x08000b08                OTG_FS_IRQHandler
 .text.HAL_MspInit
                0x08000b18       0x40 build/stm32f4xx_hal_msp.o
                0x08000b18                HAL_MspInit
 .text.HAL_I2C_MspInit
                0x08000b58       0x74 build/stm32f4xx_hal_msp.o
                0x08000b58                HAL_I2C_MspInit
 .text.HAL_I2S_MspInit
                0x08000bcc       0xbc build/stm32f4xx_hal_msp.o
                0x08000bcc                HAL_I2S_MspInit
 .text.HAL_SPI_MspInit
                0x08000c88       0x70 build/stm32f4xx_hal_msp.o
                0x08000c88                HAL_SPI_MspInit
 .text.HCD_RXQLVL_IRQHandler
                0x08000cf8       0xa6 build/stm32f4xx_hal_hcd.o
 .text.HAL_HCD_HC_Halt
                0x08000d9e       0x24 build/stm32f4xx_hal_hcd.o
                0x08000d9e                HAL_HCD_HC_Halt
 .text.HAL_HCD_Init
                0x08000dc2       0x8e build/stm32f4xx_hal_hcd.o
                0x08000dc2                HAL_HCD_Init
 .text.HAL_HCD_HC_SubmitRequest
                0x08000e50      0x1c6 build/stm32f4xx_hal_hcd.o
                0x08000e50                HAL_HCD_HC_SubmitRequest
 .text.HCD_Port_IRQHandler
                0x08001016       0xb0 build/stm32f4xx_hal_hcd.o
 .text.HCD_HC_IN_IRQHandler
                0x080010c6      0x5a2 build/stm32f4xx_hal_hcd.o
 .text.HCD_HC_OUT_IRQHandler
                0x08001668      0x480 build/stm32f4xx_hal_hcd.o
 .text.HAL_HCD_IRQHandler
                0x08001ae8      0x15e build/stm32f4xx_hal_hcd.o
                0x08001ae8                HAL_HCD_IRQHandler
 .text.HAL_HCD_Start
                0x08001c46       0x2a build/stm32f4xx_hal_hcd.o
                0x08001c46                HAL_HCD_Start
 .text.HAL_HCD_Stop
                0x08001c70       0x24 build/stm32f4xx_hal_hcd.o
                0x08001c70                HAL_HCD_Stop
 .text.HAL_HCD_HC_GetURBState
                0x08001c94        0xe build/stm32f4xx_hal_hcd.o
                0x08001c94                HAL_HCD_HC_GetURBState
 .text.HAL_HCD_HC_GetXferCount
                0x08001ca2        0xc build/stm32f4xx_hal_hcd.o
                0x08001ca2                HAL_HCD_HC_GetXferCount
 .text.HAL_HCD_GetCurrentFrame
                0x08001cae        0xa build/stm32f4xx_hal_hcd.o
                0x08001cae                HAL_HCD_GetCurrentFrame
 .text.HAL_HCD_HC_ClearHubInfo
                0x08001cb8       0x18 build/stm32f4xx_hal_hcd.o
                0x08001cb8                HAL_HCD_HC_ClearHubInfo
 .text.HAL_HCD_HC_Init
                0x08001cd0       0xca build/stm32f4xx_hal_hcd.o
                0x08001cd0                HAL_HCD_HC_Init
 .text.USB_CoreReset
                0x08001d9a       0x4a build/stm32f4xx_ll_usb.o
 .text.USB_CoreInit
                0x08001de4       0x92 build/stm32f4xx_ll_usb.o
                0x08001de4                USB_CoreInit
 .text.USB_EnableGlobalInt
                0x08001e76        0xc build/stm32f4xx_ll_usb.o
                0x08001e76                USB_EnableGlobalInt
 .text.USB_DisableGlobalInt
                0x08001e82        0xc build/stm32f4xx_ll_usb.o
                0x08001e82                USB_DisableGlobalInt
 .text.USB_FlushTxFifo
                0x08001e8e       0x4a build/stm32f4xx_ll_usb.o
                0x08001e8e                USB_FlushTxFifo
 .text.USB_FlushRxFifo
                0x08001ed8       0x46 build/stm32f4xx_ll_usb.o
                0x08001ed8                USB_FlushRxFifo
 .text.USB_WritePacket
                0x08001f1e       0x2e build/stm32f4xx_ll_usb.o
                0x08001f1e                USB_WritePacket
 .text.USB_ReadPacket
                0x08001f4c       0x46 build/stm32f4xx_ll_usb.o
                0x08001f4c                USB_ReadPacket
 .text.USB_ReadInterrupts
                0x08001f92        0x8 build/stm32f4xx_ll_usb.o
                0x08001f92                USB_ReadInterrupts
 .text.USB_ReadChInterrupts
                0x08001f9a       0x12 build/stm32f4xx_ll_usb.o
                0x08001f9a                USB_ReadChInterrupts
 .text.USB_GetMode
                0x08001fac        0x8 build/stm32f4xx_ll_usb.o
                0x08001fac                USB_GetMode
 .text.USB_SetCurrentMode
                0x08001fb4       0x62 build/stm32f4xx_ll_usb.o
                0x08001fb4                USB_SetCurrentMode
 *fill*         0x08002016        0x2 
 .text.USB_HostInit
                0x08002018      0x100 build/stm32f4xx_ll_usb.o
                0x08002018                USB_HostInit
 .text.USB_InitFSLSPClkSel
                0x08002118       0x42 build/stm32f4xx_ll_usb.o
                0x08002118                USB_InitFSLSPClkSel
 .text.USB_DriveVbus
                0x0800215a       0x46 build/stm32f4xx_ll_usb.o
                0x0800215a                USB_DriveVbus
 .text.USB_GetHostSpeed
                0x080021a0       0x16 build/stm32f4xx_ll_usb.o
                0x080021a0                USB_GetHostSpeed
 .text.USB_GetCurrentFrame
                0x080021b6        0xa build/stm32f4xx_ll_usb.o
                0x080021b6                USB_GetCurrentFrame
 .text.USB_HC_Init
                0x080021c0      0x130 build/stm32f4xx_ll_usb.o
                0x080021c0                USB_HC_Init
 .text.USB_HC_ReadInterrupt
                0x080022f0        0xa build/stm32f4xx_ll_usb.o
                0x080022f0                USB_HC_ReadInterrupt
 .text.USB_HC_Halt
                0x080022fa       0xfc build/stm32f4xx_ll_usb.o
                0x080022fa                USB_HC_Halt
 *fill*         0x080023f6        0x2 
 .text.USB_DoPing
                0x080023f8       0x24 build/stm32f4xx_ll_usb.o
                0x080023f8                USB_DoPing
 .text.USB_HC_StartXfer
                0x0800241c      0x2b4 build/stm32f4xx_ll_usb.o
                0x0800241c                USB_HC_StartXfer
 .text.USB_StopHost
                0x080026d0       0x92 build/stm32f4xx_ll_usb.o
                0x080026d0                USB_StopHost
 *fill*         0x08002762        0x2 
 .text.HAL_RCC_OscConfig
                0x08002764      0x3f8 build/stm32f4xx_hal_rcc.o
                0x08002764                HAL_RCC_OscConfig
 .text.HAL_RCC_GetSysClockFreq
                0x08002b5c       0xdc build/stm32f4xx_hal_rcc.o
                0x08002b5c                HAL_RCC_GetSysClockFreq
 .text.HAL_RCC_ClockConfig
                0x08002c38      0x160 build/stm32f4xx_hal_rcc.o
                0x08002c38                HAL_RCC_ClockConfig
 .text.HAL_RCC_GetHCLKFreq
                0x08002d98        0xc build/stm32f4xx_hal_rcc.o
                0x08002d98                HAL_RCC_GetHCLKFreq
 .text.HAL_RCC_GetPCLK1Freq
                0x08002da4       0x20 build/stm32f4xx_hal_rcc.o
                0x08002da4                HAL_RCC_GetPCLK1Freq
 .text.HAL_RCCEx_PeriphCLKConfig
                0x08002dc4      0x154 build/stm32f4xx_hal_rcc_ex.o
                0x08002dc4                HAL_RCCEx_PeriphCLKConfig
 .text.HAL_RCCEx_GetPeriphCLKFreq
                0x08002f18       0x70 build/stm32f4xx_hal_rcc_ex.o
                0x08002f18                HAL_RCCEx_GetPeriphCLKFreq
 .text.HAL_GPIO_Init
                0x08002f88      0x1ec build/stm32f4xx_hal_gpio.o
                0x08002f88                HAL_GPIO_Init
 .text.HAL_GPIO_WritePin
                0x08003174        0xc build/stm32f4xx_hal_gpio.o
                0x08003174                HAL_GPIO_WritePin
 .text.__NVIC_EnableIRQ
                0x08003180       0x1c build/stm32f4xx_hal_cortex.o
 .text.__NVIC_SetPriority
                0x0800319c       0x28 build/stm32f4xx_hal_cortex.o
 .text.NVIC_EncodePriority
                0x080031c4       0x3e build/stm32f4xx_hal_cortex.o
 *fill*         0x08003202        0x2 
 .text.HAL_NVIC_SetPriorityGrouping
                0x08003204       0x24 build/stm32f4xx_hal_cortex.o
                0x08003204                HAL_NVIC_SetPriorityGrouping
 .text.HAL_NVIC_SetPriority
                0x08003228       0x20 build/stm32f4xx_hal_cortex.o
                0x08003228                HAL_NVIC_SetPriority
 .text.HAL_NVIC_EnableIRQ
                0x08003248        0x8 build/stm32f4xx_hal_cortex.o
                0x08003248                HAL_NVIC_EnableIRQ
 .text.HAL_SYSTICK_Config
                0x08003250       0x28 build/stm32f4xx_hal_cortex.o
                0x08003250                HAL_SYSTICK_Config
 .text.HAL_InitTick
                0x08003278       0x4c build/stm32f4xx_hal.o
                0x08003278                HAL_InitTick
 .text.HAL_Init
                0x080032c4       0x34 build/stm32f4xx_hal.o
                0x080032c4                HAL_Init
 .text.HAL_IncTick
                0x080032f8       0x18 build/stm32f4xx_hal.o
                0x080032f8                HAL_IncTick
 .text.HAL_GetTick
                0x08003310        0xc build/stm32f4xx_hal.o
                0x08003310                HAL_GetTick
 .text.HAL_Delay
                0x0800331c       0x28 build/stm32f4xx_hal.o
                0x0800331c                HAL_Delay
 .text.HAL_I2C_Init
                0x08003344      0x1bc build/stm32f4xx_hal_i2c.o
                0x08003344                HAL_I2C_Init
 .text.HAL_I2S_Init
                0x08003500      0x19c build/stm32f4xx_hal_i2s.o
                0x08003500                HAL_I2S_Init
 .text.HAL_I2S_TxCpltCallback
                0x0800369c        0x2 build/stm32f4xx_hal_i2s.o
                0x0800369c                HAL_I2S_TxCpltCallback
 .text.I2S_Transmit_IT
                0x0800369e       0x38 build/stm32f4xx_hal_i2s.o
 .text.HAL_I2S_RxCpltCallback
                0x080036d6        0x2 build/stm32f4xx_hal_i2s.o
                0x080036d6                HAL_I2S_RxCpltCallback
 .text.I2S_Receive_IT
                0x080036d8       0x38 build/stm32f4xx_hal_i2s.o
 .text.HAL_I2S_ErrorCallback
                0x08003710        0x2 build/stm32f4xx_hal_i2s.o
                0x08003710                HAL_I2S_ErrorCallback
 .text.I2S_IRQHandler
                0x08003712       0xd0 build/stm32f4xx_hal_i2s.o
 .text.HAL_I2SEx_TxRxCpltCallback
                0x080037e2        0x2 build/stm32f4xx_hal_i2s_ex.o
                0x080037e2                HAL_I2SEx_TxRxCpltCallback
 .text.I2SEx_TxISR_I2S
                0x080037e4       0x3c build/stm32f4xx_hal_i2s_ex.o
 .text.I2SEx_RxISR_I2SExt
                0x08003820       0x64 build/stm32f4xx_hal_i2s_ex.o
 .text.I2SEx_TxISR_I2SExt
                0x08003884       0x64 build/stm32f4xx_hal_i2s_ex.o
 .text.I2SEx_RxISR_I2S
                0x080038e8       0x3c build/stm32f4xx_hal_i2s_ex.o
 .text.HAL_I2SEx_FullDuplex_IRQHandler
                0x08003924      0x1d8 build/stm32f4xx_hal_i2s_ex.o
                0x08003924                HAL_I2SEx_FullDuplex_IRQHandler
 .text.HAL_SPI_Init
                0x08003afc       0xbe build/stm32f4xx_hal_spi.o
                0x08003afc                HAL_SPI_Init
 *fill*         0x08003bba        0x2 
 .text.SystemInit
                0x08003bbc       0x14 build/system_stm32f4xx.o
                0x08003bbc                SystemInit
 .text.USBH_HandleSof
                0x08003bd0       0x1a build/usbh_core.o
 .text.DeInitStateMachine
                0x08003bea       0x94 build/usbh_core.o
 .text.USBH_Init
                0x08003c7e       0x3e build/usbh_core.o
                0x08003c7e                USBH_Init
 .text.USBH_RegisterClass
                0x08003cbc       0x22 build/usbh_core.o
                0x08003cbc                USBH_RegisterClass
 .text.USBH_SelectInterface
                0x08003cde       0x14 build/usbh_core.o
                0x08003cde                USBH_SelectInterface
 .text.USBH_FindInterface
                0x08003cf2       0x54 build/usbh_core.o
                0x08003cf2                USBH_FindInterface
 .text.USBH_Start
                0x08003d46       0x14 build/usbh_core.o
                0x08003d46                USBH_Start
 .text.USBH_LL_SetTimer
                0x08003d5a        0x6 build/usbh_core.o
                0x08003d5a                USBH_LL_SetTimer
 .text.USBH_LL_IncTimer
                0x08003d60       0x12 build/usbh_core.o
                0x08003d60                USBH_LL_IncTimer
 .text.USBH_LL_PortEnabled
                0x08003d72        0x8 build/usbh_core.o
                0x08003d72                USBH_LL_PortEnabled
 .text.USBH_LL_PortDisabled
                0x08003d7a        0x8 build/usbh_core.o
                0x08003d7a                USBH_LL_PortDisabled
 .text.USBH_LL_Connect
                0x08003d82       0x14 build/usbh_core.o
                0x08003d82                USBH_LL_Connect
 .text.USBH_LL_Disconnect
                0x08003d96       0x2c build/usbh_core.o
                0x08003d96                USBH_LL_Disconnect
 .text.USBH_HandleControl
                0x08003dc2      0x1d8 build/usbh_ctlreq.o
 .text.USBH_CtlReq
                0x08003f9a       0x40 build/usbh_ctlreq.o
                0x08003f9a                USBH_CtlReq
 .text.USBH_ClrFeature
                0x08003fda       0x24 build/usbh_ctlreq.o
                0x08003fda                USBH_ClrFeature
 .text.USBH_CtlSendSetup
                0x08003ffe       0x22 build/usbh_ioreq.o
                0x08003ffe                USBH_CtlSendSetup
 .text.USBH_CtlSendData
                0x08004020       0x2c build/usbh_ioreq.o
                0x08004020                USBH_CtlSendData
 .text.USBH_CtlReceiveData
                0x0800404c       0x20 build/usbh_ioreq.o
                0x0800404c                USBH_CtlReceiveData
 .text.USBH_BulkSendData
                0x0800406c       0x2c build/usbh_ioreq.o
                0x0800406c                USBH_BulkSendData
 .text.USBH_BulkReceiveData
                0x08004098       0x20 build/usbh_ioreq.o
                0x08004098                USBH_BulkReceiveData
 .text.USBH_GetFreePipe
                0x080040b8       0x26 build/usbh_pipes.o
 .text.USBH_OpenPipe
                0x080040de       0x20 build/usbh_pipes.o
                0x080040de                USBH_OpenPipe
 .text.USBH_ClosePipe
                0x080040fe        0xa build/usbh_pipes.o
                0x080040fe                USBH_ClosePipe
 .text.USBH_AllocPipe
                0x08004108       0x26 build/usbh_pipes.o
                0x08004108                USBH_AllocPipe
 .text.USBH_FreePipe
                0x0800412e       0x16 build/usbh_pipes.o
                0x0800412e                USBH_FreePipe
 .text.USBH_CDC_SOFProcess
                0x08004144        0x4 build/usbh_cdc.o
 .text.SetLineCoding
                0x08004148       0x1a build/usbh_cdc.o
 .text.GetLineCoding
                0x08004162       0x1a build/usbh_cdc.o
 .text.USBH_CDC_ClassRequest
                0x0800417c       0x22 build/usbh_cdc.o
 .text.USBH_CDC_InterfaceDeInit
                0x0800419e       0x68 build/usbh_cdc.o
 .text.USBH_CDC_InterfaceInit
                0x08004206      0x186 build/usbh_cdc.o
 .text.USBH_CDC_TransmitCallback
                0x0800438c        0x2 build/usbh_cdc.o
                0x0800438c                USBH_CDC_TransmitCallback
 .text.CDC_ProcessTransmission
                0x0800438e       0x92 build/usbh_cdc.o
 .text.USBH_CDC_ReceiveCallback
                0x08004420        0x2 build/usbh_cdc.o
                0x08004420                USBH_CDC_ReceiveCallback
 .text.CDC_ProcessReception
                0x08004422       0x66 build/usbh_cdc.o
 .text.USBH_CDC_LineCodingChanged
                0x08004488        0x2 build/usbh_cdc.o
                0x08004488                USBH_CDC_LineCodingChanged
 .text.USBH_CDC_Process
                0x0800448a       0xae build/usbh_cdc.o
 .text.Reset_Handler
                0x08004538       0x50 build/startup_stm32f407xx.o
                0x08004538                Reset_Handler
 .text.Default_Handler
                0x08004588        0x2 build/startup_stm32f407xx.o
                0x08004588                RTC_Alarm_IRQHandler
                0x08004588                HASH_RNG_IRQHandler
                0x08004588                EXTI2_IRQHandler
                0x08004588                TIM8_CC_IRQHandler
                0x08004588                TIM1_CC_IRQHandler
                0x08004588                DMA2_Stream5_IRQHandler
                0x08004588                DMA1_Stream5_IRQHandler
                0x08004588                PVD_IRQHandler
                0x08004588                SDIO_IRQHandler
                0x08004588                TAMP_STAMP_IRQHandler
                0x08004588                CAN2_RX1_IRQHandler
                0x08004588                EXTI3_IRQHandler
                0x08004588                TIM8_TRG_COM_TIM14_IRQHandler
                0x08004588                TIM1_UP_TIM10_IRQHandler
                0x08004588                TIM8_UP_TIM13_IRQHandler
                0x08004588                I2C3_ER_IRQHandler
                0x08004588                EXTI0_IRQHandler
                0x08004588                I2C2_EV_IRQHandler
                0x08004588                DMA1_Stream2_IRQHandler
                0x08004588                CAN1_RX0_IRQHandler
                0x08004588                FPU_IRQHandler
                0x08004588                OTG_HS_WKUP_IRQHandler
                0x08004588                CAN2_SCE_IRQHandler
                0x08004588                DMA2_Stream2_IRQHandler
                0x08004588                SPI1_IRQHandler
                0x08004588                TIM6_DAC_IRQHandler
                0x08004588                TIM1_BRK_TIM9_IRQHandler
                0x08004588                DCMI_IRQHandler
                0x08004588                CAN2_RX0_IRQHandler
                0x08004588                DMA2_Stream3_IRQHandler
                0x08004588                USART6_IRQHandler
                0x08004588                USART3_IRQHandler
                0x08004588                CAN1_RX1_IRQHandler
                0x08004588                UART5_IRQHandler
                0x08004588                DMA2_Stream0_IRQHandler
                0x08004588                TIM4_IRQHandler
                0x08004588                I2C1_EV_IRQHandler
                0x08004588                DMA1_Stream6_IRQHandler
                0x08004588                DMA1_Stream1_IRQHandler
                0x08004588                UART4_IRQHandler
                0x08004588                TIM3_IRQHandler
                0x08004588                RCC_IRQHandler
                0x08004588                TIM8_BRK_TIM12_IRQHandler
                0x08004588                Default_Handler
                0x08004588                EXTI15_10_IRQHandler
                0x08004588                ADC_IRQHandler
                0x08004588                DMA1_Stream7_IRQHandler
                0x08004588                TIM7_IRQHandler
                0x08004588                CAN2_TX_IRQHandler
                0x08004588                TIM5_IRQHandler
                0x08004588                DMA2_Stream7_IRQHandler
                0x08004588                I2C3_EV_IRQHandler
                0x08004588                EXTI9_5_IRQHandler
                0x08004588                RTC_WKUP_IRQHandler
                0x08004588                ETH_WKUP_IRQHandler
                0x08004588                SPI2_IRQHandler
                0x08004588                OTG_HS_EP1_IN_IRQHandler
                0x08004588                DMA1_Stream0_IRQHandler
                0x08004588                CAN1_TX_IRQHandler
                0x08004588                EXTI4_IRQHandler
                0x08004588                FSMC_IRQHandler
                0x08004588                ETH_IRQHandler
                0x08004588                OTG_HS_EP1_OUT_IRQHandler
                0x08004588                WWDG_IRQHandler
                0x08004588                TIM2_IRQHandler
                0x08004588                OTG_FS_WKUP_IRQHandler
                0x08004588                TIM1_TRG_COM_TIM11_IRQHandler
                0x08004588                OTG_HS_IRQHandler
                0x08004588                EXTI1_IRQHandler
                0x08004588                USART2_IRQHandler
                0x08004588                I2C2_ER_IRQHandler
                0x08004588                DMA2_Stream1_IRQHandler
                0x08004588                CAN1_SCE_IRQHandler
                0x08004588                FLASH_IRQHandler
                0x08004588                DMA2_Stream4_IRQHandler
                0x08004588                USART1_IRQHandler
                0x08004588                SPI3_IRQHandler
                0x08004588                DMA1_Stream4_IRQHandler
                0x08004588                I2C1_ER_IRQHandler
                0x08004588                DMA2_Stream6_IRQHandler
                0x08004588                DMA1_Stream3_IRQHandler
 *fill*         0x0800458a        0x2 
 .text.malloc   0x0800458c       0x10 C:/ST/STM32CubeCLT_1.18.0/GNU-tools-for-STM32/bin/../lib/gcc/arm-none-eabi/13.3.1/../../../../arm-none-eabi/lib/thumb/v7e-m+fp/hard\libc_nano.a(libc_a-malloc.o)
                0x0800458c                malloc
 .text.free     0x0800459c       0x10 C:/ST/STM32CubeCLT_1.18.0/GNU-tools-for-STM32/bin/../lib/gcc/arm-none-eabi/13.3.1/../../../../arm-none-eabi/lib/thumb/v7e-m+fp/hard\libc_nano.a(libc_a-malloc.o)
                0x0800459c                free
 .text.sbrk_aligned
                0x080045ac       0x44 C:/ST/STM32CubeCLT_1.18.0/GNU-tools-for-STM32/bin/../lib/gcc/arm-none-eabi/13.3.1/../../../../arm-none-eabi/lib/thumb/v7e-m+fp/hard\libc_nano.a(libc_a-mallocr.o)
 .text._malloc_r
                0x080045f0      0x100 C:/ST/STM32CubeCLT_1.18.0/GNU-tools-for-STM32/bin/../lib/gcc/arm-none-eabi/13.3.1/../../../../arm-none-eabi/lib/thumb/v7e-m+fp/hard\libc_nano.a(libc_a-mallocr.o)
                0x080045f0                _malloc_r
 .text.__malloc_lock
                0x080046f0        0xc C:/ST/STM32CubeCLT_1.18.0/GNU-tools-for-STM32/bin/../lib/gcc/arm-none-eabi/13.3.1/../../../../arm-none-eabi/lib/thumb/v7e-m+fp/hard\libc_nano.a(libc_a-mlock.o)
                0x080046f0                __malloc_lock
 .text.__malloc_unlock
                0x080046fc        0xc C:/ST/STM32CubeCLT_1.18.0/GNU-tools-for-STM32/bin/../lib/gcc/arm-none-eabi/13.3.1/../../../../arm-none-eabi/lib/thumb/v7e-m+fp/hard\libc_nano.a(libc_a-mlock.o)
                0x080046fc                __malloc_unlock
 .text.memset   0x08004708       0x10 C:/ST/STM32CubeCLT_1.18.0/GNU-tools-for-STM32/bin/../lib/gcc/arm-none-eabi/13.3.1/../../../../arm-none-eabi/lib/thumb/v7e-m+fp/hard\libc_nano.a(libc_a-memset.o)
                0x08004708                memset
 .text._sbrk_r  0x08004718       0x20 C:/ST/STM32CubeCLT_1.18.0/GNU-tools-for-STM32/bin/../lib/gcc/arm-none-eabi/13.3.1/../../../../arm-none-eabi/lib/thumb/v7e-m+fp/hard\libc_nano.a(libc_a-sbrkr.o)
                0x08004718                _sbrk_r
 .text.__libc_init_array
                0x08004738       0x48 C:/ST/STM32CubeCLT_1.18.0/GNU-tools-for-STM32/bin/../lib/gcc/arm-none-eabi/13.3.1/../../../../arm-none-eabi/lib/thumb/v7e-m+fp/hard\libc_nano.a(libc_a-init.o)
                0x08004738                __libc_init_array
 .text.__retarget_lock_acquire_recursive
                0x08004780        0x2 C:/ST/STM32CubeCLT_1.18.0/GNU-tools-for-STM32/bin/../lib/gcc/arm-none-eabi/13.3.1/../../../../arm-none-eabi/lib/thumb/v7e-m+fp/hard\libc_nano.a(libc_a-lock.o)
                0x08004780                __retarget_lock_acquire_recursive
 .text.__retarget_lock_release_recursive
                0x08004782        0x2 C:/ST/STM32CubeCLT_1.18.0/GNU-tools-for-STM32/bin/../lib/gcc/arm-none-eabi/13.3.1/../../../../arm-none-eabi/lib/thumb/v7e-m+fp/hard\libc_nano.a(libc_a-lock.o)
                0x08004782                __retarget_lock_release_recursive
 .text._free_r  0x08004784       0x94 C:/ST/STM32CubeCLT_1.18.0/GNU-tools-for-STM32/bin/../lib/gcc/arm-none-eabi/13.3.1/../../../../arm-none-eabi/lib/thumb/v7e-m+fp/hard\libc_nano.a(libc_a-freer.o)
                0x08004784                _free_r
 .text._sbrk    0x08004818       0x1c C:/ST/STM32CubeCLT_1.18.0/GNU-tools-for-STM32/bin/../lib/gcc/arm-none-eabi/13.3.1/../../../../arm-none-eabi/lib/thumb/v7e-m+fp/hard\libnosys.a(sbrk.o)
                0x08004818                _sbrk
 *(.glue_7)
 .glue_7        0x08004834        0x0 linker stubs
 *(.glue_7t)
 .glue_7t       0x08004834        0x0 linker stubs
 *(.eh_frame)
 .eh_frame      0x08004834        0x0 C:/ST/STM32CubeCLT_1.18.0/GNU-tools-for-STM32/bin/../lib/gcc/arm-none-eabi/13.3.1/thumb/v7e-m+fp/hard/crtbegin.o
 *(.init)
 .init          0x08004834        0x4 C:/ST/STM32CubeCLT_1.18.0/GNU-tools-for-STM32/bin/../lib/gcc/arm-none-eabi/13.3.1/thumb/v7e-m+fp/hard/crti.o
                0x08004834                _init
 .init          0x08004838        0x8 C:/ST/STM32CubeCLT_1.18.0/GNU-tools-for-STM32/bin/../lib/gcc/arm-none-eabi/13.3.1/thumb/v7e-m+fp/hard/crtn.o
 *(.fini)
 .fini          0x08004840        0x4 C:/ST/STM32CubeCLT_1.18.0/GNU-tools-for-STM32/bin/../lib/gcc/arm-none-eabi/13.3.1/thumb/v7e-m+fp/hard/crti.o
                0x08004840                _fini
 .fini          0x08004844        0x8 C:/ST/STM32CubeCLT_1.18.0/GNU-tools-for-STM32/bin/../lib/gcc/arm-none-eabi/13.3.1/thumb/v7e-m+fp/hard/crtn.o
                0x0800484c                        . = ALIGN (0x4)
                0x0800484c                        _etext = .

.vfp11_veneer   0x0800484c        0x0
 .vfp11_veneer  0x0800484c        0x0 linker stubs

.v4_bx          0x0800484c        0x0
 .v4_bx         0x0800484c        0x0 linker stubs

.iplt           0x0800484c        0x0
 .iplt          0x0800484c        0x0 C:/ST/STM32CubeCLT_1.18.0/GNU-tools-for-STM32/bin/../lib/gcc/arm-none-eabi/13.3.1/thumb/v7e-m+fp/hard/crtbegin.o

.rodata         0x0800484c       0x24
                0x0800484c                        . = ALIGN (0x4)
 *(.rodata)
 .rodata        0x0800484c        0x8 build/main.o
 *(.rodata*)
 .rodata.APBPrescTable
                0x08004854        0x8 build/system_stm32f4xx.o
                0x08004854                APBPrescTable
 .rodata.AHBPrescTable
                0x0800485c       0x10 build/system_stm32f4xx.o
                0x0800485c                AHBPrescTable
 .rodata.str1.4
                0x0800486c        0x4 build/usbh_cdc.o
                0x08004870                        . = ALIGN (0x4)

.ARM.extab      0x08004870        0x0
                0x08004870                        . = ALIGN (0x4)
 *(.ARM.extab* .gnu.linkonce.armextab.*)
                0x08004870                        . = ALIGN (0x4)

.ARM            0x08004870        0x8
                0x08004870                        . = ALIGN (0x4)
                0x08004870                        __exidx_start = .
 *(.ARM.exidx*)
 .ARM.exidx     0x08004870        0x8 C:/ST/STM32CubeCLT_1.18.0/GNU-tools-for-STM32/bin/../lib/gcc/arm-none-eabi/13.3.1/thumb/v7e-m+fp/hard\libgcc.a(_udivmoddi4.o)
                0x08004878                        __exidx_end = .
                0x08004878                        . = ALIGN (0x4)

.preinit_array  0x08004878        0x0
                0x08004878                        . = ALIGN (0x4)
                0x08004878                        PROVIDE (__preinit_array_start = .)
 *(.preinit_array*)
                0x08004878                        PROVIDE (__preinit_array_end = .)
                0x08004878                        . = ALIGN (0x4)

.init_array     0x08004878        0x4
                0x08004878                        . = ALIGN (0x4)
                0x08004878                        PROVIDE (__init_array_start = .)
 *(SORT_BY_NAME(.init_array.*))
 *(.init_array*)
 .init_array    0x08004878        0x4 C:/ST/STM32CubeCLT_1.18.0/GNU-tools-for-STM32/bin/../lib/gcc/arm-none-eabi/13.3.1/thumb/v7e-m+fp/hard/crtbegin.o
                0x0800487c                        PROVIDE (__init_array_end = .)
                0x0800487c                        . = ALIGN (0x4)

.fini_array     0x0800487c        0x4
                0x0800487c                        . = ALIGN (0x4)
                [!provide]                        PROVIDE (__fini_array_start = .)
 *(SORT_BY_NAME(.fini_array.*))
 *(.fini_array*)
 .fini_array    0x0800487c        0x4 C:/ST/STM32CubeCLT_1.18.0/GNU-tools-for-STM32/bin/../lib/gcc/arm-none-eabi/13.3.1/thumb/v7e-m+fp/hard/crtbegin.o
                [!provide]                        PROVIDE (__fini_array_end = .)
                0x08004880                        . = ALIGN (0x4)
                0x08004880                        _sidata = LOADADDR (.data)

.rel.dyn        0x08004880        0x0
 .rel.iplt      0x08004880        0x0 C:/ST/STM32CubeCLT_1.18.0/GNU-tools-for-STM32/bin/../lib/gcc/arm-none-eabi/13.3.1/thumb/v7e-m+fp/hard/crtbegin.o

.data           0x20000000       0x7c load address 0x08004880
                0x20000000                        . = ALIGN (0x4)
                0x20000000                        _sdata = .
 *(.data)
 *(.data*)
 .data.uwTickFreq
                0x20000000        0x1 build/stm32f4xx_hal.o
                0x20000000                uwTickFreq
 *fill*         0x20000001        0x3 
 .data.uwTickPrio
                0x20000004        0x4 build/stm32f4xx_hal.o
                0x20000004                uwTickPrio
 .data.SystemCoreClock
                0x20000008        0x4 build/system_stm32f4xx.o
                0x20000008                SystemCoreClock
 .data.CDC_Class
                0x2000000c       0x20 build/usbh_cdc.o
                0x2000000c                CDC_Class
 .data._impure_ptr
                0x2000002c        0x4 C:/ST/STM32CubeCLT_1.18.0/GNU-tools-for-STM32/bin/../lib/gcc/arm-none-eabi/13.3.1/../../../../arm-none-eabi/lib/thumb/v7e-m+fp/hard\libc_nano.a(libc_a-impure.o)
                0x2000002c                _impure_ptr
 .data._impure_data
                0x20000030       0x4c C:/ST/STM32CubeCLT_1.18.0/GNU-tools-for-STM32/bin/../lib/gcc/arm-none-eabi/13.3.1/../../../../arm-none-eabi/lib/thumb/v7e-m+fp/hard\libc_nano.a(libc_a-impure.o)
                0x20000030                _impure_data
 *(.RamFunc)
 *(.RamFunc*)
                0x2000007c                        . = ALIGN (0x4)
                0x2000007c                        _edata = .
                0x080048fc                        _siccmram = LOADADDR (.ccmram)

.igot.plt       0x2000007c        0x0 load address 0x080048fc
 .igot.plt      0x2000007c        0x0 C:/ST/STM32CubeCLT_1.18.0/GNU-tools-for-STM32/bin/../lib/gcc/arm-none-eabi/13.3.1/thumb/v7e-m+fp/hard/crtbegin.o

.ccmram         0x10000000        0x0 load address 0x080048fc
                0x10000000                        . = ALIGN (0x4)
                0x10000000                        _sccmram = .
 *(.ccmram)
 *(.ccmram*)
                0x10000000                        . = ALIGN (0x4)
                0x10000000                        _eccmram = .
                0x10000000                        . = ALIGN (0x4)

.bss            0x2000007c      0xa1c
                0x2000007c                        _sbss = .
                0x2000007c                        __bss_start__ = _sbss
 *(.bss)
 .bss           0x2000007c       0x1c C:/ST/STM32CubeCLT_1.18.0/GNU-tools-for-STM32/bin/../lib/gcc/arm-none-eabi/13.3.1/thumb/v7e-m+fp/hard/crtbegin.o
 *(.bss*)
 .bss.hspi1     0x20000098       0x58 build/main.o
                0x20000098                hspi1
 .bss.hi2s3     0x200000f0       0x48 build/main.o
                0x200000f0                hi2s3
 .bss.hi2c1     0x20000138       0x54 build/main.o
                0x20000138                hi2c1
 .bss.Appli_state
                0x2000018c        0x1 build/usb_host.o
                0x2000018c                Appli_state
 *fill*         0x2000018d        0x3 
 .bss.uwTick    0x20000190        0x4 build/stm32f4xx_hal.o
                0x20000190                uwTick
 .bss.__malloc_sbrk_start
                0x20000194        0x4 C:/ST/STM32CubeCLT_1.18.0/GNU-tools-for-STM32/bin/../lib/gcc/arm-none-eabi/13.3.1/../../../../arm-none-eabi/lib/thumb/v7e-m+fp/hard\libc_nano.a(libc_a-mallocr.o)
                0x20000194                __malloc_sbrk_start
 .bss.__malloc_free_list
                0x20000198        0x4 C:/ST/STM32CubeCLT_1.18.0/GNU-tools-for-STM32/bin/../lib/gcc/arm-none-eabi/13.3.1/../../../../arm-none-eabi/lib/thumb/v7e-m+fp/hard\libc_nano.a(libc_a-mallocr.o)
                0x20000198                __malloc_free_list
 .bss.__sf      0x2000019c      0x138 C:/ST/STM32CubeCLT_1.18.0/GNU-tools-for-STM32/bin/../lib/gcc/arm-none-eabi/13.3.1/../../../../arm-none-eabi/lib/thumb/v7e-m+fp/hard\libc_nano.a(libc_a-findfp.o)
                0x2000019c                __sf
 .bss.errno     0x200002d4        0x4 C:/ST/STM32CubeCLT_1.18.0/GNU-tools-for-STM32/bin/../lib/gcc/arm-none-eabi/13.3.1/../../../../arm-none-eabi/lib/thumb/v7e-m+fp/hard\libc_nano.a(libc_a-reent.o)
                0x200002d4                errno
 .bss.__lock___malloc_recursive_mutex
                0x200002d8        0x1 C:/ST/STM32CubeCLT_1.18.0/GNU-tools-for-STM32/bin/../lib/gcc/arm-none-eabi/13.3.1/../../../../arm-none-eabi/lib/thumb/v7e-m+fp/hard\libc_nano.a(libc_a-lock.o)
                0x200002d8                __lock___malloc_recursive_mutex
 *fill*         0x200002d9        0x3 
 .bss.heap_end.0
                0x200002dc        0x4 C:/ST/STM32CubeCLT_1.18.0/GNU-tools-for-STM32/bin/../lib/gcc/arm-none-eabi/13.3.1/../../../../arm-none-eabi/lib/thumb/v7e-m+fp/hard\libnosys.a(sbrk.o)
 *(COMMON)
 COMMON         0x200002e0      0x3d8 build/usb_host.o
                0x200002e0                hUsbHostFS
 COMMON         0x200006b8      0x3e0 build/usbh_conf.o
                0x200006b8                hhcd_USB_OTG_FS
                0x20000a98                        . = ALIGN (0x4)
                0x20000a98                        _ebss = .
                0x20000a98                        __bss_end__ = _ebss

._user_heap_stack
                0x20000a98      0x600
                0x20000a98                        . = ALIGN (0x8)
                0x20000a98                        PROVIDE (end = .)
                [!provide]                        PROVIDE (_end = .)
                0x20000c98                        . = (. + _Min_Heap_Size)
 *fill*         0x20000a98      0x200 
                0x20001098                        . = (. + _Min_Stack_Size)
 *fill*         0x20000c98      0x400 
                0x20001098                        . = ALIGN (0x8)

/DISCARD/
 libc.a(*)
 libm.a(*)
 libgcc.a(*)
OUTPUT(build/blinky-test.elf elf32-littlearm)
LOAD linker stubs
LOAD C:/ST/STM32CubeCLT_1.18.0/GNU-tools-for-STM32/bin/../lib/gcc/arm-none-eabi/13.3.1/../../../../arm-none-eabi/lib/thumb/v7e-m+fp/hard\libc.a
LOAD C:/ST/STM32CubeCLT_1.18.0/GNU-tools-for-STM32/bin/../lib/gcc/arm-none-eabi/13.3.1/../../../../arm-none-eabi/lib/thumb/v7e-m+fp/hard\libm.a
LOAD C:/ST/STM32CubeCLT_1.18.0/GNU-tools-for-STM32/bin/../lib/gcc/arm-none-eabi/13.3.1/thumb/v7e-m+fp/hard\libgcc.a

.ARM.attributes
                0x00000000       0x30
 .ARM.attributes
                0x00000000       0x22 C:/ST/STM32CubeCLT_1.18.0/GNU-tools-for-STM32/bin/../lib/gcc/arm-none-eabi/13.3.1/thumb/v7e-m+fp/hard/crti.o
 .ARM.attributes
                0x00000022       0x34 C:/ST/STM32CubeCLT_1.18.0/GNU-tools-for-STM32/bin/../lib/gcc/arm-none-eabi/13.3.1/thumb/v7e-m+fp/hard/crtbegin.o
 .ARM.attributes
                0x00000056       0x34 build/main.o
 .ARM.attributes
                0x0000008a       0x34 build/usb_host.o
 .ARM.attributes
                0x000000be       0x34 build/usbh_conf.o
 .ARM.attributes
                0x000000f2       0x34 build/usbh_platform.o
 .ARM.attributes
                0x00000126       0x34 build/stm32f4xx_it.o
 .ARM.attributes
                0x0000015a       0x34 build/stm32f4xx_hal_msp.o
 .ARM.attributes
                0x0000018e       0x34 build/stm32f4xx_hal_hcd.o
 .ARM.attributes
                0x000001c2       0x34 build/stm32f4xx_ll_usb.o
 .ARM.attributes
                0x000001f6       0x34 build/stm32f4xx_hal_rcc.o
 .ARM.attributes
                0x0000022a       0x34 build/stm32f4xx_hal_rcc_ex.o
 .ARM.attributes
                0x0000025e       0x34 build/stm32f4xx_hal_gpio.o
 .ARM.attributes
                0x00000292       0x34 build/stm32f4xx_hal_cortex.o
 .ARM.attributes
                0x000002c6       0x34 build/stm32f4xx_hal.o
 .ARM.attributes
                0x000002fa       0x34 build/stm32f4xx_hal_i2c.o
 .ARM.attributes
                0x0000032e       0x34 build/stm32f4xx_hal_i2s.o
 .ARM.attributes
                0x00000362       0x34 build/stm32f4xx_hal_i2s_ex.o
 .ARM.attributes
                0x00000396       0x34 build/stm32f4xx_hal_spi.o
 .ARM.attributes
                0x000003ca       0x34 build/system_stm32f4xx.o
 .ARM.attributes
                0x000003fe       0x34 build/usbh_core.o
 .ARM.attributes
                0x00000432       0x34 build/usbh_ctlreq.o
 .ARM.attributes
                0x00000466       0x34 build/usbh_ioreq.o
 .ARM.attributes
                0x0000049a       0x34 build/usbh_pipes.o
 .ARM.attributes
                0x000004ce       0x34 build/usbh_cdc.o
 .ARM.attributes
                0x00000502       0x21 build/startup_stm32f407xx.o
 .ARM.attributes
                0x00000523       0x34 C:/ST/STM32CubeCLT_1.18.0/GNU-tools-for-STM32/bin/../lib/gcc/arm-none-eabi/13.3.1/../../../../arm-none-eabi/lib/thumb/v7e-m+fp/hard\libc_nano.a(libc_a-malloc.o)
 .ARM.attributes
                0x00000557       0x34 C:/ST/STM32CubeCLT_1.18.0/GNU-tools-for-STM32/bin/../lib/gcc/arm-none-eabi/13.3.1/../../../../arm-none-eabi/lib/thumb/v7e-m+fp/hard\libc_nano.a(libc_a-mallocr.o)
 .ARM.attributes
                0x0000058b       0x34 C:/ST/STM32CubeCLT_1.18.0/GNU-tools-for-STM32/bin/../lib/gcc/arm-none-eabi/13.3.1/../../../../arm-none-eabi/lib/thumb/v7e-m+fp/hard\libc_nano.a(libc_a-mlock.o)
 .ARM.attributes
                0x000005bf       0x34 C:/ST/STM32CubeCLT_1.18.0/GNU-tools-for-STM32/bin/../lib/gcc/arm-none-eabi/13.3.1/../../../../arm-none-eabi/lib/thumb/v7e-m+fp/hard\libc_nano.a(libc_a-findfp.o)
 .ARM.attributes
                0x000005f3       0x34 C:/ST/STM32CubeCLT_1.18.0/GNU-tools-for-STM32/bin/../lib/gcc/arm-none-eabi/13.3.1/../../../../arm-none-eabi/lib/thumb/v7e-m+fp/hard\libc_nano.a(libc_a-memset.o)
 .ARM.attributes
                0x00000627       0x34 C:/ST/STM32CubeCLT_1.18.0/GNU-tools-for-STM32/bin/../lib/gcc/arm-none-eabi/13.3.1/../../../../arm-none-eabi/lib/thumb/v7e-m+fp/hard\libc_nano.a(libc_a-reent.o)
 .ARM.attributes
                0x0000065b       0x34 C:/ST/STM32CubeCLT_1.18.0/GNU-tools-for-STM32/bin/../lib/gcc/arm-none-eabi/13.3.1/../../../../arm-none-eabi/lib/thumb/v7e-m+fp/hard\libc_nano.a(libc_a-impure.o)
 .ARM.attributes
                0x0000068f       0x34 C:/ST/STM32CubeCLT_1.18.0/GNU-tools-for-STM32/bin/../lib/gcc/arm-none-eabi/13.3.1/../../../../arm-none-eabi/lib/thumb/v7e-m+fp/hard\libc_nano.a(libc_a-sbrkr.o)
 .ARM.attributes
                0x000006c3       0x34 C:/ST/STM32CubeCLT_1.18.0/GNU-tools-for-STM32/bin/../lib/gcc/arm-none-eabi/13.3.1/../../../../arm-none-eabi/lib/thumb/v7e-m+fp/hard\libc_nano.a(libc_a-init.o)
 .ARM.attributes
                0x000006f7       0x34 C:/ST/STM32CubeCLT_1.18.0/GNU-tools-for-STM32/bin/../lib/gcc/arm-none-eabi/13.3.1/../../../../arm-none-eabi/lib/thumb/v7e-m+fp/hard\libc_nano.a(libc_a-lock.o)
 .ARM.attributes
                0x0000072b       0x34 C:/ST/STM32CubeCLT_1.18.0/GNU-tools-for-STM32/bin/../lib/gcc/arm-none-eabi/13.3.1/../../../../arm-none-eabi/lib/thumb/v7e-m+fp/hard\libc_nano.a(libc_a-freer.o)
 .ARM.attributes
                0x0000075f       0x34 C:/ST/STM32CubeCLT_1.18.0/GNU-tools-for-STM32/bin/../lib/gcc/arm-none-eabi/13.3.1/../../../../arm-none-eabi/lib/thumb/v7e-m+fp/hard\libnosys.a(sbrk.o)
 .ARM.attributes
                0x00000793       0x22 C:/ST/STM32CubeCLT_1.18.0/GNU-tools-for-STM32/bin/../lib/gcc/arm-none-eabi/13.3.1/thumb/v7e-m+fp/hard\libgcc.a(_aeabi_uldivmod.o)
 .ARM.attributes
                0x000007b5       0x34 C:/ST/STM32CubeCLT_1.18.0/GNU-tools-for-STM32/bin/../lib/gcc/arm-none-eabi/13.3.1/thumb/v7e-m+fp/hard\libgcc.a(_udivmoddi4.o)
 .ARM.attributes
                0x000007e9       0x22 C:/ST/STM32CubeCLT_1.18.0/GNU-tools-for-STM32/bin/../lib/gcc/arm-none-eabi/13.3.1/thumb/v7e-m+fp/hard\libgcc.a(_dvmd_tls.o)
 .ARM.attributes
                0x0000080b       0x22 C:/ST/STM32CubeCLT_1.18.0/GNU-tools-for-STM32/bin/../lib/gcc/arm-none-eabi/13.3.1/thumb/v7e-m+fp/hard/crtn.o

.comment        0x00000000       0x9c
 .comment       0x00000000       0x9c build/main.o
                                 0x44 (size before relaxing)
 .comment       0x0000009c       0x5a build/usb_host.o
 .comment       0x0000009c       0x5a build/usbh_conf.o
 .comment       0x0000009c       0x5a build/usbh_platform.o
 .comment       0x0000009c       0x5a build/stm32f4xx_it.o
 .comment       0x0000009c       0x5a build/stm32f4xx_hal_msp.o
 .comment       0x0000009c       0x5a build/stm32f4xx_hal_hcd.o
 .comment       0x0000009c       0x44 build/stm32f4xx_ll_usb.o
 .comment       0x0000009c       0x44 build/stm32f4xx_hal_rcc.o
 .comment       0x0000009c       0x44 build/stm32f4xx_hal_rcc_ex.o
 .comment       0x0000009c       0x44 build/stm32f4xx_hal_gpio.o
 .comment       0x0000009c       0x44 build/stm32f4xx_hal_cortex.o
 .comment       0x0000009c       0x44 build/stm32f4xx_hal.o
 .comment       0x0000009c       0x44 build/stm32f4xx_hal_i2c.o
 .comment       0x0000009c       0x44 build/stm32f4xx_hal_i2s.o
 .comment       0x0000009c       0x44 build/stm32f4xx_hal_i2s_ex.o
 .comment       0x0000009c       0x44 build/stm32f4xx_hal_spi.o
 .comment       0x0000009c       0x44 build/system_stm32f4xx.o
 .comment       0x0000009c       0x44 build/usbh_core.o
 .comment       0x0000009c       0x44 build/usbh_ctlreq.o
 .comment       0x0000009c       0x44 build/usbh_ioreq.o
 .comment       0x0000009c       0x44 build/usbh_pipes.o
 .comment       0x0000009c       0x44 build/usbh_cdc.o

.debug_info     0x00000000    0x1d687
 .debug_info    0x00000000     0x16d4 build/main.o
 .debug_info    0x000016d4     0x15f4 build/usb_host.o
 .debug_info    0x00002cc8     0x2c1a build/usbh_conf.o
 .debug_info    0x000058e2      0x2c4 build/usbh_platform.o
 .debug_info    0x00005ba6      0x858 build/stm32f4xx_it.o
 .debug_info    0x000063fe     0x13a7 build/stm32f4xx_hal_msp.o
 .debug_info    0x000077a5     0x1a87 build/stm32f4xx_hal_hcd.o
 .debug_info    0x0000922c     0x2202 build/stm32f4xx_ll_usb.o
 .debug_info    0x0000b42e      0xc0a build/stm32f4xx_hal_rcc.o
 .debug_info    0x0000c038      0x700 build/stm32f4xx_hal_rcc_ex.o
 .debug_info    0x0000c738      0x848 build/stm32f4xx_hal_gpio.o
 .debug_info    0x0000cf80     0x11e0 build/stm32f4xx_hal_cortex.o
 .debug_info    0x0000e160      0xafa build/stm32f4xx_hal.o
 .debug_info    0x0000ec5a     0x3c10 build/stm32f4xx_hal_i2c.o
 .debug_info    0x0001286a     0x130f build/stm32f4xx_hal_i2s.o
 .debug_info    0x00013b79      0xeb7 build/stm32f4xx_hal_i2s_ex.o
 .debug_info    0x00014a30     0x1f80 build/stm32f4xx_hal_spi.o
 .debug_info    0x000169b0      0x5b3 build/system_stm32f4xx.o
 .debug_info    0x00016f63     0x180f build/usbh_core.o
 .debug_info    0x00018772     0x15f6 build/usbh_ctlreq.o
 .debug_info    0x00019d68     0x110c build/usbh_ioreq.o
 .debug_info    0x0001ae74      0xcd2 build/usbh_pipes.o
 .debug_info    0x0001bb46     0x1b11 build/usbh_cdc.o
 .debug_info    0x0001d657       0x30 build/startup_stm32f407xx.o

.debug_abbrev   0x00000000     0x3d7c
 .debug_abbrev  0x00000000      0x2d0 build/main.o
 .debug_abbrev  0x000002d0      0x2d3 build/usb_host.o
 .debug_abbrev  0x000005a3      0x3f4 build/usbh_conf.o
 .debug_abbrev  0x00000997      0x14c build/usbh_platform.o
 .debug_abbrev  0x00000ae3      0x196 build/stm32f4xx_it.o
 .debug_abbrev  0x00000c79      0x223 build/stm32f4xx_hal_msp.o
 .debug_abbrev  0x00000e9c      0x2e5 build/stm32f4xx_hal_hcd.o
 .debug_abbrev  0x00001181      0x344 build/stm32f4xx_ll_usb.o
 .debug_abbrev  0x000014c5      0x2de build/stm32f4xx_hal_rcc.o
 .debug_abbrev  0x000017a3      0x1dc build/stm32f4xx_hal_rcc_ex.o
 .debug_abbrev  0x0000197f      0x22b build/stm32f4xx_hal_gpio.o
 .debug_abbrev  0x00001baa      0x3ca build/stm32f4xx_hal_cortex.o
 .debug_abbrev  0x00001f74      0x244 build/stm32f4xx_hal.o
 .debug_abbrev  0x000021b8      0x328 build/stm32f4xx_hal_i2c.o
 .debug_abbrev  0x000024e0      0x2a9 build/stm32f4xx_hal_i2s.o
 .debug_abbrev  0x00002789      0x2c8 build/stm32f4xx_hal_i2s_ex.o
 .debug_abbrev  0x00002a51      0x2be build/stm32f4xx_hal_spi.o
 .debug_abbrev  0x00002d0f      0x11b build/system_stm32f4xx.o
 .debug_abbrev  0x00002e2a      0x383 build/usbh_core.o
 .debug_abbrev  0x000031ad      0x353 build/usbh_ctlreq.o
 .debug_abbrev  0x00003500      0x23d build/usbh_ioreq.o
 .debug_abbrev  0x0000373d      0x2a3 build/usbh_pipes.o
 .debug_abbrev  0x000039e0      0x37f build/usbh_cdc.o
 .debug_abbrev  0x00003d5f       0x1d build/startup_stm32f407xx.o

.debug_loc      0x00000000    0x13b29
 .debug_loc     0x00000000      0x179 build/main.o
 .debug_loc     0x00000179       0x40 build/usb_host.o
 .debug_loc     0x000001b9      0xba7 build/usbh_conf.o
 .debug_loc     0x00000d60       0x67 build/usbh_platform.o
 .debug_loc     0x00000dc7       0x40 build/stm32f4xx_it.o
 .debug_loc     0x00000e07      0x2d5 build/stm32f4xx_hal_msp.o
 .debug_loc     0x000010dc      0xfbd build/stm32f4xx_hal_hcd.o
 .debug_loc     0x00002099     0x2ac8 build/stm32f4xx_ll_usb.o
 .debug_loc     0x00004b61      0x720 build/stm32f4xx_hal_rcc.o
 .debug_loc     0x00005281      0x46e build/stm32f4xx_hal_rcc_ex.o
 .debug_loc     0x000056ef      0x60b build/stm32f4xx_hal_gpio.o
 .debug_loc     0x00005cfa      0x8ff build/stm32f4xx_hal_cortex.o
 .debug_loc     0x000065f9      0x1f9 build/stm32f4xx_hal.o
 .debug_loc     0x000067f2     0x54cf build/stm32f4xx_hal_i2c.o
 .debug_loc     0x0000bcc1     0x14f7 build/stm32f4xx_hal_i2s.o
 .debug_loc     0x0000d1b8      0xb9b build/stm32f4xx_hal_i2s_ex.o
 .debug_loc     0x0000dd53     0x261f build/stm32f4xx_hal_spi.o
 .debug_loc     0x00010372      0x181 build/system_stm32f4xx.o
 .debug_loc     0x000104f3      0xb48 build/usbh_core.o
 .debug_loc     0x0001103b     0x15a4 build/usbh_ctlreq.o
 .debug_loc     0x000125df      0x8bb build/usbh_ioreq.o
 .debug_loc     0x00012e9a      0x2f2 build/usbh_pipes.o
 .debug_loc     0x0001318c      0x99d build/usbh_cdc.o

.debug_aranges  0x00000000     0x10f0
 .debug_aranges
                0x00000000       0x58 build/main.o
 .debug_aranges
                0x00000058       0x30 build/usb_host.o
 .debug_aranges
                0x00000088       0xd8 build/usbh_conf.o
 .debug_aranges
                0x00000160       0x20 build/usbh_platform.o
 .debug_aranges
                0x00000180       0x68 build/stm32f4xx_it.o
 .debug_aranges
                0x000001e8       0x50 build/stm32f4xx_hal_msp.o
 .debug_aranges
                0x00000238      0x108 build/stm32f4xx_hal_hcd.o
 .debug_aranges
                0x00000340      0x1a0 build/stm32f4xx_ll_usb.o
 .debug_aranges
                0x000004e0       0x88 build/stm32f4xx_hal_rcc.o
 .debug_aranges
                0x00000568       0x48 build/stm32f4xx_hal_rcc_ex.o
 .debug_aranges
                0x000005b0       0x58 build/stm32f4xx_hal_gpio.o
 .debug_aranges
                0x00000608       0xf8 build/stm32f4xx_hal_cortex.o
 .debug_aranges
                0x00000700       0xf0 build/stm32f4xx_hal.o
 .debug_aranges
                0x000007f0      0x2a8 build/stm32f4xx_hal_i2c.o
 .debug_aranges
                0x00000a98      0x108 build/stm32f4xx_hal_i2s.o
 .debug_aranges
                0x00000ba0       0x88 build/stm32f4xx_hal_i2s_ex.o
 .debug_aranges
                0x00000c28      0x1d0 build/stm32f4xx_hal_spi.o
 .debug_aranges
                0x00000df8       0x28 build/system_stm32f4xx.o
 .debug_aranges
                0x00000e20       0xc0 build/usbh_core.o
 .debug_aranges
                0x00000ee0       0xa0 build/usbh_ctlreq.o
 .debug_aranges
                0x00000f80       0x60 build/usbh_ioreq.o
 .debug_aranges
                0x00000fe0       0x40 build/usbh_pipes.o
 .debug_aranges
                0x00001020       0xa8 build/usbh_cdc.o
 .debug_aranges
                0x000010c8       0x28 build/startup_stm32f407xx.o

.debug_ranges   0x00000000     0x1008
 .debug_ranges  0x00000000       0x60 build/main.o
 .debug_ranges  0x00000060       0x20 build/usb_host.o
 .debug_ranges  0x00000080       0xc8 build/usbh_conf.o
 .debug_ranges  0x00000148       0x10 build/usbh_platform.o
 .debug_ranges  0x00000158       0x58 build/stm32f4xx_it.o
 .debug_ranges  0x000001b0       0x40 build/stm32f4xx_hal_msp.o
 .debug_ranges  0x000001f0       0xf8 build/stm32f4xx_hal_hcd.o
 .debug_ranges  0x000002e8      0x190 build/stm32f4xx_ll_usb.o
 .debug_ranges  0x00000478       0x90 build/stm32f4xx_hal_rcc.o
 .debug_ranges  0x00000508       0x38 build/stm32f4xx_hal_rcc_ex.o
 .debug_ranges  0x00000540       0x48 build/stm32f4xx_hal_gpio.o
 .debug_ranges  0x00000588       0xe8 build/stm32f4xx_hal_cortex.o
 .debug_ranges  0x00000670       0xe0 build/stm32f4xx_hal.o
 .debug_ranges  0x00000750      0x2b0 build/stm32f4xx_hal_i2c.o
 .debug_ranges  0x00000a00      0x128 build/stm32f4xx_hal_i2s.o
 .debug_ranges  0x00000b28       0x90 build/stm32f4xx_hal_i2s_ex.o
 .debug_ranges  0x00000bb8      0x1c0 build/stm32f4xx_hal_spi.o
 .debug_ranges  0x00000d78       0x18 build/system_stm32f4xx.o
 .debug_ranges  0x00000d90       0xb0 build/usbh_core.o
 .debug_ranges  0x00000e40       0x90 build/usbh_ctlreq.o
 .debug_ranges  0x00000ed0       0x50 build/usbh_ioreq.o
 .debug_ranges  0x00000f20       0x30 build/usbh_pipes.o
 .debug_ranges  0x00000f50       0x98 build/usbh_cdc.o
 .debug_ranges  0x00000fe8       0x20 build/startup_stm32f407xx.o

.debug_line     0x00000000    0x1447d
 .debug_line    0x00000000      0x6d8 build/main.o
 .debug_line    0x000006d8      0x2b5 build/usb_host.o
 .debug_line    0x0000098d      0x73e build/usbh_conf.o
 .debug_line    0x000010cb      0x152 build/usbh_platform.o
 .debug_line    0x0000121d      0x27b build/stm32f4xx_it.o
 .debug_line    0x00001498      0x439 build/stm32f4xx_hal_msp.o
 .debug_line    0x000018d1     0x14d9 build/stm32f4xx_hal_hcd.o
 .debug_line    0x00002daa     0x1fb2 build/stm32f4xx_ll_usb.o
 .debug_line    0x00004d5c      0xc18 build/stm32f4xx_hal_rcc.o
 .debug_line    0x00005974      0x6a0 build/stm32f4xx_hal_rcc_ex.o
 .debug_line    0x00006014      0x74f build/stm32f4xx_hal_gpio.o
 .debug_line    0x00006763      0x884 build/stm32f4xx_hal_cortex.o
 .debug_line    0x00006fe7      0x5c1 build/stm32f4xx_hal.o
 .debug_line    0x000075a8     0x54cb build/stm32f4xx_hal_i2c.o
 .debug_line    0x0000ca73     0x1442 build/stm32f4xx_hal_i2s.o
 .debug_line    0x0000deb5     0x1057 build/stm32f4xx_hal_i2s_ex.o
 .debug_line    0x0000ef0c     0x24c1 build/stm32f4xx_hal_spi.o
 .debug_line    0x000113cd      0x2a3 build/system_stm32f4xx.o
 .debug_line    0x00011670      0xf1d build/usbh_core.o
 .debug_line    0x0001258d      0xd7a build/usbh_ctlreq.o
 .debug_line    0x00013307      0x333 build/usbh_ioreq.o
 .debug_line    0x0001363a      0x2bd build/usbh_pipes.o
 .debug_line    0x000138f7      0xb13 build/usbh_cdc.o
 .debug_line    0x0001440a       0x73 build/startup_stm32f407xx.o

.debug_str      0x00000000     0x5bb9
 .debug_str     0x00000000     0x5bb9 build/main.o
                                0xdbb (size before relaxing)
 .debug_str     0x00005bb9      0xf6f build/usb_host.o
 .debug_str     0x00005bb9     0x1e9d build/usbh_conf.o
 .debug_str     0x00005bb9      0x314 build/usbh_platform.o
 .debug_str     0x00005bb9      0x7ba build/stm32f4xx_it.o
 .debug_str     0x00005bb9      0xd6a build/stm32f4xx_hal_msp.o
 .debug_str     0x00005bb9      0xcfb build/stm32f4xx_hal_hcd.o
 .debug_str     0x00005bb9      0xd1e build/stm32f4xx_ll_usb.o
 .debug_str     0x00005bb9      0x6f6 build/stm32f4xx_hal_rcc.o
 .debug_str     0x00005bb9      0x4b7 build/stm32f4xx_hal_rcc_ex.o
 .debug_str     0x00005bb9      0x4d0 build/stm32f4xx_hal_gpio.o
 .debug_str     0x00005bb9      0xc65 build/stm32f4xx_hal_cortex.o
 .debug_str     0x00005bb9      0xb54 build/stm32f4xx_hal.o
 .debug_str     0x00005bb9     0x102d build/stm32f4xx_hal_i2c.o
 .debug_str     0x00005bb9      0x940 build/stm32f4xx_hal_i2s.o
 .debug_str     0x00005bb9      0x851 build/stm32f4xx_hal_i2s_ex.o
 .debug_str     0x00005bb9      0xbe4 build/stm32f4xx_hal_spi.o
 .debug_str     0x00005bb9      0x360 build/system_stm32f4xx.o
 .debug_str     0x00005bb9      0xd0b build/usbh_core.o
 .debug_str     0x00005bb9      0xcde build/usbh_ctlreq.o
 .debug_str     0x00005bb9      0xae3 build/usbh_ioreq.o
 .debug_str     0x00005bb9      0xa79 build/usbh_pipes.o
 .debug_str     0x00005bb9     0x115d build/usbh_cdc.o
 .debug_str     0x00005bb9       0x72 build/startup_stm32f407xx.o

.debug_frame    0x00000000     0x3324
 .debug_frame   0x00000000       0xec build/main.o
 .debug_frame   0x000000ec       0x50 build/usb_host.o
 .debug_frame   0x0000013c      0x24c build/usbh_conf.o
 .debug_frame   0x00000388       0x28 build/usbh_platform.o
 .debug_frame   0x000003b0       0xc0 build/stm32f4xx_it.o
 .debug_frame   0x00000470       0xdc build/stm32f4xx_hal_msp.o
 .debug_frame   0x0000054c      0x2e0 build/stm32f4xx_hal_hcd.o
 .debug_frame   0x0000082c      0x494 build/stm32f4xx_ll_usb.o
 .debug_frame   0x00000cc0      0x16c build/stm32f4xx_hal_rcc.o
 .debug_frame   0x00000e2c       0xa4 build/stm32f4xx_hal_rcc_ex.o
 .debug_frame   0x00000ed0       0xd8 build/stm32f4xx_hal_gpio.o
 .debug_frame   0x00000fa8      0x214 build/stm32f4xx_hal_cortex.o
 .debug_frame   0x000011bc      0x1ec build/stm32f4xx_hal.o
 .debug_frame   0x000013a8      0x988 build/stm32f4xx_hal_i2c.o
 .debug_frame   0x00001d30      0x334 build/stm32f4xx_hal_i2s.o
 .debug_frame   0x00002064      0x184 build/stm32f4xx_hal_i2s_ex.o
 .debug_frame   0x000021e8      0x5c8 build/stm32f4xx_hal_spi.o
 .debug_frame   0x000027b0       0x30 build/system_stm32f4xx.o
 .debug_frame   0x000027e0      0x1f4 build/usbh_core.o
 .debug_frame   0x000029d4      0x1e0 build/usbh_ctlreq.o
 .debug_frame   0x00002bb4      0x130 build/usbh_ioreq.o
 .debug_frame   0x00002ce4       0x84 build/usbh_pipes.o
 .debug_frame   0x00002d68      0x1b0 build/usbh_cdc.o
 .debug_frame   0x00002f18       0x30 C:/ST/STM32CubeCLT_1.18.0/GNU-tools-for-STM32/bin/../lib/gcc/arm-none-eabi/13.3.1/../../../../arm-none-eabi/lib/thumb/v7e-m+fp/hard\libc_nano.a(libc_a-malloc.o)
 .debug_frame   0x00002f48       0x50 C:/ST/STM32CubeCLT_1.18.0/GNU-tools-for-STM32/bin/../lib/gcc/arm-none-eabi/13.3.1/../../../../arm-none-eabi/lib/thumb/v7e-m+fp/hard\libc_nano.a(libc_a-mallocr.o)
 .debug_frame   0x00002f98       0x30 C:/ST/STM32CubeCLT_1.18.0/GNU-tools-for-STM32/bin/../lib/gcc/arm-none-eabi/13.3.1/../../../../arm-none-eabi/lib/thumb/v7e-m+fp/hard\libc_nano.a(libc_a-mlock.o)
 .debug_frame   0x00002fc8      0x144 C:/ST/STM32CubeCLT_1.18.0/GNU-tools-for-STM32/bin/../lib/gcc/arm-none-eabi/13.3.1/../../../../arm-none-eabi/lib/thumb/v7e-m+fp/hard\libc_nano.a(libc_a-findfp.o)
 .debug_frame   0x0000310c       0x20 C:/ST/STM32CubeCLT_1.18.0/GNU-tools-for-STM32/bin/../lib/gcc/arm-none-eabi/13.3.1/../../../../arm-none-eabi/lib/thumb/v7e-m+fp/hard\libc_nano.a(libc_a-memset.o)
 .debug_frame   0x0000312c       0x38 C:/ST/STM32CubeCLT_1.18.0/GNU-tools-for-STM32/bin/../lib/gcc/arm-none-eabi/13.3.1/../../../../arm-none-eabi/lib/thumb/v7e-m+fp/hard\libc_nano.a(libc_a-reent.o)
 .debug_frame   0x00003164       0x2c C:/ST/STM32CubeCLT_1.18.0/GNU-tools-for-STM32/bin/../lib/gcc/arm-none-eabi/13.3.1/../../../../arm-none-eabi/lib/thumb/v7e-m+fp/hard\libc_nano.a(libc_a-sbrkr.o)
 .debug_frame   0x00003190       0x2c C:/ST/STM32CubeCLT_1.18.0/GNU-tools-for-STM32/bin/../lib/gcc/arm-none-eabi/13.3.1/../../../../arm-none-eabi/lib/thumb/v7e-m+fp/hard\libc_nano.a(libc_a-init.o)
 .debug_frame   0x000031bc       0xb0 C:/ST/STM32CubeCLT_1.18.0/GNU-tools-for-STM32/bin/../lib/gcc/arm-none-eabi/13.3.1/../../../../arm-none-eabi/lib/thumb/v7e-m+fp/hard\libc_nano.a(libc_a-lock.o)
 .debug_frame   0x0000326c       0x38 C:/ST/STM32CubeCLT_1.18.0/GNU-tools-for-STM32/bin/../lib/gcc/arm-none-eabi/13.3.1/../../../../arm-none-eabi/lib/thumb/v7e-m+fp/hard\libc_nano.a(libc_a-freer.o)
 .debug_frame   0x000032a4       0x20 C:/ST/STM32CubeCLT_1.18.0/GNU-tools-for-STM32/bin/../lib/gcc/arm-none-eabi/13.3.1/../../../../arm-none-eabi/lib/thumb/v7e-m+fp/hard\libnosys.a(sbrk.o)
 .debug_frame   0x000032c4       0x2c C:/ST/STM32CubeCLT_1.18.0/GNU-tools-for-STM32/bin/../lib/gcc/arm-none-eabi/13.3.1/thumb/v7e-m+fp/hard\libgcc.a(_aeabi_uldivmod.o)
 .debug_frame   0x000032f0       0x34 C:/ST/STM32CubeCLT_1.18.0/GNU-tools-for-STM32/bin/../lib/gcc/arm-none-eabi/13.3.1/thumb/v7e-m+fp/hard\libgcc.a(_udivmoddi4.o)

Cross Reference Table

Symbol                                            File
ADC_IRQHandler                                    build/startup_stm32f407xx.o
AHBPrescTable                                     build/system_stm32f4xx.o
                                                  build/stm32f4xx_hal_rcc.o
APBPrescTable                                     build/system_stm32f4xx.o
                                                  build/stm32f4xx_hal_rcc.o
Appli_state                                       build/usb_host.o
BusFault_Handler                                  build/stm32f4xx_it.o
CAN1_RX0_IRQHandler                               build/startup_stm32f407xx.o
CAN1_RX1_IRQHandler                               build/startup_stm32f407xx.o
CAN1_SCE_IRQHandler                               build/startup_stm32f407xx.o
CAN1_TX_IRQHandler                                build/startup_stm32f407xx.o
CAN2_RX0_IRQHandler                               build/startup_stm32f407xx.o
CAN2_RX1_IRQHandler                               build/startup_stm32f407xx.o
CAN2_SCE_IRQHandler                               build/startup_stm32f407xx.o
CAN2_TX_IRQHandler                                build/startup_stm32f407xx.o
CDC_Class                                         build/usbh_cdc.o
                                                  build/usb_host.o
DCMI_IRQHandler                                   build/startup_stm32f407xx.o
DMA1_Stream0_IRQHandler                           build/startup_stm32f407xx.o
DMA1_Stream1_IRQHandler                           build/startup_stm32f407xx.o
DMA1_Stream2_IRQHandler                           build/startup_stm32f407xx.o
DMA1_Stream3_IRQHandler                           build/startup_stm32f407xx.o
DMA1_Stream4_IRQHandler                           build/startup_stm32f407xx.o
DMA1_Stream5_IRQHandler                           build/startup_stm32f407xx.o
DMA1_Stream6_IRQHandler                           build/startup_stm32f407xx.o
DMA1_Stream7_IRQHandler                           build/startup_stm32f407xx.o
DMA2_Stream0_IRQHandler                           build/startup_stm32f407xx.o
DMA2_Stream1_IRQHandler                           build/startup_stm32f407xx.o
DMA2_Stream2_IRQHandler                           build/startup_stm32f407xx.o
DMA2_Stream3_IRQHandler                           build/startup_stm32f407xx.o
DMA2_Stream4_IRQHandler                           build/startup_stm32f407xx.o
DMA2_Stream5_IRQHandler                           build/startup_stm32f407xx.o
DMA2_Stream6_IRQHandler                           build/startup_stm32f407xx.o
DMA2_Stream7_IRQHandler                           build/startup_stm32f407xx.o
DebugMon_Handler                                  build/stm32f4xx_it.o
Default_Handler                                   build/startup_stm32f407xx.o
ETH_IRQHandler                                    build/startup_stm32f407xx.o
ETH_WKUP_IRQHandler                               build/startup_stm32f407xx.o
EXTI0_IRQHandler                                  build/startup_stm32f407xx.o
EXTI15_10_IRQHandler                              build/startup_stm32f407xx.o
EXTI1_IRQHandler                                  build/startup_stm32f407xx.o
EXTI2_IRQHandler                                  build/startup_stm32f407xx.o
EXTI3_IRQHandler                                  build/startup_stm32f407xx.o
EXTI4_IRQHandler                                  build/startup_stm32f407xx.o
EXTI9_5_IRQHandler                                build/startup_stm32f407xx.o
Error_Handler                                     build/main.o
                                                  build/stm32f4xx_hal_msp.o
                                                  build/usbh_conf.o
                                                  build/usb_host.o
FLASH_Erase_Sector                                build/stm32f4xx_hal_flash_ex.o
                                                  build/stm32f4xx_hal_flash.o
FLASH_FlushCaches                                 build/stm32f4xx_hal_flash_ex.o
                                                  build/stm32f4xx_hal_flash.o
FLASH_IRQHandler                                  build/startup_stm32f407xx.o
FLASH_WaitForLastOperation                        build/stm32f4xx_hal_flash.o
                                                  build/stm32f4xx_hal_flash_ex.o
FPU_IRQHandler                                    build/startup_stm32f407xx.o
FSMC_IRQHandler                                   build/startup_stm32f407xx.o
HAL_CORTEX_ClearEvent                             build/stm32f4xx_hal_cortex.o
HAL_DBGMCU_DisableDBGSleepMode                    build/stm32f4xx_hal.o
HAL_DBGMCU_DisableDBGStandbyMode                  build/stm32f4xx_hal.o
HAL_DBGMCU_DisableDBGStopMode                     build/stm32f4xx_hal.o
HAL_DBGMCU_EnableDBGSleepMode                     build/stm32f4xx_hal.o
HAL_DBGMCU_EnableDBGStandbyMode                   build/stm32f4xx_hal.o
HAL_DBGMCU_EnableDBGStopMode                      build/stm32f4xx_hal.o
HAL_DMAEx_ChangeMemory                            build/stm32f4xx_hal_dma_ex.o
HAL_DMAEx_MultiBufferStart                        build/stm32f4xx_hal_dma_ex.o
HAL_DMAEx_MultiBufferStart_IT                     build/stm32f4xx_hal_dma_ex.o
HAL_DMA_Abort                                     build/stm32f4xx_hal_dma.o
                                                  build/stm32f4xx_hal_spi.o
                                                  build/stm32f4xx_hal_i2s.o
HAL_DMA_Abort_IT                                  build/stm32f4xx_hal_dma.o
                                                  build/stm32f4xx_hal_spi.o
                                                  build/stm32f4xx_hal_i2c.o
HAL_DMA_DeInit                                    build/stm32f4xx_hal_dma.o
HAL_DMA_GetError                                  build/stm32f4xx_hal_dma.o
                                                  build/stm32f4xx_hal_i2c.o
HAL_DMA_GetState                                  build/stm32f4xx_hal_dma.o
                                                  build/stm32f4xx_hal_i2c.o
HAL_DMA_IRQHandler                                build/stm32f4xx_hal_dma.o
HAL_DMA_Init                                      build/stm32f4xx_hal_dma.o
HAL_DMA_PollForTransfer                           build/stm32f4xx_hal_dma.o
HAL_DMA_RegisterCallback                          build/stm32f4xx_hal_dma.o
HAL_DMA_Start                                     build/stm32f4xx_hal_dma.o
HAL_DMA_Start_IT                                  build/stm32f4xx_hal_dma.o
                                                  build/stm32f4xx_hal_spi.o
                                                  build/stm32f4xx_hal_i2s_ex.o
                                                  build/stm32f4xx_hal_i2s.o
                                                  build/stm32f4xx_hal_i2c.o
HAL_DMA_UnRegisterCallback                        build/stm32f4xx_hal_dma.o
HAL_DeInit                                        build/stm32f4xx_hal.o
HAL_Delay                                         build/stm32f4xx_hal.o
                                                  build/stm32f4xx_ll_usb.o
                                                  build/usbh_conf.o
                                                  build/main.o
HAL_Delay_Custom                                  build/main.o
HAL_DisableCompensationCell                       build/stm32f4xx_hal.o
HAL_EXTI_ClearConfigLine                          build/stm32f4xx_hal_exti.o
HAL_EXTI_ClearPending                             build/stm32f4xx_hal_exti.o
HAL_EXTI_GenerateSWI                              build/stm32f4xx_hal_exti.o
HAL_EXTI_GetConfigLine                            build/stm32f4xx_hal_exti.o
HAL_EXTI_GetHandle                                build/stm32f4xx_hal_exti.o
HAL_EXTI_GetPending                               build/stm32f4xx_hal_exti.o
HAL_EXTI_IRQHandler                               build/stm32f4xx_hal_exti.o
HAL_EXTI_RegisterCallback                         build/stm32f4xx_hal_exti.o
HAL_EXTI_SetConfigLine                            build/stm32f4xx_hal_exti.o
HAL_EnableCompensationCell                        build/stm32f4xx_hal.o
HAL_FLASHEx_Erase                                 build/stm32f4xx_hal_flash_ex.o
HAL_FLASHEx_Erase_IT                              build/stm32f4xx_hal_flash_ex.o
HAL_FLASHEx_OBGetConfig                           build/stm32f4xx_hal_flash_ex.o
HAL_FLASHEx_OBProgram                             build/stm32f4xx_hal_flash_ex.o
HAL_FLASH_EndOfOperationCallback                  build/stm32f4xx_hal_flash.o
HAL_FLASH_GetError                                build/stm32f4xx_hal_flash.o
HAL_FLASH_IRQHandler                              build/stm32f4xx_hal_flash.o
HAL_FLASH_Lock                                    build/stm32f4xx_hal_flash.o
HAL_FLASH_OB_Launch                               build/stm32f4xx_hal_flash.o
HAL_FLASH_OB_Lock                                 build/stm32f4xx_hal_flash.o
HAL_FLASH_OB_Unlock                               build/stm32f4xx_hal_flash.o
HAL_FLASH_OperationErrorCallback                  build/stm32f4xx_hal_flash.o
HAL_FLASH_Program                                 build/stm32f4xx_hal_flash.o
HAL_FLASH_Program_IT                              build/stm32f4xx_hal_flash.o
HAL_FLASH_Unlock                                  build/stm32f4xx_hal_flash.o
HAL_GPIO_DeInit                                   build/stm32f4xx_hal_gpio.o
                                                  build/stm32f4xx_hal_msp.o
                                                  build/usbh_conf.o
HAL_GPIO_EXTI_Callback                            build/stm32f4xx_hal_gpio.o
HAL_GPIO_EXTI_IRQHandler                          build/stm32f4xx_hal_gpio.o
HAL_GPIO_Init                                     build/stm32f4xx_hal_gpio.o
                                                  build/stm32f4xx_hal_rcc.o
                                                  build/stm32f4xx_hal_msp.o
                                                  build/usbh_conf.o
                                                  build/main.o
HAL_GPIO_LockPin                                  build/stm32f4xx_hal_gpio.o
HAL_GPIO_ReadPin                                  build/stm32f4xx_hal_gpio.o
HAL_GPIO_TogglePin                                build/stm32f4xx_hal_gpio.o
HAL_GPIO_WritePin                                 build/stm32f4xx_hal_gpio.o
                                                  build/usbh_platform.o
                                                  build/main.o
HAL_GetDEVID                                      build/stm32f4xx_hal.o
HAL_GetHalVersion                                 build/stm32f4xx_hal.o
HAL_GetREVID                                      build/stm32f4xx_hal.o
HAL_GetTick                                       build/stm32f4xx_hal.o
                                                  build/stm32f4xx_hal_spi.o
                                                  build/stm32f4xx_hal_i2s_ex.o
                                                  build/stm32f4xx_hal_i2s.o
                                                  build/stm32f4xx_hal_i2c.o
                                                  build/stm32f4xx_hal_pwr_ex.o
                                                  build/stm32f4xx_hal_dma.o
                                                  build/stm32f4xx_hal_flash.o
                                                  build/stm32f4xx_hal_rcc_ex.o
                                                  build/stm32f4xx_hal_rcc.o
HAL_GetTickFreq                                   build/stm32f4xx_hal.o
HAL_GetTickPrio                                   build/stm32f4xx_hal.o
HAL_GetUIDw0                                      build/stm32f4xx_hal.o
HAL_GetUIDw1                                      build/stm32f4xx_hal.o
HAL_GetUIDw2                                      build/stm32f4xx_hal.o
HAL_HCD_Connect_Callback                          build/usbh_conf.o
HAL_HCD_DeInit                                    build/stm32f4xx_hal_hcd.o
                                                  build/usbh_conf.o
HAL_HCD_Disconnect_Callback                       build/usbh_conf.o
HAL_HCD_GetCurrentFrame                           build/stm32f4xx_hal_hcd.o
                                                  build/usbh_conf.o
HAL_HCD_GetCurrentSpeed                           build/stm32f4xx_hal_hcd.o
                                                  build/usbh_conf.o
HAL_HCD_GetState                                  build/stm32f4xx_hal_hcd.o
HAL_HCD_HC_ClearHubInfo                           build/stm32f4xx_hal_hcd.o
HAL_HCD_HC_GetState                               build/stm32f4xx_hal_hcd.o
HAL_HCD_HC_GetURBState                            build/stm32f4xx_hal_hcd.o
                                                  build/usbh_conf.o
HAL_HCD_HC_GetXferCount                           build/stm32f4xx_hal_hcd.o
                                                  build/usbh_conf.o
HAL_HCD_HC_Halt                                   build/stm32f4xx_hal_hcd.o
                                                  build/usbh_conf.o
HAL_HCD_HC_Init                                   build/stm32f4xx_hal_hcd.o
                                                  build/usbh_conf.o
HAL_HCD_HC_NotifyURBChange_Callback               build/usbh_conf.o
HAL_HCD_HC_SetHubInfo                             build/stm32f4xx_hal_hcd.o
HAL_HCD_HC_SubmitRequest                          build/stm32f4xx_hal_hcd.o
                                                  build/usbh_conf.o
HAL_HCD_IRQHandler                                build/stm32f4xx_hal_hcd.o
                                                  build/stm32f4xx_it.o
HAL_HCD_Init                                      build/stm32f4xx_hal_hcd.o
                                                  build/usbh_conf.o
HAL_HCD_MspDeInit                                 build/usbh_conf.o
HAL_HCD_MspInit                                   build/usbh_conf.o
HAL_HCD_PortDisabled_Callback                     build/usbh_conf.o
HAL_HCD_PortEnabled_Callback                      build/usbh_conf.o
HAL_HCD_ResetPort                                 build/stm32f4xx_hal_hcd.o
                                                  build/usbh_conf.o
HAL_HCD_SOF_Callback                              build/usbh_conf.o
HAL_HCD_Start                                     build/stm32f4xx_hal_hcd.o
                                                  build/usbh_conf.o
HAL_HCD_Stop                                      build/stm32f4xx_hal_hcd.o
                                                  build/usbh_conf.o
HAL_HCD_WKUP_IRQHandler                           build/stm32f4xx_hal_hcd.o
HAL_I2C_AbortCpltCallback                         build/stm32f4xx_hal_i2c.o
HAL_I2C_AddrCallback                              build/stm32f4xx_hal_i2c.o
HAL_I2C_DeInit                                    build/stm32f4xx_hal_i2c.o
HAL_I2C_DisableListen_IT                          build/stm32f4xx_hal_i2c.o
HAL_I2C_ER_IRQHandler                             build/stm32f4xx_hal_i2c.o
HAL_I2C_EV_IRQHandler                             build/stm32f4xx_hal_i2c.o
HAL_I2C_EnableListen_IT                           build/stm32f4xx_hal_i2c.o
HAL_I2C_ErrorCallback                             build/stm32f4xx_hal_i2c.o
HAL_I2C_GetError                                  build/stm32f4xx_hal_i2c.o
HAL_I2C_GetMode                                   build/stm32f4xx_hal_i2c.o
HAL_I2C_GetState                                  build/stm32f4xx_hal_i2c.o
HAL_I2C_Init                                      build/stm32f4xx_hal_i2c.o
                                                  build/main.o
HAL_I2C_IsDeviceReady                             build/stm32f4xx_hal_i2c.o
HAL_I2C_ListenCpltCallback                        build/stm32f4xx_hal_i2c.o
HAL_I2C_MasterRxCpltCallback                      build/stm32f4xx_hal_i2c.o
HAL_I2C_MasterTxCpltCallback                      build/stm32f4xx_hal_i2c.o
HAL_I2C_Master_Abort_IT                           build/stm32f4xx_hal_i2c.o
HAL_I2C_Master_Receive                            build/stm32f4xx_hal_i2c.o
HAL_I2C_Master_Receive_DMA                        build/stm32f4xx_hal_i2c.o
HAL_I2C_Master_Receive_IT                         build/stm32f4xx_hal_i2c.o
HAL_I2C_Master_Seq_Receive_DMA                    build/stm32f4xx_hal_i2c.o
HAL_I2C_Master_Seq_Receive_IT                     build/stm32f4xx_hal_i2c.o
HAL_I2C_Master_Seq_Transmit_DMA                   build/stm32f4xx_hal_i2c.o
HAL_I2C_Master_Seq_Transmit_IT                    build/stm32f4xx_hal_i2c.o
HAL_I2C_Master_Transmit                           build/stm32f4xx_hal_i2c.o
HAL_I2C_Master_Transmit_DMA                       build/stm32f4xx_hal_i2c.o
HAL_I2C_Master_Transmit_IT                        build/stm32f4xx_hal_i2c.o
HAL_I2C_MemRxCpltCallback                         build/stm32f4xx_hal_i2c.o
HAL_I2C_MemTxCpltCallback                         build/stm32f4xx_hal_i2c.o
HAL_I2C_Mem_Read                                  build/stm32f4xx_hal_i2c.o
HAL_I2C_Mem_Read_DMA                              build/stm32f4xx_hal_i2c.o
HAL_I2C_Mem_Read_IT                               build/stm32f4xx_hal_i2c.o
HAL_I2C_Mem_Write                                 build/stm32f4xx_hal_i2c.o
HAL_I2C_Mem_Write_DMA                             build/stm32f4xx_hal_i2c.o
HAL_I2C_Mem_Write_IT                              build/stm32f4xx_hal_i2c.o
HAL_I2C_MspDeInit                                 build/stm32f4xx_hal_msp.o
HAL_I2C_MspInit                                   build/stm32f4xx_hal_msp.o
HAL_I2C_SlaveRxCpltCallback                       build/stm32f4xx_hal_i2c.o
HAL_I2C_SlaveTxCpltCallback                       build/stm32f4xx_hal_i2c.o
HAL_I2C_Slave_Receive                             build/stm32f4xx_hal_i2c.o
HAL_I2C_Slave_Receive_DMA                         build/stm32f4xx_hal_i2c.o
HAL_I2C_Slave_Receive_IT                          build/stm32f4xx_hal_i2c.o
HAL_I2C_Slave_Seq_Receive_DMA                     build/stm32f4xx_hal_i2c.o
HAL_I2C_Slave_Seq_Receive_IT                      build/stm32f4xx_hal_i2c.o
HAL_I2C_Slave_Seq_Transmit_DMA                    build/stm32f4xx_hal_i2c.o
HAL_I2C_Slave_Seq_Transmit_IT                     build/stm32f4xx_hal_i2c.o
HAL_I2C_Slave_Transmit                            build/stm32f4xx_hal_i2c.o
HAL_I2C_Slave_Transmit_DMA                        build/stm32f4xx_hal_i2c.o
HAL_I2C_Slave_Transmit_IT                         build/stm32f4xx_hal_i2c.o
HAL_I2SEx_FullDuplex_IRQHandler                   build/stm32f4xx_hal_i2s_ex.o
                                                  build/stm32f4xx_hal_i2s.o
HAL_I2SEx_TransmitReceive                         build/stm32f4xx_hal_i2s_ex.o
HAL_I2SEx_TransmitReceive_DMA                     build/stm32f4xx_hal_i2s_ex.o
HAL_I2SEx_TransmitReceive_IT                      build/stm32f4xx_hal_i2s_ex.o
HAL_I2SEx_TxRxCpltCallback                        build/stm32f4xx_hal_i2s_ex.o
HAL_I2SEx_TxRxHalfCpltCallback                    build/stm32f4xx_hal_i2s_ex.o
HAL_I2S_DMAPause                                  build/stm32f4xx_hal_i2s.o
HAL_I2S_DMAResume                                 build/stm32f4xx_hal_i2s.o
HAL_I2S_DMAStop                                   build/stm32f4xx_hal_i2s.o
HAL_I2S_DeInit                                    build/stm32f4xx_hal_i2s.o
HAL_I2S_ErrorCallback                             build/stm32f4xx_hal_i2s.o
                                                  build/stm32f4xx_hal_i2s_ex.o
HAL_I2S_GetError                                  build/stm32f4xx_hal_i2s.o
HAL_I2S_GetState                                  build/stm32f4xx_hal_i2s.o
HAL_I2S_IRQHandler                                build/stm32f4xx_hal_i2s.o
HAL_I2S_Init                                      build/stm32f4xx_hal_i2s.o
                                                  build/main.o
HAL_I2S_MspDeInit                                 build/stm32f4xx_hal_msp.o
HAL_I2S_MspInit                                   build/stm32f4xx_hal_msp.o
HAL_I2S_Receive                                   build/stm32f4xx_hal_i2s.o
HAL_I2S_Receive_DMA                               build/stm32f4xx_hal_i2s.o
HAL_I2S_Receive_IT                                build/stm32f4xx_hal_i2s.o
HAL_I2S_RxCpltCallback                            build/stm32f4xx_hal_i2s.o
HAL_I2S_RxHalfCpltCallback                        build/stm32f4xx_hal_i2s.o
HAL_I2S_Transmit                                  build/stm32f4xx_hal_i2s.o
HAL_I2S_Transmit_DMA                              build/stm32f4xx_hal_i2s.o
HAL_I2S_Transmit_IT                               build/stm32f4xx_hal_i2s.o
HAL_I2S_TxCpltCallback                            build/stm32f4xx_hal_i2s.o
HAL_I2S_TxHalfCpltCallback                        build/stm32f4xx_hal_i2s.o
HAL_IncTick                                       build/stm32f4xx_hal.o
                                                  build/stm32f4xx_it.o
HAL_Init                                          build/stm32f4xx_hal.o
                                                  build/main.o
HAL_InitTick                                      build/stm32f4xx_hal.o
                                                  build/stm32f4xx_hal_rcc_ex.o
                                                  build/stm32f4xx_hal_rcc.o
HAL_MPU_ConfigRegion                              build/stm32f4xx_hal_cortex.o
HAL_MPU_Disable                                   build/stm32f4xx_hal_cortex.o
HAL_MPU_DisableRegion                             build/stm32f4xx_hal_cortex.o
HAL_MPU_Enable                                    build/stm32f4xx_hal_cortex.o
HAL_MPU_EnableRegion                              build/stm32f4xx_hal_cortex.o
HAL_MspDeInit                                     build/stm32f4xx_hal.o
HAL_MspInit                                       build/stm32f4xx_hal_msp.o
HAL_NVIC_ClearPendingIRQ                          build/stm32f4xx_hal_cortex.o
HAL_NVIC_DisableIRQ                               build/stm32f4xx_hal_cortex.o
                                                  build/usbh_conf.o
HAL_NVIC_EnableIRQ                                build/stm32f4xx_hal_cortex.o
                                                  build/usbh_conf.o
HAL_NVIC_GetActive                                build/stm32f4xx_hal_cortex.o
HAL_NVIC_GetPendingIRQ                            build/stm32f4xx_hal_cortex.o
HAL_NVIC_GetPriority                              build/stm32f4xx_hal_cortex.o
HAL_NVIC_GetPriorityGrouping                      build/stm32f4xx_hal_cortex.o
HAL_NVIC_SetPendingIRQ                            build/stm32f4xx_hal_cortex.o
HAL_NVIC_SetPriority                              build/stm32f4xx_hal_cortex.o
                                                  build/stm32f4xx_hal.o
                                                  build/usbh_conf.o
HAL_NVIC_SetPriorityGrouping                      build/stm32f4xx_hal_cortex.o
                                                  build/stm32f4xx_hal.o
                                                  build/stm32f4xx_hal_msp.o
HAL_NVIC_SystemReset                              build/stm32f4xx_hal_cortex.o
HAL_PWREx_ControlVoltageScaling                   build/stm32f4xx_hal_pwr_ex.o
HAL_PWREx_DisableBkUpReg                          build/stm32f4xx_hal_pwr_ex.o
HAL_PWREx_DisableFlashPowerDown                   build/stm32f4xx_hal_pwr_ex.o
HAL_PWREx_EnableBkUpReg                           build/stm32f4xx_hal_pwr_ex.o
HAL_PWREx_EnableFlashPowerDown                    build/stm32f4xx_hal_pwr_ex.o
HAL_PWREx_GetVoltageRange                         build/stm32f4xx_hal_pwr_ex.o
HAL_PWR_ConfigPVD                                 build/stm32f4xx_hal_pwr.o
HAL_PWR_DeInit                                    build/stm32f4xx_hal_pwr.o
HAL_PWR_DisableBkUpAccess                         build/stm32f4xx_hal_pwr.o
HAL_PWR_DisablePVD                                build/stm32f4xx_hal_pwr.o
HAL_PWR_DisableSEVOnPend                          build/stm32f4xx_hal_pwr.o
HAL_PWR_DisableSleepOnExit                        build/stm32f4xx_hal_pwr.o
HAL_PWR_DisableWakeUpPin                          build/stm32f4xx_hal_pwr.o
HAL_PWR_EnableBkUpAccess                          build/stm32f4xx_hal_pwr.o
HAL_PWR_EnablePVD                                 build/stm32f4xx_hal_pwr.o
HAL_PWR_EnableSEVOnPend                           build/stm32f4xx_hal_pwr.o
HAL_PWR_EnableSleepOnExit                         build/stm32f4xx_hal_pwr.o
HAL_PWR_EnableWakeUpPin                           build/stm32f4xx_hal_pwr.o
HAL_PWR_EnterSLEEPMode                            build/stm32f4xx_hal_pwr.o
HAL_PWR_EnterSTANDBYMode                          build/stm32f4xx_hal_pwr.o
HAL_PWR_EnterSTOPMode                             build/stm32f4xx_hal_pwr.o
HAL_PWR_PVDCallback                               build/stm32f4xx_hal_pwr.o
HAL_PWR_PVD_IRQHandler                            build/stm32f4xx_hal_pwr.o
HAL_RCCEx_DisablePLLI2S                           build/stm32f4xx_hal_rcc_ex.o
HAL_RCCEx_EnablePLLI2S                            build/stm32f4xx_hal_rcc_ex.o
HAL_RCCEx_GetPeriphCLKConfig                      build/stm32f4xx_hal_rcc_ex.o
HAL_RCCEx_GetPeriphCLKFreq                        build/stm32f4xx_hal_rcc_ex.o
                                                  build/stm32f4xx_hal_i2s.o
HAL_RCCEx_PeriphCLKConfig                         build/stm32f4xx_hal_rcc_ex.o
                                                  build/stm32f4xx_hal_msp.o
HAL_RCC_CSSCallback                               build/stm32f4xx_hal_rcc.o
HAL_RCC_ClockConfig                               build/stm32f4xx_hal_rcc.o
                                                  build/main.o
HAL_RCC_DeInit                                    build/stm32f4xx_hal_rcc_ex.o
                                                  build/stm32f4xx_hal_rcc.o
HAL_RCC_DisableCSS                                build/stm32f4xx_hal_rcc.o
HAL_RCC_EnableCSS                                 build/stm32f4xx_hal_rcc.o
HAL_RCC_GetClockConfig                            build/stm32f4xx_hal_rcc.o
HAL_RCC_GetHCLKFreq                               build/stm32f4xx_hal_rcc.o
HAL_RCC_GetOscConfig                              build/stm32f4xx_hal_rcc.o
HAL_RCC_GetPCLK1Freq                              build/stm32f4xx_hal_rcc.o
                                                  build/stm32f4xx_hal_i2c.o
HAL_RCC_GetPCLK2Freq                              build/stm32f4xx_hal_rcc.o
HAL_RCC_GetSysClockFreq                           build/stm32f4xx_hal_rcc.o
HAL_RCC_MCOConfig                                 build/stm32f4xx_hal_rcc.o
HAL_RCC_NMI_IRQHandler                            build/stm32f4xx_hal_rcc.o
HAL_RCC_OscConfig                                 build/stm32f4xx_hal_rcc.o
                                                  build/main.o
HAL_ResumeTick                                    build/stm32f4xx_hal.o