../Src/013Ii2c_slave_tx_string.c:17:6:delay	16	static
../Src/013Ii2c_slave_tx_string.c:32:6:I2C1_GPIOInits	24	static
../Src/013Ii2c_slave_tx_string.c:55:6:I2C1_Inits	8	static
../Src/013Ii2c_slave_tx_string.c:67:6:GPIO_ButtonInit	24	static
../Src/013Ii2c_slave_tx_string.c:83:5:main	8	static
../Src/013Ii2c_slave_tx_string.c:116:6:I2C1_EV_IRQHandler	8	static
../Src/013Ii2c_slave_tx_string.c:122:6:I2C1_ER_IRQHandler	8	static
../Src/013Ii2c_slave_tx_string.c:130:6:I2C_ApplicationEventCallback	24	static
