Archive member included to satisfy reference by file (symbol)

c:/dev/tools/gcc-arm-none-eabi-10.3-2021.10/bin/../lib/gcc/arm-none-eabi/10.3.1/../../../../arm-none-eabi/lib/thumb/v7e-m+fp/hard\libc_nano.a(lib_a-errno.o)
                              build/sysmem.o (__errno)
c:/dev/tools/gcc-arm-none-eabi-10.3-2021.10/bin/../lib/gcc/arm-none-eabi/10.3.1/../../../../arm-none-eabi/lib/thumb/v7e-m+fp/hard\libc_nano.a(lib_a-exit.o)
                              c:/dev/tools/gcc-arm-none-eabi-10.3-2021.10/bin/../lib/gcc/arm-none-eabi/10.3.1/../../../../arm-none-eabi/lib/thumb/v7e-m+fp/hard/crt0.o (exit)
c:/dev/tools/gcc-arm-none-eabi-10.3-2021.10/bin/../lib/gcc/arm-none-eabi/10.3.1/../../../../arm-none-eabi/lib/thumb/v7e-m+fp/hard\libc_nano.a(lib_a-impure.o)
                              c:/dev/tools/gcc-arm-none-eabi-10.3-2021.10/bin/../lib/gcc/arm-none-eabi/10.3.1/../../../../arm-none-eabi/lib/thumb/v7e-m+fp/hard\libc_nano.a(lib_a-exit.o) (_global_impure_ptr)
c:/dev/tools/gcc-arm-none-eabi-10.3-2021.10/bin/../lib/gcc/arm-none-eabi/10.3.1/../../../../arm-none-eabi/lib/thumb/v7e-m+fp/hard\libc_nano.a(lib_a-init.o)
                              c:/dev/tools/gcc-arm-none-eabi-10.3-2021.10/bin/../lib/gcc/arm-none-eabi/10.3.1/../../../../arm-none-eabi/lib/thumb/v7e-m+fp/hard/crt0.o (__libc_init_array)
c:/dev/tools/gcc-arm-none-eabi-10.3-2021.10/bin/../lib/gcc/arm-none-eabi/10.3.1/../../../../arm-none-eabi/lib/thumb/v7e-m+fp/hard\libc_nano.a(lib_a-malloc.o)
                              build/usbh_cdc.o (malloc)
c:/dev/tools/gcc-arm-none-eabi-10.3-2021.10/bin/../lib/gcc/arm-none-eabi/10.3.1/../../../../arm-none-eabi/lib/thumb/v7e-m+fp/hard\libc_nano.a(lib_a-memset.o)
                              c:/dev/tools/gcc-arm-none-eabi-10.3-2021.10/bin/../lib/gcc/arm-none-eabi/10.3.1/../../../../arm-none-eabi/lib/thumb/v7e-m+fp/hard/crt0.o (memset)
c:/dev/tools/gcc-arm-none-eabi-10.3-2021.10/bin/../lib/gcc/arm-none-eabi/10.3.1/../../../../arm-none-eabi/lib/thumb/v7e-m+fp/hard\libc_nano.a(lib_a-nano-freer.o)
                              c:/dev/tools/gcc-arm-none-eabi-10.3-2021.10/bin/../lib/gcc/arm-none-eabi/10.3.1/../../../../arm-none-eabi/lib/thumb/v7e-m+fp/hard\libc_nano.a(lib_a-malloc.o) (_free_r)
c:/dev/tools/gcc-arm-none-eabi-10.3-2021.10/bin/../lib/gcc/arm-none-eabi/10.3.1/../../../../arm-none-eabi/lib/thumb/v7e-m+fp/hard\libc_nano.a(lib_a-nano-mallocr.o)
                              c:/dev/tools/gcc-arm-none-eabi-10.3-2021.10/bin/../lib/gcc/arm-none-eabi/10.3.1/../../../../arm-none-eabi/lib/thumb/v7e-m+fp/hard\libc_nano.a(lib_a-malloc.o) (_malloc_r)
c:/dev/tools/gcc-arm-none-eabi-10.3-2021.10/bin/../lib/gcc/arm-none-eabi/10.3.1/../../../../arm-none-eabi/lib/thumb/v7e-m+fp/hard\libc_nano.a(lib_a-sbrkr.o)
                              c:/dev/tools/gcc-arm-none-eabi-10.3-2021.10/bin/../lib/gcc/arm-none-eabi/10.3.1/../../../../arm-none-eabi/lib/thumb/v7e-m+fp/hard\libc_nano.a(lib_a-nano-mallocr.o) (_sbrk_r)
c:/dev/tools/gcc-arm-none-eabi-10.3-2021.10/bin/../lib/gcc/arm-none-eabi/10.3.1/../../../../arm-none-eabi/lib/thumb/v7e-m+fp/hard\libc_nano.a(lib_a-mlock.o)
                              c:/dev/tools/gcc-arm-none-eabi-10.3-2021.10/bin/../lib/gcc/arm-none-eabi/10.3.1/../../../../arm-none-eabi/lib/thumb/v7e-m+fp/hard\libc_nano.a(lib_a-nano-freer.o) (__malloc_lock)
c:/dev/tools/gcc-arm-none-eabi-10.3-2021.10/bin/../lib/gcc/arm-none-eabi/10.3.1/../../../../arm-none-eabi/lib/thumb/v7e-m+fp/hard\libc_nano.a(lib_a-reent.o)
                              c:/dev/tools/gcc-arm-none-eabi-10.3-2021.10/bin/../lib/gcc/arm-none-eabi/10.3.1/../../../../arm-none-eabi/lib/thumb/v7e-m+fp/hard\libc_nano.a(lib_a-sbrkr.o) (errno)
c:/dev/tools/gcc-arm-none-eabi-10.3-2021.10/bin/../lib/gcc/arm-none-eabi/10.3.1/../../../../arm-none-eabi/lib/thumb/v7e-m+fp/hard\libc_nano.a(lib_a-lock.o)
                              c:/dev/tools/gcc-arm-none-eabi-10.3-2021.10/bin/../lib/gcc/arm-none-eabi/10.3.1/../../../../arm-none-eabi/lib/thumb/v7e-m+fp/hard\libc_nano.a(lib_a-mlock.o) (__retarget_lock_acquire_recursive)
c:/dev/tools/gcc-arm-none-eabi-10.3-2021.10/bin/../lib/gcc/arm-none-eabi/10.3.1/thumb/v7e-m+fp/hard\libgcc.a(_aeabi_uldivmod.o)
                              build/stm32f4xx_hal_rcc.o (__aeabi_uldivmod)
c:/dev/tools/gcc-arm-none-eabi-10.3-2021.10/bin/../lib/gcc/arm-none-eabi/10.3.1/thumb/v7e-m+fp/hard\libgcc.a(_udivmoddi4.o)
                              c:/dev/tools/gcc-arm-none-eabi-10.3-2021.10/bin/../lib/gcc/arm-none-eabi/10.3.1/thumb/v7e-m+fp/hard\libgcc.a(_aeabi_uldivmod.o) (__udivmoddi4)
c:/dev/tools/gcc-arm-none-eabi-10.3-2021.10/bin/../lib/gcc/arm-none-eabi/10.3.1/thumb/v7e-m+fp/hard\libgcc.a(_dvmd_tls.o)
                              c:/dev/tools/gcc-arm-none-eabi-10.3-2021.10/bin/../lib/gcc/arm-none-eabi/10.3.1/thumb/v7e-m+fp/hard\libgcc.a(_aeabi_uldivmod.o) (__aeabi_ldiv0)

Discarded input sections

[...]
Memory Configuration

Name             Origin             Length             Attributes
CCMRAM           0x10000000         0x00010000         xrw
RAM              0x20000000         0x00020000         xrw
FLASH            0x08000000         0x00100000         xr
*default*        0x00000000         0xffffffff

Linker script and memory map

LOAD c:/dev/tools/gcc-arm-none-eabi-10.3-2021.10/bin/../lib/gcc/arm-none-eabi/10.3.1/thumb/v7e-m+fp/hard/crti.o
LOAD c:/dev/tools/gcc-arm-none-eabi-10.3-2021.10/bin/../lib/gcc/arm-none-eabi/10.3.1/thumb/v7e-m+fp/hard/crtbegin.o
LOAD c:/dev/tools/gcc-arm-none-eabi-10.3-2021.10/bin/../lib/gcc/arm-none-eabi/10.3.1/../../../../arm-none-eabi/lib/thumb/v7e-m+fp/hard/crt0.o
LOAD build/main.o
LOAD build/stm32f4xx_it.o
LOAD build/stm32f4xx_hal_msp.o
LOAD build/usb_host.o
LOAD build/usbh_conf.o
LOAD build/usbh_platform.o
LOAD build/stm32f4xx_hal_hcd.o
LOAD build/stm32f4xx_ll_usb.o
LOAD build/stm32f4xx_hal_rcc.o
LOAD build/stm32f4xx_hal_rcc_ex.o
LOAD build/stm32f4xx_hal_flash.o
LOAD build/stm32f4xx_hal_flash_ex.o
LOAD build/stm32f4xx_hal_flash_ramfunc.o
LOAD build/stm32f4xx_hal_gpio.o
LOAD build/stm32f4xx_hal_dma_ex.o
LOAD build/stm32f4xx_hal_dma.o
LOAD build/stm32f4xx_hal_pwr.o
LOAD build/stm32f4xx_hal_pwr_ex.o
LOAD build/stm32f4xx_hal_cortex.o
LOAD build/stm32f4xx_hal.o
LOAD build/stm32f4xx_hal_exti.o
LOAD build/stm32f4xx_hal_i2c.o
LOAD build/stm32f4xx_hal_i2c_ex.o
LOAD build/stm32f4xx_hal_i2s.o
LOAD build/stm32f4xx_hal_i2s_ex.o
LOAD build/stm32f4xx_hal_spi.o
LOAD build/stm32f4xx_hal_tim.o
LOAD build/stm32f4xx_hal_tim_ex.o
LOAD build/stm32f4xx_hal_uart.o
LOAD build/system_stm32f4xx.o
LOAD build/usbh_core.o
LOAD build/usbh_ctlreq.o
LOAD build/usbh_ioreq.o
LOAD build/usbh_pipes.o
LOAD build/usbh_cdc.o
LOAD build/sysmem.o
LOAD build/syscalls.o
LOAD build/startup_stm32f407xx.o
LOAD c:/dev/tools/gcc-arm-none-eabi-10.3-2021.10/bin/../lib/gcc/arm-none-eabi/10.3.1/../../../../arm-none-eabi/lib/thumb/v7e-m+fp/hard\libc_nano.a
LOAD c:/dev/tools/gcc-arm-none-eabi-10.3-2021.10/bin/../lib/gcc/arm-none-eabi/10.3.1/../../../../arm-none-eabi/lib/thumb/v7e-m+fp/hard\libm.a
LOAD c:/dev/tools/gcc-arm-none-eabi-10.3-2021.10/bin/../lib/gcc/arm-none-eabi/10.3.1/../../../../arm-none-eabi/lib/thumb/v7e-m+fp/hard\libnosys.a
START GROUP
LOAD c:/dev/tools/gcc-arm-none-eabi-10.3-2021.10/bin/../lib/gcc/arm-none-eabi/10.3.1/thumb/v7e-m+fp/hard\libgcc.a
LOAD c:/dev/tools/gcc-arm-none-eabi-10.3-2021.10/bin/../lib/gcc/arm-none-eabi/10.3.1/../../../../arm-none-eabi/lib/thumb/v7e-m+fp/hard\libc_nano.a
END GROUP
START GROUP
LOAD c:/dev/tools/gcc-arm-none-eabi-10.3-2021.10/bin/../lib/gcc/arm-none-eabi/10.3.1/thumb/v7e-m+fp/hard\libgcc.a
LOAD c:/dev/tools/gcc-arm-none-eabi-10.3-2021.10/bin/../lib/gcc/arm-none-eabi/10.3.1/../../../../arm-none-eabi/lib/thumb/v7e-m+fp/hard\libc_nano.a
END GROUP
LOAD c:/dev/tools/gcc-arm-none-eabi-10.3-2021.10/bin/../lib/gcc/arm-none-eabi/10.3.1/thumb/v7e-m+fp/hard/crtend.o
LOAD c:/dev/tools/gcc-arm-none-eabi-10.3-2021.10/bin/../lib/gcc/arm-none-eabi/10.3.1/thumb/v7e-m+fp/hard/crtn.o
                0x20020000                _estack = (ORIGIN (RAM) + LENGTH (RAM))
                0x00000200                _Min_Heap_Size = 0x200
                0x00000400                _Min_Stack_Size = 0x400

.isr_vector     0x08000000      0x188
                0x08000000                . = ALIGN (0x4)
 *(.isr_vector)
 .isr_vector    0x08000000      0x188 build/startup_stm32f407xx.o
                0x08000000                g_pfnVectors
                0x08000188                . = ALIGN (0x4)

.text           0x08000188     0x551c
                0x08000188                . = ALIGN (0x4)
 *(.text)
 .text          0x08000188       0x40 c:/dev/tools/gcc-arm-none-eabi-10.3-2021.10/bin/../lib/gcc/arm-none-eabi/10.3.1/thumb/v7e-m+fp/hard/crtbegin.o
 .text          0x080001c8       0x30 c:/dev/tools/gcc-arm-none-eabi-10.3-2021.10/bin/../lib/gcc/arm-none-eabi/10.3.1/thumb/v7e-m+fp/hard\libgcc.a(_aeabi_uldivmod.o)
                0x080001c8                __aeabi_uldivmod
 .text          0x080001f8      0x2d0 c:/dev/tools/gcc-arm-none-eabi-10.3-2021.10/bin/../lib/gcc/arm-none-eabi/10.3.1/thumb/v7e-m+fp/hard\libgcc.a(_udivmoddi4.o)
                0x080001f8                __udivmoddi4
 .text          0x080004c8        0x4 c:/dev/tools/gcc-arm-none-eabi-10.3-2021.10/bin/../lib/gcc/arm-none-eabi/10.3.1/thumb/v7e-m+fp/hard\libgcc.a(_dvmd_tls.o)
                0x080004c8                __aeabi_idiv0
                0x080004c8                __aeabi_ldiv0
 *(.text*)
 .text.MX_GPIO_Init
                0x080004cc      0x188 build/main.o
 .text.Error_Handler
                0x08000654        0x4 build/main.o
                0x08000654                Error_Handler
 .text.MX_I2C1_Init
                0x08000658       0x38 build/main.o
 .text.MX_I2S3_Init
                0x08000690       0x38 build/main.o
 .text.MX_SPI1_Init
                0x080006c8       0x40 build/main.o
 .text.MX_USART2_UART_Init
                0x08000708       0x34 build/main.o
 .text.SystemClock_Config
                0x0800073c       0xac build/main.o
                0x0800073c                SystemClock_Config
 .text.main     0x080007e8       0x64 build/main.o
                0x080007e8                main
 .text.NMI_Handler
                0x0800084c        0x2 build/stm32f4xx_it.o
                0x0800084c                NMI_Handler
 .text.HardFault_Handler
                0x0800084e        0x2 build/stm32f4xx_it.o
                0x0800084e                HardFault_Handler
 .text.MemManage_Handler
                0x08000850        0x2 build/stm32f4xx_it.o
                0x08000850                MemManage_Handler
 .text.BusFault_Handler
                0x08000852        0x2 build/stm32f4xx_it.o
                0x08000852                BusFault_Handler
 .text.UsageFault_Handler
                0x08000854        0x2 build/stm32f4xx_it.o
                0x08000854                UsageFault_Handler
 .text.SVC_Handler
                0x08000856        0x2 build/stm32f4xx_it.o
                0x08000856                SVC_Handler
 .text.DebugMon_Handler
                0x08000858        0x2 build/stm32f4xx_it.o
                0x08000858                DebugMon_Handler
 .text.PendSV_Handler
                0x0800085a        0x2 build/stm32f4xx_it.o
                0x0800085a                PendSV_Handler
 .text.SysTick_Handler
                0x0800085c        0x8 build/stm32f4xx_it.o
                0x0800085c                SysTick_Handler
 .text.OTG_FS_IRQHandler
                0x08000864       0x10 build/stm32f4xx_it.o
                0x08000864                OTG_FS_IRQHandler
 .text.HAL_MspInit
                0x08000874       0x40 build/stm32f4xx_hal_msp.o
                0x08000874                HAL_MspInit
 .text.HAL_I2C_MspInit
                0x080008b4       0x70 build/stm32f4xx_hal_msp.o
                0x080008b4                HAL_I2C_MspInit
 .text.HAL_I2S_MspInit
                0x08000924       0xc0 build/stm32f4xx_hal_msp.o
                0x08000924                HAL_I2S_MspInit
 .text.HAL_SPI_MspInit
                0x080009e4       0x6c build/stm32f4xx_hal_msp.o
                0x080009e4                HAL_SPI_MspInit
 .text.HAL_UART_MspInit
                0x08000a50       0x70 build/stm32f4xx_hal_msp.o
                0x08000a50                HAL_UART_MspInit
 .text.USBH_UserProcess
                0x08000ac0       0x2c build/usb_host.o
 .text.MX_USB_HOST_Init
                0x08000aec       0x40 build/usb_host.o
                0x08000aec                MX_USB_HOST_Init
 .text.MX_USB_HOST_Process
                0x08000b2c       0x10 build/usb_host.o
                0x08000b2c                MX_USB_HOST_Process
 .text.HAL_HCD_MspInit
                0x08000b3c       0x94 build/usbh_conf.o
                0x08000b3c                HAL_HCD_MspInit
 .text.HAL_HCD_SOF_Callback
                0x08000bd0        0xc build/usbh_conf.o
                0x08000bd0                HAL_HCD_SOF_Callback
 .text.HAL_HCD_Connect_Callback
                0x08000bdc        0xc build/usbh_conf.o
                0x08000bdc                HAL_HCD_Connect_Callback
 .text.HAL_HCD_Disconnect_Callback
                0x08000be8        0xc build/usbh_conf.o
                0x08000be8                HAL_HCD_Disconnect_Callback
 .text.HAL_HCD_HC_NotifyURBChange_Callback
                0x08000bf4        0x2 build/usbh_conf.o
                0x08000bf4                HAL_HCD_HC_NotifyURBChange_Callback
 .text.HAL_HCD_PortEnabled_Callback
                0x08000bf6        0xc build/usbh_conf.o
                0x08000bf6                HAL_HCD_PortEnabled_Callback
 .text.HAL_HCD_PortDisabled_Callback
                0x08000c02        0xc build/usbh_conf.o
                0x08000c02                HAL_HCD_PortDisabled_Callback
 *fill*         0x08000c0e        0x2 
 .text.USBH_LL_Init
                0x08000c10       0x54 build/usbh_conf.o
                0x08000c10                USBH_LL_Init
 .text.USBH_LL_GetSpeed
                0x08000c64       0x20 build/usbh_conf.o
                0x08000c64                USBH_LL_GetSpeed
 .text.USBH_LL_GetLastXferSize
                0x08000c84        0xc build/usbh_conf.o
                0x08000c84                USBH_LL_GetLastXferSize
 .text.USBH_LL_GetURBState
                0x08000c90        0xc build/usbh_conf.o
                0x08000c90                USBH_LL_GetURBState
 .text.USBH_LL_DriverVBUS
                0x08000c9c       0x1c build/usbh_conf.o
                0x08000c9c                USBH_LL_DriverVBUS
 .text.USBH_LL_SetToggle
                0x08000cb8       0x2e build/usbh_conf.o
                0x08000cb8                USBH_LL_SetToggle
 .text.USBH_Delay
                0x08000ce6        0x8 build/usbh_conf.o
                0x08000ce6                USBH_Delay
 .text.USBH_Get_USB_Status
                0x08000cee       0x14 build/usbh_conf.o
                0x08000cee                USBH_Get_USB_Status
 .text.USBH_LL_Start
                0x08000d02       0x10 build/usbh_conf.o
                0x08000d02                USBH_LL_Start
 .text.USBH_LL_Stop
                0x08000d12       0x10 build/usbh_conf.o
                0x08000d12                USBH_LL_Stop
 .text.USBH_LL_ResetPort
                0x08000d22       0x10 build/usbh_conf.o
                0x08000d22                USBH_LL_ResetPort
 .text.USBH_LL_OpenPipe
                0x08000d32       0x26 build/usbh_conf.o
                0x08000d32                USBH_LL_OpenPipe
 .text.USBH_LL_ClosePipe
                0x08000d58       0x10 build/usbh_conf.o
                0x08000d58                USBH_LL_ClosePipe
 .text.USBH_LL_SubmitURB
                0x08000d68       0x2a build/usbh_conf.o
                0x08000d68                USBH_LL_SubmitURB
 *fill*         0x08000d92        0x2 
 .text.MX_DriverVbusFS
                0x08000d94       0x18 build/usbh_platform.o
                0x08000d94                MX_DriverVbusFS
 .text.HCD_RXQLVL_IRQHandler
                0x08000dac       0xa6 build/stm32f4xx_hal_hcd.o
 .text.HAL_HCD_HC_Halt
                0x08000e52       0x24 build/stm32f4xx_hal_hcd.o
                0x08000e52                HAL_HCD_HC_Halt
 .text.HAL_HCD_Init
                0x08000e76       0x8e build/stm32f4xx_hal_hcd.o
                0x08000e76                HAL_HCD_Init
 .text.HAL_HCD_HC_SubmitRequest
                0x08000f04      0x1ce build/stm32f4xx_hal_hcd.o
                0x08000f04                HAL_HCD_HC_SubmitRequest
 .text.HCD_Port_IRQHandler
                0x080010d2       0xb0 build/stm32f4xx_hal_hcd.o
 .text.HCD_HC_IN_IRQHandler
                0x08001182      0x5a2 build/stm32f4xx_hal_hcd.o
 .text.HCD_HC_OUT_IRQHandler
                0x08001724      0x480 build/stm32f4xx_hal_hcd.o
 .text.HAL_HCD_IRQHandler
                0x08001ba4      0x15c build/stm32f4xx_hal_hcd.o
                0x08001ba4                HAL_HCD_IRQHandler
 .text.HAL_HCD_Start
                0x08001d00       0x2a build/stm32f4xx_hal_hcd.o
                0x08001d00                HAL_HCD_Start
 .text.HAL_HCD_Stop
                0x08001d2a       0x24 build/stm32f4xx_hal_hcd.o
                0x08001d2a                HAL_HCD_Stop
 .text.HAL_HCD_ResetPort
                0x08001d4e        0xa build/stm32f4xx_hal_hcd.o
                0x08001d4e                HAL_HCD_ResetPort
 .text.HAL_HCD_HC_GetURBState
                0x08001d58        0xe build/stm32f4xx_hal_hcd.o
                0x08001d58                HAL_HCD_HC_GetURBState
 .text.HAL_HCD_HC_GetXferCount
                0x08001d66        0xc build/stm32f4xx_hal_hcd.o
                0x08001d66                HAL_HCD_HC_GetXferCount
 .text.HAL_HCD_GetCurrentFrame
                0x08001d72        0xa build/stm32f4xx_hal_hcd.o
                0x08001d72                HAL_HCD_GetCurrentFrame
 .text.HAL_HCD_GetCurrentSpeed
                0x08001d7c        0xa build/stm32f4xx_hal_hcd.o
                0x08001d7c                HAL_HCD_GetCurrentSpeed
 .text.HAL_HCD_HC_ClearHubInfo
                0x08001d86       0x18 build/stm32f4xx_hal_hcd.o
                0x08001d86                HAL_HCD_HC_ClearHubInfo
 .text.HAL_HCD_HC_Init
                0x08001d9e       0xca build/stm32f4xx_hal_hcd.o
                0x08001d9e                HAL_HCD_HC_Init
 .text.USB_CoreReset
                0x08001e68       0x4a build/stm32f4xx_ll_usb.o
 .text.USB_CoreInit
                0x08001eb2       0x92 build/stm32f4xx_ll_usb.o
                0x08001eb2                USB_CoreInit
 .text.USB_EnableGlobalInt
                0x08001f44        0xc build/stm32f4xx_ll_usb.o
                0x08001f44                USB_EnableGlobalInt
 .text.USB_DisableGlobalInt
                0x08001f50        0xc build/stm32f4xx_ll_usb.o
                0x08001f50                USB_DisableGlobalInt
 .text.USB_FlushTxFifo
                0x08001f5c       0x4a build/stm32f4xx_ll_usb.o
                0x08001f5c                USB_FlushTxFifo
 .text.USB_FlushRxFifo
                0x08001fa6       0x46 build/stm32f4xx_ll_usb.o
                0x08001fa6                USB_FlushRxFifo
 .text.USB_WritePacket
                0x08001fec       0x2e build/stm32f4xx_ll_usb.o
                0x08001fec                USB_WritePacket
 .text.USB_ReadPacket
                0x0800201a       0x54 build/stm32f4xx_ll_usb.o
                0x0800201a                USB_ReadPacket
 .text.USB_ReadInterrupts
                0x0800206e        0x8 build/stm32f4xx_ll_usb.o
                0x0800206e                USB_ReadInterrupts
 .text.USB_ReadChInterrupts
                0x08002076       0x10 build/stm32f4xx_ll_usb.o
                0x08002076                USB_ReadChInterrupts
 .text.USB_GetMode
                0x08002086        0x8 build/stm32f4xx_ll_usb.o
                0x08002086                USB_GetMode
 .text.USB_SetCurrentMode
                0x0800208e       0x62 build/stm32f4xx_ll_usb.o
                0x0800208e                USB_SetCurrentMode
 .text.USB_HostInit
                0x080020f0      0x100 build/stm32f4xx_ll_usb.o
                0x080020f0                USB_HostInit
 .text.USB_InitFSLSPClkSel
                0x080021f0       0x42 build/stm32f4xx_ll_usb.o
                0x080021f0                USB_InitFSLSPClkSel
 .text.USB_ResetPort
                0x08002232       0x3e build/stm32f4xx_ll_usb.o
                0x08002232                USB_ResetPort
 .text.USB_DriveVbus
                0x08002270       0x46 build/stm32f4xx_ll_usb.o
                0x08002270                USB_DriveVbus
 .text.USB_GetHostSpeed
                0x080022b6       0x16 build/stm32f4xx_ll_usb.o
                0x080022b6                USB_GetHostSpeed
 .text.USB_GetCurrentFrame
                0x080022cc        0xa build/stm32f4xx_ll_usb.o
                0x080022cc                USB_GetCurrentFrame
 *fill*         0x080022d6        0x2 
 .text.USB_HC_Init
                0x080022d8      0x134 build/stm32f4xx_ll_usb.o
                0x080022d8                USB_HC_Init
 .text.USB_HC_ReadInterrupt
                0x0800240c        0xa build/stm32f4xx_ll_usb.o
                0x0800240c                USB_HC_ReadInterrupt
 .text.USB_HC_Halt
                0x08002416       0xfc build/stm32f4xx_ll_usb.o
                0x08002416                USB_HC_Halt
 *fill*         0x08002512        0x2 
 .text.USB_DoPing
                0x08002514       0x24 build/stm32f4xx_ll_usb.o
                0x08002514                USB_DoPing
 .text.USB_HC_StartXfer
                0x08002538      0x2b0 build/stm32f4xx_ll_usb.o
                0x08002538                USB_HC_StartXfer
 .text.USB_StopHost
                0x080027e8       0x92 build/stm32f4xx_ll_usb.o
                0x080027e8                USB_StopHost
 *fill*         0x0800287a        0x2 
 .text.HAL_RCC_OscConfig
                0x0800287c      0x3f8 build/stm32f4xx_hal_rcc.o
                0x0800287c                HAL_RCC_OscConfig
 .text.HAL_RCC_GetSysClockFreq
                0x08002c74       0xd4 build/stm32f4xx_hal_rcc.o
                0x08002c74                HAL_RCC_GetSysClockFreq
 .text.HAL_RCC_ClockConfig
                0x08002d48      0x160 build/stm32f4xx_hal_rcc.o
                0x08002d48                HAL_RCC_ClockConfig
 .text.HAL_RCC_GetHCLKFreq
                0x08002ea8        0xc build/stm32f4xx_hal_rcc.o
                0x08002ea8                HAL_RCC_GetHCLKFreq
 .text.HAL_RCC_GetPCLK1Freq
                0x08002eb4       0x20 build/stm32f4xx_hal_rcc.o
                0x08002eb4                HAL_RCC_GetPCLK1Freq
 .text.HAL_RCC_GetPCLK2Freq
                0x08002ed4       0x20 build/stm32f4xx_hal_rcc.o
                0x08002ed4                HAL_RCC_GetPCLK2Freq
 .text.HAL_RCCEx_PeriphCLKConfig
                0x08002ef4      0x154 build/stm32f4xx_hal_rcc_ex.o
                0x08002ef4                HAL_RCCEx_PeriphCLKConfig
 .text.HAL_RCCEx_GetPeriphCLKFreq
                0x08003048       0x70 build/stm32f4xx_hal_rcc_ex.o
                0x08003048                HAL_RCCEx_GetPeriphCLKFreq
 .text.HAL_GPIO_Init
                0x080030b8      0x1e4 build/stm32f4xx_hal_gpio.o
                0x080030b8                HAL_GPIO_Init
 .text.HAL_GPIO_WritePin
                0x0800329c        0xc build/stm32f4xx_hal_gpio.o
                0x0800329c                HAL_GPIO_WritePin
 .text.HAL_NVIC_SetPriorityGrouping
                0x080032a8       0x24 build/stm32f4xx_hal_cortex.o
                0x080032a8                HAL_NVIC_SetPriorityGrouping
 .text.HAL_NVIC_SetPriority
                0x080032cc       0x70 build/stm32f4xx_hal_cortex.o
                0x080032cc                HAL_NVIC_SetPriority
 .text.HAL_NVIC_EnableIRQ
                0x0800333c       0x1c build/stm32f4xx_hal_cortex.o
                0x0800333c                HAL_NVIC_EnableIRQ
 .text.HAL_SYSTICK_Config
                0x08003358       0x28 build/stm32f4xx_hal_cortex.o
                0x08003358                HAL_SYSTICK_Config
 .text.HAL_InitTick
                0x08003380       0x4c build/stm32f4xx_hal.o
                0x08003380                HAL_InitTick
 .text.HAL_Init
                0x080033cc       0x34 build/stm32f4xx_hal.o
                0x080033cc                HAL_Init
 .text.HAL_IncTick
                0x08003400       0x18 build/stm32f4xx_hal.o
                0x08003400                HAL_IncTick
 .text.HAL_GetTick
                0x08003418        0xc build/stm32f4xx_hal.o
                0x08003418                HAL_GetTick
 .text.HAL_Delay
                0x08003424       0x28 build/stm32f4xx_hal.o
                0x08003424                HAL_Delay
 .text.HAL_I2C_Init
                0x0800344c      0x1bc build/stm32f4xx_hal_i2c.o
                0x0800344c                HAL_I2C_Init
 .text.HAL_I2S_Init
                0x08003608      0x19c build/stm32f4xx_hal_i2s.o
                0x08003608                HAL_I2S_Init
 .text.HAL_I2S_TxCpltCallback
                0x080037a4        0x2 build/stm32f4xx_hal_i2s.o
                0x080037a4                HAL_I2S_TxCpltCallback
 .text.I2S_Transmit_IT
                0x080037a6       0x38 build/stm32f4xx_hal_i2s.o
 .text.HAL_I2S_RxCpltCallback
                0x080037de        0x2 build/stm32f4xx_hal_i2s.o
                0x080037de                HAL_I2S_RxCpltCallback
 .text.I2S_Receive_IT
                0x080037e0       0x38 build/stm32f4xx_hal_i2s.o
 .text.HAL_I2S_ErrorCallback
                0x08003818        0x2 build/stm32f4xx_hal_i2s.o
                0x08003818                HAL_I2S_ErrorCallback
 .text.I2S_IRQHandler
                0x0800381a       0xd0 build/stm32f4xx_hal_i2s.o
 .text.HAL_I2SEx_TxRxCpltCallback
                0x080038ea        0x2 build/stm32f4xx_hal_i2s_ex.o
                0x080038ea                HAL_I2SEx_TxRxCpltCallback
 .text.I2SEx_TxISR_I2S
                0x080038ec       0x3c build/stm32f4xx_hal_i2s_ex.o
 .text.I2SEx_RxISR_I2SExt
                0x08003928       0x64 build/stm32f4xx_hal_i2s_ex.o
 .text.I2SEx_TxISR_I2SExt
                0x0800398c       0x64 build/stm32f4xx_hal_i2s_ex.o
 .text.I2SEx_RxISR_I2S
                0x080039f0       0x3c build/stm32f4xx_hal_i2s_ex.o
 .text.HAL_I2SEx_FullDuplex_IRQHandler
                0x08003a2c      0x1d8 build/stm32f4xx_hal_i2s_ex.o
                0x08003a2c                HAL_I2SEx_FullDuplex_IRQHandler
 .text.HAL_SPI_Init
                0x08003c04       0xbe build/stm32f4xx_hal_spi.o
                0x08003c04                HAL_SPI_Init
 .text.UART_EndRxTransfer
                0x08003cc2       0x5c build/stm32f4xx_hal_uart.o
 *fill*         0x08003d1e        0x2 
 .text.UART_SetConfig
                0x08003d20      0x110 build/stm32f4xx_hal_uart.o
 .text.UART_WaitOnFlagUntilTimeout
                0x08003e30       0x8a build/stm32f4xx_hal_uart.o
 .text.HAL_UART_Init
                0x08003eba       0x60 build/stm32f4xx_hal_uart.o
                0x08003eba                HAL_UART_Init
 .text.HAL_UART_Transmit
                0x08003f1a       0xcc build/stm32f4xx_hal_uart.o
                0x08003f1a                HAL_UART_Transmit
 *fill*         0x08003fe6        0x2 
 .text.SystemInit
                0x08003fe8       0x14 build/system_stm32f4xx.o
                0x08003fe8                SystemInit
 .text.USBH_HandleSof
                0x08003ffc       0x1a build/usbh_core.o
 .text.DeInitStateMachine
                0x08004016       0x94 build/usbh_core.o
 .text.USBH_HandleEnum
                0x080040aa      0x26e build/usbh_core.o
 .text.USBH_Init
                0x08004318       0x3e build/usbh_core.o
                0x08004318                USBH_Init
 .text.USBH_RegisterClass
                0x08004356       0x22 build/usbh_core.o
                0x08004356                USBH_RegisterClass
 .text.USBH_SelectInterface
                0x08004378       0x14 build/usbh_core.o
                0x08004378                USBH_SelectInterface
 .text.USBH_FindInterface
                0x0800438c       0x54 build/usbh_core.o
                0x0800438c                USBH_FindInterface
 .text.USBH_Start
                0x080043e0       0x14 build/usbh_core.o
                0x080043e0                USBH_Start
 .text.USBH_Process
                0x080043f4      0x28e build/usbh_core.o
                0x080043f4                USBH_Process
 .text.USBH_LL_SetTimer
                0x08004682        0x6 build/usbh_core.o
                0x08004682                USBH_LL_SetTimer
 .text.USBH_LL_IncTimer
                0x08004688       0x12 build/usbh_core.o
                0x08004688                USBH_LL_IncTimer
 .text.USBH_LL_PortEnabled
                0x0800469a        0x8 build/usbh_core.o
                0x0800469a                USBH_LL_PortEnabled
 .text.USBH_LL_PortDisabled
                0x080046a2        0x8 build/usbh_core.o
                0x080046a2                USBH_LL_PortDisabled
 .text.USBH_LL_Connect
                0x080046aa       0x14 build/usbh_core.o
                0x080046aa                USBH_LL_Connect
 .text.USBH_LL_Disconnect
                0x080046be       0x2c build/usbh_core.o
                0x080046be                USBH_LL_Disconnect
 .text.USBH_ParseDevDesc
                0x080046ea       0xf2 build/usbh_ctlreq.o
 .text.USBH_ParseInterfaceDesc
                0x080047dc       0x2c build/usbh_ctlreq.o
 .text.USBH_ParseEPDesc
                0x08004808       0xe4 build/usbh_ctlreq.o
 .text.USBH_ParseStringDesc
                0x080048ec       0x32 build/usbh_ctlreq.o
 .text.USBH_HandleControl
                0x0800491e      0x1d8 build/usbh_ctlreq.o
 .text.USBH_GetNextDesc
                0x08004af6        0xe build/usbh_ctlreq.o
                0x08004af6                USBH_GetNextDesc
 .text.USBH_ParseCfgDesc
                0x08004b04      0x172 build/usbh_ctlreq.o
 .text.USBH_CtlReq
                0x08004c76       0x40 build/usbh_ctlreq.o
                0x08004c76                USBH_CtlReq
 .text.USBH_GetDescriptor
                0x08004cb6       0x42 build/usbh_ctlreq.o
                0x08004cb6                USBH_GetDescriptor
 .text.USBH_Get_DevDesc
                0x08004cf8       0x36 build/usbh_ctlreq.o
                0x08004cf8                USBH_Get_DevDesc
 .text.USBH_Get_CfgDesc
                0x08004d2e       0x36 build/usbh_ctlreq.o
                0x08004d2e                USBH_Get_CfgDesc
 .text.USBH_Get_StringDesc
                0x08004d64       0x40 build/usbh_ctlreq.o
                0x08004d64                USBH_Get_StringDesc
 .text.USBH_SetAddress
                0x08004da4       0x22 build/usbh_ctlreq.o
                0x08004da4                USBH_SetAddress
 .text.USBH_SetCfg
                0x08004dc6       0x22 build/usbh_ctlreq.o
                0x08004dc6                USBH_SetCfg
 .text.USBH_SetFeature
                0x08004de8       0x22 build/usbh_ctlreq.o
                0x08004de8                USBH_SetFeature
 .text.USBH_ClrFeature
                0x08004e0a       0x24 build/usbh_ctlreq.o
                0x08004e0a                USBH_ClrFeature
 .text.USBH_CtlSendSetup
                0x08004e2e       0x22 build/usbh_ioreq.o
                0x08004e2e                USBH_CtlSendSetup
 .text.USBH_CtlSendData
                0x08004e50       0x2c build/usbh_ioreq.o
                0x08004e50                USBH_CtlSendData
 .text.USBH_CtlReceiveData
                0x08004e7c       0x20 build/usbh_ioreq.o
                0x08004e7c                USBH_CtlReceiveData
 .text.USBH_BulkSendData
                0x08004e9c       0x2c build/usbh_ioreq.o
                0x08004e9c                USBH_BulkSendData
 .text.USBH_BulkReceiveData
                0x08004ec8       0x20 build/usbh_ioreq.o
                0x08004ec8                USBH_BulkReceiveData
 .text.USBH_GetFreePipe
                0x08004ee8       0x26 build/usbh_pipes.o
 .text.USBH_OpenPipe
                0x08004f0e       0x20 build/usbh_pipes.o
                0x08004f0e                USBH_OpenPipe
 .text.USBH_ClosePipe
                0x08004f2e        0xa build/usbh_pipes.o
                0x08004f2e                USBH_ClosePipe
 .text.USBH_AllocPipe
                0x08004f38       0x26 build/usbh_pipes.o
                0x08004f38                USBH_AllocPipe
 .text.USBH_FreePipe
                0x08004f5e       0x16 build/usbh_pipes.o
                0x08004f5e                USBH_FreePipe
 .text.USBH_CDC_SOFProcess
                0x08004f74        0x4 build/usbh_cdc.o
 .text.SetLineCoding
                0x08004f78       0x1a build/usbh_cdc.o
 .text.GetLineCoding
                0x08004f92       0x1a build/usbh_cdc.o
 .text.USBH_CDC_ClassRequest
                0x08004fac       0x22 build/usbh_cdc.o
 .text.USBH_CDC_InterfaceDeInit
                0x08004fce       0x68 build/usbh_cdc.o
 .text.USBH_CDC_InterfaceInit
                0x08005036      0x186 build/usbh_cdc.o
 .text.USBH_CDC_TransmitCallback
                0x080051bc        0x2 build/usbh_cdc.o
                0x080051bc                USBH_CDC_TransmitCallback
 .text.CDC_ProcessTransmission
                0x080051be       0x94 build/usbh_cdc.o
 .text.USBH_CDC_ReceiveCallback
                0x08005252        0x2 build/usbh_cdc.o
                0x08005252                USBH_CDC_ReceiveCallback
 .text.CDC_ProcessReception
                0x08005254       0x68 build/usbh_cdc.o
 .text.USBH_CDC_LineCodingChanged
                0x080052bc        0x2 build/usbh_cdc.o
                0x080052bc                USBH_CDC_LineCodingChanged
 .text.USBH_CDC_Process
                0x080052be       0xb2 build/usbh_cdc.o
 .text._sbrk    0x08005370       0x48 build/sysmem.o
                0x08005370                _sbrk
 .text.Reset_Handler
                0x080053b8       0x50 build/startup_stm32f407xx.o
                0x080053b8                Reset_Handler
 .text.Default_Handler
                0x08005408        0x2 build/startup_stm32f407xx.o
                0x08005408                RTC_Alarm_IRQHandler
                0x08005408                HASH_RNG_IRQHandler
                0x08005408                EXTI2_IRQHandler
                0x08005408                TIM8_CC_IRQHandler
                0x08005408                TIM1_CC_IRQHandler
                0x08005408                DMA2_Stream5_IRQHandler
                0x08005408                DMA1_Stream5_IRQHandler
                0x08005408                PVD_IRQHandler
                0x08005408                SDIO_IRQHandler
                0x08005408                TAMP_STAMP_IRQHandler
                0x08005408                CAN2_RX1_IRQHandler
                0x08005408                EXTI3_IRQHandler
                0x08005408                TIM8_TRG_COM_TIM14_IRQHandler
                0x08005408                TIM1_UP_TIM10_IRQHandler
                0x08005408                TIM8_UP_TIM13_IRQHandler
                0x08005408                I2C3_ER_IRQHandler
                0x08005408                EXTI0_IRQHandler
                0x08005408                I2C2_EV_IRQHandler
                0x08005408                DMA1_Stream2_IRQHandler
                0x08005408                CAN1_RX0_IRQHandler
                0x08005408                FPU_IRQHandler
                0x08005408                OTG_HS_WKUP_IRQHandler
                0x08005408                CAN2_SCE_IRQHandler
                0x08005408                DMA2_Stream2_IRQHandler
                0x08005408                SPI1_IRQHandler
                0x08005408                TIM6_DAC_IRQHandler
                0x08005408                TIM1_BRK_TIM9_IRQHandler
                0x08005408                DCMI_IRQHandler
                0x08005408                CAN2_RX0_IRQHandler
                0x08005408                DMA2_Stream3_IRQHandler
                0x08005408                USART6_IRQHandler
                0x08005408                USART3_IRQHandler
                0x08005408                CAN1_RX1_IRQHandler
                0x08005408                UART5_IRQHandler
                0x08005408                DMA2_Stream0_IRQHandler
                0x08005408                TIM4_IRQHandler
                0x08005408                I2C1_EV_IRQHandler
                0x08005408                DMA1_Stream6_IRQHandler
                0x08005408                DMA1_Stream1_IRQHandler
                0x08005408                UART4_IRQHandler
                0x08005408                TIM3_IRQHandler
                0x08005408                RCC_IRQHandler
                0x08005408                TIM8_BRK_TIM12_IRQHandler
                0x08005408                Default_Handler
                0x08005408                EXTI15_10_IRQHandler
                0x08005408                ADC_IRQHandler
                0x08005408                DMA1_Stream7_IRQHandler
                0x08005408                TIM7_IRQHandler
                0x08005408                CAN2_TX_IRQHandler
                0x08005408                TIM5_IRQHandler
                0x08005408                DMA2_Stream7_IRQHandler
                0x08005408                I2C3_EV_IRQHandler
                0x08005408                EXTI9_5_IRQHandler
                0x08005408                RTC_WKUP_IRQHandler
                0x08005408                ETH_WKUP_IRQHandler
                0x08005408                SPI2_IRQHandler
                0x08005408                OTG_HS_EP1_IN_IRQHandler
                0x08005408                DMA1_Stream0_IRQHandler
                0x08005408                CAN1_TX_IRQHandler
                0x08005408                EXTI4_IRQHandler
                0x08005408                FSMC_IRQHandler
                0x08005408                ETH_IRQHandler
                0x08005408                OTG_HS_EP1_OUT_IRQHandler
                0x08005408                WWDG_IRQHandler
                0x08005408                TIM2_IRQHandler
                0x08005408                OTG_FS_WKUP_IRQHandler
                0x08005408                TIM1_TRG_COM_TIM11_IRQHandler
                0x08005408                OTG_HS_IRQHandler
                0x08005408                EXTI1_IRQHandler
                0x08005408                USART2_IRQHandler
                0x08005408                I2C2_ER_IRQHandler
                0x08005408                DMA2_Stream1_IRQHandler
                0x08005408                CAN1_SCE_IRQHandler
                0x08005408                FLASH_IRQHandler
                0x08005408                DMA2_Stream4_IRQHandler
                0x08005408                USART1_IRQHandler
                0x08005408                SPI3_IRQHandler
                0x08005408                DMA1_Stream4_IRQHandler
                0x08005408                I2C1_ER_IRQHandler
                0x08005408                DMA2_Stream6_IRQHandler
                0x08005408                DMA1_Stream3_IRQHandler
 *fill*         0x0800540a        0x2 
 .text.__errno  0x0800540c        0xc c:/dev/tools/gcc-arm-none-eabi-10.3-2021.10/bin/../lib/gcc/arm-none-eabi/10.3.1/../../../../arm-none-eabi/lib/thumb/v7e-m+fp/hard\libc_nano.a(lib_a-errno.o)
                0x0800540c                __errno
 .text.__libc_init_array
                0x08005418       0x48 c:/dev/tools/gcc-arm-none-eabi-10.3-2021.10/bin/../lib/gcc/arm-none-eabi/10.3.1/../../../../arm-none-eabi/lib/thumb/v7e-m+fp/hard\libc_nano.a(lib_a-init.o)
                0x08005418                __libc_init_array
 .text.malloc   0x08005460       0x10 c:/dev/tools/gcc-arm-none-eabi-10.3-2021.10/bin/../lib/gcc/arm-none-eabi/10.3.1/../../../../arm-none-eabi/lib/thumb/v7e-m+fp/hard\libc_nano.a(lib_a-malloc.o)
                0x08005460                malloc
 .text.free     0x08005470       0x10 c:/dev/tools/gcc-arm-none-eabi-10.3-2021.10/bin/../lib/gcc/arm-none-eabi/10.3.1/../../../../arm-none-eabi/lib/thumb/v7e-m+fp/hard\libc_nano.a(lib_a-malloc.o)
                0x08005470                free
 .text.memset   0x08005480       0x10 c:/dev/tools/gcc-arm-none-eabi-10.3-2021.10/bin/../lib/gcc/arm-none-eabi/10.3.1/../../../../arm-none-eabi/lib/thumb/v7e-m+fp/hard\libc_nano.a(lib_a-memset.o)
                0x08005480                memset
 .text._free_r  0x08005490       0x98 c:/dev/tools/gcc-arm-none-eabi-10.3-2021.10/bin/../lib/gcc/arm-none-eabi/10.3.1/../../../../arm-none-eabi/lib/thumb/v7e-m+fp/hard\libc_nano.a(lib_a-nano-freer.o)
                0x08005490                _free_r
 .text.sbrk_aligned
                0x08005528       0x40 c:/dev/tools/gcc-arm-none-eabi-10.3-2021.10/bin/../lib/gcc/arm-none-eabi/10.3.1/../../../../arm-none-eabi/lib/thumb/v7e-m+fp/hard\libc_nano.a(lib_a-nano-mallocr.o)
 .text._malloc_r
                0x08005568       0xe8 c:/dev/tools/gcc-arm-none-eabi-10.3-2021.10/bin/../lib/gcc/arm-none-eabi/10.3.1/../../../../arm-none-eabi/lib/thumb/v7e-m+fp/hard\libc_nano.a(lib_a-nano-mallocr.o)
                0x08005568                _malloc_r
 .text._sbrk_r  0x08005650       0x20 c:/dev/tools/gcc-arm-none-eabi-10.3-2021.10/bin/../lib/gcc/arm-none-eabi/10.3.1/../../../../arm-none-eabi/lib/thumb/v7e-m+fp/hard\libc_nano.a(lib_a-sbrkr.o)
                0x08005650                _sbrk_r
 .text.__malloc_lock
                0x08005670        0xc c:/dev/tools/gcc-arm-none-eabi-10.3-2021.10/bin/../lib/gcc/arm-none-eabi/10.3.1/../../../../arm-none-eabi/lib/thumb/v7e-m+fp/hard\libc_nano.a(lib_a-mlock.o)
                0x08005670                __malloc_lock
 .text.__malloc_unlock
                0x0800567c        0xc c:/dev/tools/gcc-arm-none-eabi-10.3-2021.10/bin/../lib/gcc/arm-none-eabi/10.3.1/../../../../arm-none-eabi/lib/thumb/v7e-m+fp/hard\libc_nano.a(lib_a-mlock.o)
                0x0800567c                __malloc_unlock
 .text.__retarget_lock_acquire_recursive
                0x08005688        0x2 c:/dev/tools/gcc-arm-none-eabi-10.3-2021.10/bin/../lib/gcc/arm-none-eabi/10.3.1/../../../../arm-none-eabi/lib/thumb/v7e-m+fp/hard\libc_nano.a(lib_a-lock.o)
                0x08005688                __retarget_lock_acquire_recursive
 .text.__retarget_lock_release_recursive
                0x0800568a        0x2 c:/dev/tools/gcc-arm-none-eabi-10.3-2021.10/bin/../lib/gcc/arm-none-eabi/10.3.1/../../../../arm-none-eabi/lib/thumb/v7e-m+fp/hard\libc_nano.a(lib_a-lock.o)
                0x0800568a                __retarget_lock_release_recursive
 *(.glue_7)
 .glue_7        0x0800568c        0x0 linker stubs
 *(.glue_7t)
 .glue_7t       0x0800568c        0x0 linker stubs
 *(.eh_frame)
 .eh_frame      0x0800568c        0x0 c:/dev/tools/gcc-arm-none-eabi-10.3-2021.10/bin/../lib/gcc/arm-none-eabi/10.3.1/thumb/v7e-m+fp/hard/crtbegin.o
 *(.init)
 .init          0x0800568c        0x4 c:/dev/tools/gcc-arm-none-eabi-10.3-2021.10/bin/../lib/gcc/arm-none-eabi/10.3.1/thumb/v7e-m+fp/hard/crti.o
                0x0800568c                _init
 .init          0x08005690        0x8 c:/dev/tools/gcc-arm-none-eabi-10.3-2021.10/bin/../lib/gcc/arm-none-eabi/10.3.1/thumb/v7e-m+fp/hard/crtn.o
 *(.fini)
 .fini          0x08005698        0x4 c:/dev/tools/gcc-arm-none-eabi-10.3-2021.10/bin/../lib/gcc/arm-none-eabi/10.3.1/thumb/v7e-m+fp/hard/crti.o
                0x08005698                _fini
 .fini          0x0800569c        0x8 c:/dev/tools/gcc-arm-none-eabi-10.3-2021.10/bin/../lib/gcc/arm-none-eabi/10.3.1/thumb/v7e-m+fp/hard/crtn.o
                0x080056a4                . = ALIGN (0x4)
                0x080056a4                _etext = .

.vfp11_veneer   0x080056a4        0x0
 .vfp11_veneer  0x080056a4        0x0 linker stubs

.v4_bx          0x080056a4        0x0
 .v4_bx         0x080056a4        0x0 linker stubs

.iplt           0x080056a4        0x0
 .iplt          0x080056a4        0x0 c:/dev/tools/gcc-arm-none-eabi-10.3-2021.10/bin/../lib/gcc/arm-none-eabi/10.3.1/thumb/v7e-m+fp/hard/crtbegin.o

.rodata         0x080056a4       0x34
                0x080056a4                . = ALIGN (0x4)
 *(.rodata)
 *(.rodata*)
 .rodata.main.str1.4
                0x080056a4       0x17 build/main.o
 *fill*         0x080056bb        0x1 
 .rodata.AHBPrescTable
                0x080056bc       0x10 build/system_stm32f4xx.o
                0x080056bc                AHBPrescTable
 .rodata.APBPrescTable
                0x080056cc        0x8 build/system_stm32f4xx.o
                0x080056cc                APBPrescTable
 .rodata.str1.4
                0x080056d4        0x4 build/usbh_cdc.o
                0x080056d8                . = ALIGN (0x4)

.ARM.extab      0x080056d8        0x0
                0x080056d8                . = ALIGN (0x4)
 *(.ARM.extab* .gnu.linkonce.armextab.*)
                0x080056d8                . = ALIGN (0x4)

.ARM            0x080056d8        0x8
                0x080056d8                . = ALIGN (0x4)
                0x080056d8                __exidx_start = .
 *(.ARM.exidx*)
 .ARM.exidx     0x080056d8        0x8 c:/dev/tools/gcc-arm-none-eabi-10.3-2021.10/bin/../lib/gcc/arm-none-eabi/10.3.1/thumb/v7e-m+fp/hard\libgcc.a(_udivmoddi4.o)
                0x080056e0                __exidx_end = .
                0x080056e0                . = ALIGN (0x4)

.rel.dyn        0x080056e0        0x0
 .rel.iplt      0x080056e0        0x0 c:/dev/tools/gcc-arm-none-eabi-10.3-2021.10/bin/../lib/gcc/arm-none-eabi/10.3.1/thumb/v7e-m+fp/hard/crtbegin.o

.preinit_array  0x080056e0        0x0
                0x080056e0                . = ALIGN (0x4)
                0x080056e0                PROVIDE (__preinit_array_start = .)
 *(.preinit_array*)
                0x080056e0                PROVIDE (__preinit_array_end = .)
                0x080056e0                . = ALIGN (0x4)

.init_array     0x080056e0        0x4
                0x080056e0                . = ALIGN (0x4)
                0x080056e0                PROVIDE (__init_array_start = .)
 *(SORT_BY_NAME(.init_array.*))
 *(.init_array*)
 .init_array    0x080056e0        0x4 c:/dev/tools/gcc-arm-none-eabi-10.3-2021.10/bin/../lib/gcc/arm-none-eabi/10.3.1/thumb/v7e-m+fp/hard/crtbegin.o
                0x080056e4                PROVIDE (__init_array_end = .)
                0x080056e4                . = ALIGN (0x4)

.fini_array     0x080056e4        0x4
                0x080056e4                . = ALIGN (0x4)
                [!provide]                PROVIDE (__fini_array_start = .)
 *(SORT_BY_NAME(.fini_array.*))
 *(.fini_array*)
 .fini_array    0x080056e4        0x4 c:/dev/tools/gcc-arm-none-eabi-10.3-2021.10/bin/../lib/gcc/arm-none-eabi/10.3.1/thumb/v7e-m+fp/hard/crtbegin.o
                [!provide]                PROVIDE (__fini_array_end = .)
                0x080056e8                . = ALIGN (0x4)
                0x080056e8                _sidata = LOADADDR (.data)

.data           0x20000000       0x90 load address 0x080056e8
                0x20000000                . = ALIGN (0x4)
                0x20000000                _sdata = .
 *(.data)
 *(.data*)
 .data.uwTickFreq
                0x20000000        0x1 build/stm32f4xx_hal.o
                0x20000000                uwTickFreq
 *fill*         0x20000001        0x3 
 .data.uwTickPrio
                0x20000004        0x4 build/stm32f4xx_hal.o
                0x20000004                uwTickPrio
 .data.SystemCoreClock
                0x20000008        0x4 build/system_stm32f4xx.o
                0x20000008                SystemCoreClock
 .data.CDC_Class
                0x2000000c       0x20 build/usbh_cdc.o
                0x2000000c                CDC_Class
 .data._impure_ptr
                0x2000002c        0x4 c:/dev/tools/gcc-arm-none-eabi-10.3-2021.10/bin/../lib/gcc/arm-none-eabi/10.3.1/../../../../arm-none-eabi/lib/thumb/v7e-m+fp/hard\libc_nano.a(lib_a-impure.o)
                0x2000002c                _impure_ptr
 .data.impure_data
                0x20000030       0x60 c:/dev/tools/gcc-arm-none-eabi-10.3-2021.10/bin/../lib/gcc/arm-none-eabi/10.3.1/../../../../arm-none-eabi/lib/thumb/v7e-m+fp/hard\libc_nano.a(lib_a-impure.o)
 *(.RamFunc)
 *(.RamFunc*)
                0x20000090                . = ALIGN (0x4)
                0x20000090                _edata = .
                0x08005778                _siccmram = LOADADDR (.ccmram)

.igot.plt       0x20000090        0x0 load address 0x08005778
 .igot.plt      0x20000090        0x0 c:/dev/tools/gcc-arm-none-eabi-10.3-2021.10/bin/../lib/gcc/arm-none-eabi/10.3.1/thumb/v7e-m+fp/hard/crtbegin.o

.ccmram         0x10000000        0x0 load address 0x08005778
                0x10000000                . = ALIGN (0x4)
                0x10000000                _sccmram = .
 *(.ccmram)
 *(.ccmram*)
                0x10000000                . = ALIGN (0x4)
                0x10000000                _eccmram = .
                0x10000000                . = ALIGN (0x4)

.bss            0x20000090      0x92c
                0x20000090                _sbss = .
                0x20000090                __bss_start__ = _sbss
 *(.bss)
 .bss           0x20000090       0x1c c:/dev/tools/gcc-arm-none-eabi-10.3-2021.10/bin/../lib/gcc/arm-none-eabi/10.3.1/thumb/v7e-m+fp/hard/crtbegin.o
 *(.bss*)
 .bss.hi2c1     0x200000ac       0x54 build/main.o
                0x200000ac                hi2c1
 .bss.hi2s3     0x20000100       0x48 build/main.o
                0x20000100                hi2s3
 .bss.hspi1     0x20000148       0x58 build/main.o
                0x20000148                hspi1
 .bss.huart2    0x200001a0       0x48 build/main.o
                0x200001a0                huart2
 .bss.Appli_state
                0x200001e8        0x1 build/usb_host.o
                0x200001e8                Appli_state
 *fill*         0x200001e9        0x3 
 .bss.hUsbHostFS
                0x200001ec      0x3d8 build/usb_host.o
                0x200001ec                hUsbHostFS
 .bss.hhcd_USB_OTG_FS
                0x200005c4      0x3e0 build/usbh_conf.o
                0x200005c4                hhcd_USB_OTG_FS
 .bss.uwTick    0x200009a4        0x4 build/stm32f4xx_hal.o
                0x200009a4                uwTick
 .bss.__sbrk_heap_end
                0x200009a8        0x4 build/sysmem.o
 .bss.__malloc_free_list
                0x200009ac        0x4 c:/dev/tools/gcc-arm-none-eabi-10.3-2021.10/bin/../lib/gcc/arm-none-eabi/10.3.1/../../../../arm-none-eabi/lib/thumb/v7e-m+fp/hard\libc_nano.a(lib_a-nano-mallocr.o)
                0x200009ac                __malloc_free_list
 .bss.__malloc_sbrk_start
                0x200009b0        0x4 c:/dev/tools/gcc-arm-none-eabi-10.3-2021.10/bin/../lib/gcc/arm-none-eabi/10.3.1/../../../../arm-none-eabi/lib/thumb/v7e-m+fp/hard\libc_nano.a(lib_a-nano-mallocr.o)
                0x200009b0                __malloc_sbrk_start
 .bss.errno     0x200009b4        0x4 c:/dev/tools/gcc-arm-none-eabi-10.3-2021.10/bin/../lib/gcc/arm-none-eabi/10.3.1/../../../../arm-none-eabi/lib/thumb/v7e-m+fp/hard\libc_nano.a(lib_a-reent.o)
                0x200009b4                errno
 .bss.__lock___malloc_recursive_mutex
                0x200009b8        0x1 c:/dev/tools/gcc-arm-none-eabi-10.3-2021.10/bin/../lib/gcc/arm-none-eabi/10.3.1/../../../../arm-none-eabi/lib/thumb/v7e-m+fp/hard\libc_nano.a(lib_a-lock.o)
                0x200009b8                __lock___malloc_recursive_mutex
 *(COMMON)
                0x200009bc                . = ALIGN (0x4)
 *fill*         0x200009b9        0x3 
                0x200009bc                _ebss = .
                0x200009bc                __bss_end__ = _ebss

._user_heap_stack
                0x200009bc      0x604
                0x200009c0                . = ALIGN (0x8)
 *fill*         0x200009bc        0x4 
                [!provide]                PROVIDE (end = .)
                0x200009c0                PROVIDE (_end = .)
                0x20000bc0                . = (. + _Min_Heap_Size)
 *fill*         0x200009c0      0x200 
                0x20000fc0                . = (. + _Min_Stack_Size)
 *fill*         0x20000bc0      0x400 
                0x20000fc0                . = ALIGN (0x8)

/DISCARD/
 libc.a(*)
 libm.a(*)
 libgcc.a(*)

.ARM.attributes
                0x00000000       0x30
 *(.ARM.attributes)
 .ARM.attributes
                0x00000000       0x1e c:/dev/tools/gcc-arm-none-eabi-10.3-2021.10/bin/../lib/gcc/arm-none-eabi/10.3.1/thumb/v7e-m+fp/hard/crti.o
 .ARM.attributes
                0x0000001e       0x34 c:/dev/tools/gcc-arm-none-eabi-10.3-2021.10/bin/../lib/gcc/arm-none-eabi/10.3.1/thumb/v7e-m+fp/hard/crtbegin.o
 .ARM.attributes
                0x00000052       0x34 build/main.o
 .ARM.attributes
                0x00000086       0x34 build/stm32f4xx_it.o
 .ARM.attributes
                0x000000ba       0x34 build/stm32f4xx_hal_msp.o
 .ARM.attributes
                0x000000ee       0x34 build/usb_host.o
 .ARM.attributes
                0x00000122       0x34 build/usbh_conf.o
 .ARM.attributes
                0x00000156       0x34 build/usbh_platform.o
 .ARM.attributes
                0x0000018a       0x34 build/stm32f4xx_hal_hcd.o
 .ARM.attributes
                0x000001be       0x34 build/stm32f4xx_ll_usb.o
 .ARM.attributes
                0x000001f2       0x34 build/stm32f4xx_hal_rcc.o
 .ARM.attributes
                0x00000226       0x34 build/stm32f4xx_hal_rcc_ex.o
 .ARM.attributes
                0x0000025a       0x34 build/stm32f4xx_hal_gpio.o
 .ARM.attributes
                0x0000028e       0x34 build/stm32f4xx_hal_cortex.o
 .ARM.attributes
                0x000002c2       0x34 build/stm32f4xx_hal.o
 .ARM.attributes
                0x000002f6       0x34 build/stm32f4xx_hal_i2c.o
 .ARM.attributes
                0x0000032a       0x34 build/stm32f4xx_hal_i2s.o
 .ARM.attributes
                0x0000035e       0x34 build/stm32f4xx_hal_i2s_ex.o
 .ARM.attributes
                0x00000392       0x34 build/stm32f4xx_hal_spi.o
 .ARM.attributes
                0x000003c6       0x34 build/stm32f4xx_hal_uart.o
 .ARM.attributes
                0x000003fa       0x34 build/system_stm32f4xx.o
 .ARM.attributes
                0x0000042e       0x34 build/usbh_core.o
 .ARM.attributes
                0x00000462       0x34 build/usbh_ctlreq.o
 .ARM.attributes
                0x00000496       0x34 build/usbh_ioreq.o
 .ARM.attributes
                0x000004ca       0x34 build/usbh_pipes.o
 .ARM.attributes
                0x000004fe       0x34 build/usbh_cdc.o
 .ARM.attributes
                0x00000532       0x34 build/sysmem.o
 .ARM.attributes
                0x00000566       0x21 build/startup_stm32f407xx.o
 .ARM.attributes
                0x00000587       0x34 c:/dev/tools/gcc-arm-none-eabi-10.3-2021.10/bin/../lib/gcc/arm-none-eabi/10.3.1/../../../../arm-none-eabi/lib/thumb/v7e-m+fp/hard\libc_nano.a(lib_a-errno.o)
 .ARM.attributes
                0x000005bb       0x34 c:/dev/tools/gcc-arm-none-eabi-10.3-2021.10/bin/../lib/gcc/arm-none-eabi/10.3.1/../../../../arm-none-eabi/lib/thumb/v7e-m+fp/hard\libc_nano.a(lib_a-impure.o)
 .ARM.attributes
                0x000005ef       0x34 c:/dev/tools/gcc-arm-none-eabi-10.3-2021.10/bin/../lib/gcc/arm-none-eabi/10.3.1/../../../../arm-none-eabi/lib/thumb/v7e-m+fp/hard\libc_nano.a(lib_a-init.o)
 .ARM.attributes
                0x00000623       0x34 c:/dev/tools/gcc-arm-none-eabi-10.3-2021.10/bin/../lib/gcc/arm-none-eabi/10.3.1/../../../../arm-none-eabi/lib/thumb/v7e-m+fp/hard\libc_nano.a(lib_a-malloc.o)
 .ARM.attributes
                0x00000657       0x34 c:/dev/tools/gcc-arm-none-eabi-10.3-2021.10/bin/../lib/gcc/arm-none-eabi/10.3.1/../../../../arm-none-eabi/lib/thumb/v7e-m+fp/hard\libc_nano.a(lib_a-memset.o)
 .ARM.attributes
                0x0000068b       0x34 c:/dev/tools/gcc-arm-none-eabi-10.3-2021.10/bin/../lib/gcc/arm-none-eabi/10.3.1/../../../../arm-none-eabi/lib/thumb/v7e-m+fp/hard\libc_nano.a(lib_a-nano-freer.o)
 .ARM.attributes
                0x000006bf       0x34 c:/dev/tools/gcc-arm-none-eabi-10.3-2021.10/bin/../lib/gcc/arm-none-eabi/10.3.1/../../../../arm-none-eabi/lib/thumb/v7e-m+fp/hard\libc_nano.a(lib_a-nano-mallocr.o)
 .ARM.attributes
                0x000006f3       0x34 c:/dev/tools/gcc-arm-none-eabi-10.3-2021.10/bin/../lib/gcc/arm-none-eabi/10.3.1/../../../../arm-none-eabi/lib/thumb/v7e-m+fp/hard\libc_nano.a(lib_a-sbrkr.o)
 .ARM.attributes
                0x00000727       0x34 c:/dev/tools/gcc-arm-none-eabi-10.3-2021.10/bin/../lib/gcc/arm-none-eabi/10.3.1/../../../../arm-none-eabi/lib/thumb/v7e-m+fp/hard\libc_nano.a(lib_a-mlock.o)
 .ARM.attributes
                0x0000075b       0x34 c:/dev/tools/gcc-arm-none-eabi-10.3-2021.10/bin/../lib/gcc/arm-none-eabi/10.3.1/../../../../arm-none-eabi/lib/thumb/v7e-m+fp/hard\libc_nano.a(lib_a-reent.o)
 .ARM.attributes
                0x0000078f       0x34 c:/dev/tools/gcc-arm-none-eabi-10.3-2021.10/bin/../lib/gcc/arm-none-eabi/10.3.1/../../../../arm-none-eabi/lib/thumb/v7e-m+fp/hard\libc_nano.a(lib_a-lock.o)
 .ARM.attributes
                0x000007c3       0x1e c:/dev/tools/gcc-arm-none-eabi-10.3-2021.10/bin/../lib/gcc/arm-none-eabi/10.3.1/thumb/v7e-m+fp/hard\libgcc.a(_aeabi_uldivmod.o)
 .ARM.attributes
                0x000007e1       0x34 c:/dev/tools/gcc-arm-none-eabi-10.3-2021.10/bin/../lib/gcc/arm-none-eabi/10.3.1/thumb/v7e-m+fp/hard\libgcc.a(_udivmoddi4.o)
 .ARM.attributes
                0x00000815       0x1e c:/dev/tools/gcc-arm-none-eabi-10.3-2021.10/bin/../lib/gcc/arm-none-eabi/10.3.1/thumb/v7e-m+fp/hard\libgcc.a(_dvmd_tls.o)
 .ARM.attributes
                0x00000833       0x1e c:/dev/tools/gcc-arm-none-eabi-10.3-2021.10/bin/../lib/gcc/arm-none-eabi/10.3.1/thumb/v7e-m+fp/hard/crtn.o
OUTPUT(build/HelloWorldTestBuild.elf elf32-littlearm)
LOAD linker stubs
LOAD c:/dev/tools/gcc-arm-none-eabi-10.3-2021.10/bin/../lib/gcc/arm-none-eabi/10.3.1/../../../../arm-none-eabi/lib/thumb/v7e-m+fp/hard\libc.a
LOAD c:/dev/tools/gcc-arm-none-eabi-10.3-2021.10/bin/../lib/gcc/arm-none-eabi/10.3.1/../../../../arm-none-eabi/lib/thumb/v7e-m+fp/hard\libm.a
LOAD c:/dev/tools/gcc-arm-none-eabi-10.3-2021.10/bin/../lib/gcc/arm-none-eabi/10.3.1/thumb/v7e-m+fp/hard\libgcc.a

.debug_info     0x00000000    0x202ba
 .debug_info    0x00000000     0x18c2 build/main.o
 .debug_info    0x000018c2      0x7a6 build/stm32f4xx_it.o
 .debug_info    0x00002068     0x1668 build/stm32f4xx_hal_msp.o
 .debug_info    0x000036d0      0xbc4 build/usb_host.o
 .debug_info    0x00004294     0x21ba build/usbh_conf.o
 .debug_info    0x0000644e      0x212 build/usbh_platform.o
 .debug_info    0x00006660     0x19d5 build/stm32f4xx_hal_hcd.o
 .debug_info    0x00008035     0x2215 build/stm32f4xx_ll_usb.o
 .debug_info    0x0000a24a      0xbe6 build/stm32f4xx_hal_rcc.o
 .debug_info    0x0000ae30      0x6f8 build/stm32f4xx_hal_rcc_ex.o
 .debug_info    0x0000b528      0x848 build/stm32f4xx_hal_gpio.o
 .debug_info    0x0000bd70     0x11c6 build/stm32f4xx_hal_cortex.o
 .debug_info    0x0000cf36      0xacf build/stm32f4xx_hal.o
 .debug_info    0x0000da05     0x3b8f build/stm32f4xx_hal_i2c.o
 .debug_info    0x00011594     0x12bb build/stm32f4xx_hal_i2s.o
 .debug_info    0x0001284f      0xe81 build/stm32f4xx_hal_i2s_ex.o
 .debug_info    0x000136d0     0x1f29 build/stm32f4xx_hal_spi.o
 .debug_info    0x000155f9     0x432e build/stm32f4xx_hal_uart.o
 .debug_info    0x00019927      0x5b3 build/system_stm32f4xx.o
 .debug_info    0x00019eda     0x16c6 build/usbh_core.o
 .debug_info    0x0001b5a0     0x157b build/usbh_ctlreq.o
 .debug_info    0x0001cb1b     0x1013 build/usbh_ioreq.o
 .debug_info    0x0001db2e      0xc5d build/usbh_pipes.o
 .debug_info    0x0001e78b     0x1988 build/usbh_cdc.o
 .debug_info    0x00020113      0x185 build/sysmem.o
 .debug_info    0x00020298       0x22 build/startup_stm32f407xx.o

.debug_abbrev   0x00000000     0x3d81
 .debug_abbrev  0x00000000      0x284 build/main.o
 .debug_abbrev  0x00000284      0x17c build/stm32f4xx_it.o
 .debug_abbrev  0x00000400      0x1fd build/stm32f4xx_hal_msp.o
 .debug_abbrev  0x000005fd      0x263 build/usb_host.o
 .debug_abbrev  0x00000860      0x380 build/usbh_conf.o
 .debug_abbrev  0x00000be0      0x11f build/usbh_platform.o
 .debug_abbrev  0x00000cff      0x2bf build/stm32f4xx_hal_hcd.o
 .debug_abbrev  0x00000fbe      0x300 build/stm32f4xx_ll_usb.o
 .debug_abbrev  0x000012be      0x2aa build/stm32f4xx_hal_rcc.o
 .debug_abbrev  0x00001568      0x1a1 build/stm32f4xx_hal_rcc_ex.o
 .debug_abbrev  0x00001709      0x22b build/stm32f4xx_hal_gpio.o
 .debug_abbrev  0x00001934      0x379 build/stm32f4xx_hal_cortex.o
 .debug_abbrev  0x00001cad      0x209 build/stm32f4xx_hal.o
 .debug_abbrev  0x00001eb6      0x2f3 build/stm32f4xx_hal_i2c.o
 .debug_abbrev  0x000021a9      0x274 build/stm32f4xx_hal_i2s.o
 .debug_abbrev  0x0000241d      0x2b1 build/stm32f4xx_hal_i2s_ex.o
 .debug_abbrev  0x000026ce      0x29e build/stm32f4xx_hal_spi.o
 .debug_abbrev  0x0000296c      0x356 build/stm32f4xx_hal_uart.o
 .debug_abbrev  0x00002cc2      0x11b build/system_stm32f4xx.o
 .debug_abbrev  0x00002ddd      0x36b build/usbh_core.o
 .debug_abbrev  0x00003148      0x334 build/usbh_ctlreq.o
 .debug_abbrev  0x0000347c      0x21e build/usbh_ioreq.o
 .debug_abbrev  0x0000369a      0x284 build/usbh_pipes.o
 .debug_abbrev  0x0000391e      0x367 build/usbh_cdc.o
 .debug_abbrev  0x00003c85       0xea build/sysmem.o
 .debug_abbrev  0x00003d6f       0x12 build/startup_stm32f407xx.o

.debug_loc      0x00000000    0x1768b
 .debug_loc     0x00000000      0x12b build/main.o
 .debug_loc     0x0000012b       0x40 build/stm32f4xx_it.o
 .debug_loc     0x0000016b      0x3bd build/stm32f4xx_hal_msp.o
 .debug_loc     0x00000528       0x40 build/usb_host.o
 .debug_loc     0x00000568      0xba7 build/usbh_conf.o
 .debug_loc     0x0000110f       0x67 build/usbh_platform.o
 .debug_loc     0x00001176      0xf55 build/stm32f4xx_hal_hcd.o
 .debug_loc     0x000020cb     0x29e4 build/stm32f4xx_ll_usb.o
 .debug_loc     0x00004aaf      0x6e4 build/stm32f4xx_hal_rcc.o
 .debug_loc     0x00005193      0x473 build/stm32f4xx_hal_rcc_ex.o
 .debug_loc     0x00005606      0x5e8 build/stm32f4xx_hal_gpio.o
 .debug_loc     0x00005bee      0x7a4 build/stm32f4xx_hal_cortex.o
 .debug_loc     0x00006392      0x1e1 build/stm32f4xx_hal.o
 .debug_loc     0x00006573     0x4e61 build/stm32f4xx_hal_i2c.o
 .debug_loc     0x0000b3d4     0x139e build/stm32f4xx_hal_i2s.o
 .debug_loc     0x0000c772      0xaff build/stm32f4xx_hal_i2s_ex.o
 .debug_loc     0x0000d271     0x233a build/stm32f4xx_hal_spi.o
 .debug_loc     0x0000f5ab     0x4d30 build/stm32f4xx_hal_uart.o
 .debug_loc     0x000142db      0x158 build/system_stm32f4xx.o
 .debug_loc     0x00014433      0xae2 build/usbh_core.o
 .debug_loc     0x00014f15     0x1434 build/usbh_ctlreq.o
 .debug_loc     0x00016349      0x750 build/usbh_ioreq.o
 .debug_loc     0x00016a99      0x26e build/usbh_pipes.o
 .debug_loc     0x00016d07      0x900 build/usbh_cdc.o
 .debug_loc     0x00017607       0x84 build/sysmem.o

.debug_aranges  0x00000000     0x12f0
 .debug_aranges
                0x00000000       0x58 build/main.o
 .debug_aranges
                0x00000058       0x68 build/stm32f4xx_it.o
 .debug_aranges
                0x000000c0       0x60 build/stm32f4xx_hal_msp.o
 .debug_aranges
                0x00000120       0x30 build/usb_host.o
 .debug_aranges
                0x00000150       0xd8 build/usbh_conf.o
 .debug_aranges
                0x00000228       0x20 build/usbh_platform.o
 .debug_aranges
                0x00000248      0x108 build/stm32f4xx_hal_hcd.o
 .debug_aranges
                0x00000350      0x1a0 build/stm32f4xx_ll_usb.o
 .debug_aranges
                0x000004f0       0x88 build/stm32f4xx_hal_rcc.o
 .debug_aranges
                0x00000578       0x48 build/stm32f4xx_hal_rcc_ex.o
 .debug_aranges
                0x000005c0       0x58 build/stm32f4xx_hal_gpio.o
 .debug_aranges
                0x00000618       0xc0 build/stm32f4xx_hal_cortex.o
 .debug_aranges
                0x000006d8       0xf0 build/stm32f4xx_hal.o
 .debug_aranges
                0x000007c8      0x2a8 build/stm32f4xx_hal_i2c.o
 .debug_aranges
                0x00000a70      0x108 build/stm32f4xx_hal_i2s.o
 .debug_aranges
                0x00000b78       0x88 build/stm32f4xx_hal_i2s_ex.o
 .debug_aranges
                0x00000c00      0x1d0 build/stm32f4xx_hal_spi.o
 .debug_aranges
                0x00000dd0      0x208 build/stm32f4xx_hal_uart.o
 .debug_aranges
                0x00000fd8       0x28 build/system_stm32f4xx.o
 .debug_aranges
                0x00001000       0xc0 build/usbh_core.o
 .debug_aranges
                0x000010c0       0xa0 build/usbh_ctlreq.o
 .debug_aranges
                0x00001160       0x60 build/usbh_ioreq.o
 .debug_aranges
                0x000011c0       0x40 build/usbh_pipes.o
 .debug_aranges
                0x00001200       0xa8 build/usbh_cdc.o
 .debug_aranges
                0x000012a8       0x20 build/sysmem.o
 .debug_aranges
                0x000012c8       0x28 build/startup_stm32f407xx.o

.debug_ranges   0x00000000     0x1248
 .debug_ranges  0x00000000       0x48 build/main.o
 .debug_ranges  0x00000048       0x58 build/stm32f4xx_it.o
 .debug_ranges  0x000000a0       0x50 build/stm32f4xx_hal_msp.o
 .debug_ranges  0x000000f0       0x20 build/usb_host.o
 .debug_ranges  0x00000110       0xc8 build/usbh_conf.o
 .debug_ranges  0x000001d8       0x10 build/usbh_platform.o
 .debug_ranges  0x000001e8       0xf8 build/stm32f4xx_hal_hcd.o
 .debug_ranges  0x000002e0      0x190 build/stm32f4xx_ll_usb.o
 .debug_ranges  0x00000470       0x90 build/stm32f4xx_hal_rcc.o
 .debug_ranges  0x00000500       0x38 build/stm32f4xx_hal_rcc_ex.o
 .debug_ranges  0x00000538       0x48 build/stm32f4xx_hal_gpio.o
 .debug_ranges  0x00000580      0x110 build/stm32f4xx_hal_cortex.o
 .debug_ranges  0x00000690       0xe0 build/stm32f4xx_hal.o
 .debug_ranges  0x00000770      0x2b0 build/stm32f4xx_hal_i2c.o
 .debug_ranges  0x00000a20      0x128 build/stm32f4xx_hal_i2s.o
 .debug_ranges  0x00000b48       0x90 build/stm32f4xx_hal_i2s_ex.o
 .debug_ranges  0x00000bd8      0x1c0 build/stm32f4xx_hal_spi.o
 .debug_ranges  0x00000d98      0x210 build/stm32f4xx_hal_uart.o
 .debug_ranges  0x00000fa8       0x18 build/system_stm32f4xx.o
 .debug_ranges  0x00000fc0       0xb0 build/usbh_core.o
 .debug_ranges  0x00001070       0x90 build/usbh_ctlreq.o
 .debug_ranges  0x00001100       0x50 build/usbh_ioreq.o
 .debug_ranges  0x00001150       0x30 build/usbh_pipes.o
 .debug_ranges  0x00001180       0x98 build/usbh_cdc.o
 .debug_ranges  0x00001218       0x10 build/sysmem.o
 .debug_ranges  0x00001228       0x20 build/startup_stm32f407xx.o

.debug_line     0x00000000    0x18429
 .debug_line    0x00000000      0x6d0 build/main.o
 .debug_line    0x000006d0      0x2c2 build/stm32f4xx_it.o
 .debug_line    0x00000992      0x50a build/stm32f4xx_hal_msp.o
 .debug_line    0x00000e9c      0x231 build/usb_host.o
 .debug_line    0x000010cd      0x6d3 build/usbh_conf.o
 .debug_line    0x000017a0      0x18d build/usbh_platform.o
 .debug_line    0x0000192d     0x1508 build/stm32f4xx_hal_hcd.o
 .debug_line    0x00002e35     0x1f63 build/stm32f4xx_ll_usb.o
 .debug_line    0x00004d98      0xb3b build/stm32f4xx_hal_rcc.o
 .debug_line    0x000058d3      0x5db build/stm32f4xx_hal_rcc_ex.o
 .debug_line    0x00005eae      0x6d3 build/stm32f4xx_hal_gpio.o
 .debug_line    0x00006581      0x79e build/stm32f4xx_hal_cortex.o
 .debug_line    0x00006d1f      0x557 build/stm32f4xx_hal.o
 .debug_line    0x00007276     0x5465 build/stm32f4xx_hal_i2c.o
 .debug_line    0x0000c6db     0x1433 build/stm32f4xx_hal_i2s.o
 .debug_line    0x0000db0e     0x10dd build/stm32f4xx_hal_i2s_ex.o
 .debug_line    0x0000ebeb     0x267e build/stm32f4xx_hal_spi.o
 .debug_line    0x00011269     0x42ad build/stm32f4xx_hal_uart.o
 .debug_line    0x00015516      0x242 build/system_stm32f4xx.o
 .debug_line    0x00015758      0xde6 build/usbh_core.o
 .debug_line    0x0001653e      0xda4 build/usbh_ctlreq.o
 .debug_line    0x000172e2      0x2cf build/usbh_ioreq.o
 .debug_line    0x000175b1      0x264 build/usbh_pipes.o
 .debug_line    0x00017815      0x9f1 build/usbh_cdc.o
 .debug_line    0x00018206      0x1ad build/sysmem.o
 .debug_line    0x000183b3       0x76 build/startup_stm32f407xx.o

.debug_str      0x00000000     0x5f3f
 .debug_str     0x00000000      0xe7c build/main.o
                                0xf95 (size before relaxing)
 .debug_str     0x00000e7c      0x4a4 build/stm32f4xx_it.o
                                0x6ff (size before relaxing)
 .debug_str     0x00001320      0x189 build/stm32f4xx_hal_msp.o
                                0xe84 (size before relaxing)
 .debug_str     0x000014a9      0x83f build/usb_host.o
                                0xac2 (size before relaxing)
 .debug_str     0x00001ce8      0x9ee build/usbh_conf.o
                               0x19c9 (size before relaxing)
 .debug_str     0x000026d6       0x2e build/usbh_platform.o
                                0x260 (size before relaxing)
 .debug_str     0x00002704      0x3b5 build/stm32f4xx_hal_hcd.o
                                0xc3b (size before relaxing)
 .debug_str     0x00002ab9      0x52f build/stm32f4xx_ll_usb.o
                                0xd30 (size before relaxing)
 .debug_str     0x00002fe8      0x225 build/stm32f4xx_hal_rcc.o
                                0x708 (size before relaxing)
 .debug_str     0x0000320d       0xf6 build/stm32f4xx_hal_rcc_ex.o
                                0x4c9 (size before relaxing)
 .debug_str     0x00003303      0x117 build/stm32f4xx_hal_gpio.o
                                0x4e2 (size before relaxing)
 .debug_str     0x0000341a      0x4f6 build/stm32f4xx_hal_cortex.o
                                0xc77 (size before relaxing)
 .debug_str     0x00003910      0x295 build/stm32f4xx_hal.o
                                0xb5c (size before relaxing)
 .debug_str     0x00003ba5      0x8c0 build/stm32f4xx_hal_i2c.o
                               0x103f (size before relaxing)
 .debug_str     0x00004465      0x264 build/stm32f4xx_hal_i2s.o
                                0x932 (size before relaxing)
 .debug_str     0x000046c9      0x1ee build/stm32f4xx_hal_i2s_ex.o
                                0x863 (size before relaxing)
 .debug_str     0x000048b7      0x4eb build/stm32f4xx_hal_spi.o
                                0xbf6 (size before relaxing)
 .debug_str     0x00004da2      0x5f4 build/stm32f4xx_hal_uart.o
                                0xd9d (size before relaxing)
 .debug_str     0x00005396       0x47 build/system_stm32f4xx.o
                                0x377 (size before relaxing)
 .debug_str     0x000053dd      0x1d0 build/usbh_core.o
                                0xd04 (size before relaxing)
 .debug_str     0x000055ad      0x1ff build/usbh_ctlreq.o
                                0xcf0 (size before relaxing)
 .debug_str     0x000057ac       0xbb build/usbh_ioreq.o
                                0xaf5 (size before relaxing)
 .debug_str     0x00005867       0x64 build/usbh_pipes.o
                                0xa8b (size before relaxing)
 .debug_str     0x000058cb      0x5d6 build/usbh_cdc.o
                               0x1168 (size before relaxing)
 .debug_str     0x00005ea1       0x7a build/sysmem.o
                                0x227 (size before relaxing)
 .debug_str     0x00005f1b       0x24 build/startup_stm32f407xx.o
                                 0x6c (size before relaxing)

.comment        0x00000000       0x49
 .comment       0x00000000       0x49 build/main.o
                                 0x4a (size before relaxing)
 .comment       0x00000049       0x4a build/stm32f4xx_it.o
 .comment       0x00000049       0x4a build/stm32f4xx_hal_msp.o
 .comment       0x00000049       0x4a build/usb_host.o
 .comment       0x00000049       0x4a build/usbh_conf.o
 .comment       0x00000049       0x4a build/usbh_platform.o
 .comment       0x00000049       0x4a build/stm32f4xx_hal_hcd.o
 .comment       0x00000049       0x4a build/stm32f4xx_ll_usb.o
 .comment       0x00000049       0x4a build/stm32f4xx_hal_rcc.o
 .comment       0x00000049       0x4a build/stm32f4xx_hal_rcc_ex.o
 .comment       0x00000049       0x4a build/stm32f4xx_hal_gpio.o
 .comment       0x00000049       0x4a build/stm32f4xx_hal_cortex.o
 .comment       0x00000049       0x4a build/stm32f4xx_hal.o
 .comment       0x00000049       0x4a build/stm32f4xx_hal_i2c.o
 .comment       0x00000049       0x4a build/stm32f4xx_hal_i2s.o
 .comment       0x00000049       0x4a build/stm32f4xx_hal_i2s_ex.o
 .comment       0x00000049       0x4a build/stm32f4xx_hal_spi.o
 .comment       0x00000049       0x4a build/stm32f4xx_hal_uart.o
 .comment       0x00000049       0x4a build/system_stm32f4xx.o
 .comment       0x00000049       0x4a build/usbh_core.o
 .comment       0x00000049       0x4a build/usbh_ctlreq.o
 .comment       0x00000049       0x4a build/usbh_ioreq.o
 .comment       0x00000049       0x4a build/usbh_pipes.o
 .comment       0x00000049       0x4a build/usbh_cdc.o
 .comment       0x00000049       0x4a build/sysmem.o

.debug_frame    0x00000000     0x37ac
 .debug_frame   0x00000000       0xe4 build/main.o
 .debug_frame   0x000000e4       0xc0 build/stm32f4xx_it.o
 .debug_frame   0x000001a4      0x114 build/stm32f4xx_hal_msp.o
 .debug_frame   0x000002b8       0x50 build/usb_host.o
 .debug_frame   0x00000308      0x24c build/usbh_conf.o
 .debug_frame   0x00000554       0x28 build/usbh_platform.o
 .debug_frame   0x0000057c      0x2dc build/stm32f4xx_hal_hcd.o
 .debug_frame   0x00000858      0x4a4 build/stm32f4xx_ll_usb.o
 .debug_frame   0x00000cfc      0x16c build/stm32f4xx_hal_rcc.o
 .debug_frame   0x00000e68       0xa4 build/stm32f4xx_hal_rcc_ex.o
 .debug_frame   0x00000f0c       0xd8 build/stm32f4xx_hal_gpio.o
 .debug_frame   0x00000fe4      0x178 build/stm32f4xx_hal_cortex.o
 .debug_frame   0x0000115c      0x1ec build/stm32f4xx_hal.o
 .debug_frame   0x00001348      0x988 build/stm32f4xx_hal_i2c.o
 .debug_frame   0x00001cd0      0x334 build/stm32f4xx_hal_i2s.o
 .debug_frame   0x00002004      0x184 build/stm32f4xx_hal_i2s_ex.o
 .debug_frame   0x00002188      0x5c8 build/stm32f4xx_hal_spi.o
 .debug_frame   0x00002750      0x5e4 build/stm32f4xx_hal_uart.o
 .debug_frame   0x00002d34       0x30 build/system_stm32f4xx.o
 .debug_frame   0x00002d64      0x1f4 build/usbh_core.o
 .debug_frame   0x00002f58      0x1e0 build/usbh_ctlreq.o
 .debug_frame   0x00003138      0x130 build/usbh_ioreq.o
 .debug_frame   0x00003268       0x84 build/usbh_pipes.o
 .debug_frame   0x000032ec      0x1b0 build/usbh_cdc.o
 .debug_frame   0x0000349c       0x28 build/sysmem.o
 .debug_frame   0x000034c4       0x20 c:/dev/tools/gcc-arm-none-eabi-10.3-2021.10/bin/../lib/gcc/arm-none-eabi/10.3.1/../../../../arm-none-eabi/lib/thumb/v7e-m+fp/hard\libc_nano.a(lib_a-errno.o)
 .debug_frame   0x000034e4       0x2c c:/dev/tools/gcc-arm-none-eabi-10.3-2021.10/bin/../lib/gcc/arm-none-eabi/10.3.1/../../../../arm-none-eabi/lib/thumb/v7e-m+fp/hard\libc_nano.a(lib_a-init.o)
 .debug_frame   0x00003510       0x30 c:/dev/tools/gcc-arm-none-eabi-10.3-2021.10/bin/../lib/gcc/arm-none-eabi/10.3.1/../../../../arm-none-eabi/lib/thumb/v7e-m+fp/hard\libc_nano.a(lib_a-malloc.o)
 .debug_frame   0x00003540       0x20 c:/dev/tools/gcc-arm-none-eabi-10.3-2021.10/bin/../lib/gcc/arm-none-eabi/10.3.1/../../../../arm-none-eabi/lib/thumb/v7e-m+fp/hard\libc_nano.a(lib_a-memset.o)
 .debug_frame   0x00003560       0x38 c:/dev/tools/gcc-arm-none-eabi-10.3-2021.10/bin/../lib/gcc/arm-none-eabi/10.3.1/../../../../arm-none-eabi/lib/thumb/v7e-m+fp/hard\libc_nano.a(lib_a-nano-freer.o)
 .debug_frame   0x00003598       0x4c c:/dev/tools/gcc-arm-none-eabi-10.3-2021.10/bin/../lib/gcc/arm-none-eabi/10.3.1/../../../../arm-none-eabi/lib/thumb/v7e-m+fp/hard\libc_nano.a(lib_a-nano-mallocr.o)
 .debug_frame   0x000035e4       0x2c c:/dev/tools/gcc-arm-none-eabi-10.3-2021.10/bin/../lib/gcc/arm-none-eabi/10.3.1/../../../../arm-none-eabi/lib/thumb/v7e-m+fp/hard\libc_nano.a(lib_a-sbrkr.o)
 .debug_frame   0x00003610       0x30 c:/dev/tools/gcc-arm-none-eabi-10.3-2021.10/bin/../lib/gcc/arm-none-eabi/10.3.1/../../../../arm-none-eabi/lib/thumb/v7e-m+fp/hard\libc_nano.a(lib_a-mlock.o)
 .debug_frame   0x00003640       0x5c c:/dev/tools/gcc-arm-none-eabi-10.3-2021.10/bin/../lib/gcc/arm-none-eabi/10.3.1/../../../../arm-none-eabi/lib/thumb/v7e-m+fp/hard\libc_nano.a(lib_a-reent.o)
 .debug_frame   0x0000369c       0xb0 c:/dev/tools/gcc-arm-none-eabi-10.3-2021.10/bin/../lib/gcc/arm-none-eabi/10.3.1/../../../../arm-none-eabi/lib/thumb/v7e-m+fp/hard\libc_nano.a(lib_a-lock.o)
 .debug_frame   0x0000374c       0x2c c:/dev/tools/gcc-arm-none-eabi-10.3-2021.10/bin/../lib/gcc/arm-none-eabi/10.3.1/thumb/v7e-m+fp/hard\libgcc.a(_aeabi_uldivmod.o)
 .debug_frame   0x00003778       0x34 c:/dev/tools/gcc-arm-none-eabi-10.3-2021.10/bin/../lib/gcc/arm-none-eabi/10.3.1/thumb/v7e-m+fp/hard\libgcc.a(_udivmoddi4.o)

Cross Reference Table

Symbol                                            File
ADC_IRQHandler                                    build/startup_stm32f407xx.o
AHBPrescTable                                     build/system_stm32f4xx.o
                                                  build/stm32f4xx_hal_rcc.o
APBPrescTable                                     build/system_stm32f4xx.o
                                                  build/stm32f4xx_hal_rcc.o
Appli_state                                       build/usb_host.o
BusFault_Handler                                  build/stm32f4xx_it.o
CAN1_RX0_IRQHandler                               build/startup_stm32f407xx.o
CAN1_RX1_IRQHandler                               build/startup_stm32f407xx.o
CAN1_SCE_IRQHandler                               build/startup_stm32f407xx.o
CAN1_TX_IRQHandler                                build/startup_stm32f407xx.o
CAN2_RX0_IRQHandler                               build/startup_stm32f407xx.o
CAN2_RX1_IRQHandler                               build/startup_stm32f407xx.o
CAN2_SCE_IRQHandler                               build/startup_stm32f407xx.o
CAN2_TX_IRQHandler                                build/startup_stm32f407xx.o
CDC_Class                                         build/usbh_cdc.o
                                                  build/usb_host.o
DCMI_IRQHandler                                   build/startup_stm32f407xx.o
DMA1_Stream0_IRQHandler                           build/startup_stm32f407xx.o
DMA1_Stream1_IRQHandler                           build/startup_stm32f407xx.o
DMA1_Stream2_IRQHandler                           build/startup_stm32f407xx.o
DMA1_Stream3_IRQHandler                           build/startup_stm32f407xx.o
DMA1_Stream4_IRQHandler                           build/startup_stm32f407xx.o
DMA1_Stream5_IRQHandler                           build/startup_stm32f407xx.o
DMA1_Stream6_IRQHandler                           build/startup_stm32f407xx.o
DMA1_Stream7_IRQHandler                           build/startup_stm32f407xx.o
DMA2_Stream0_IRQHandler                           build/startup_stm32f407xx.o
DMA2_Stream1_IRQHandler                           build/startup_stm32f407xx.o
DMA2_Stream2_IRQHandler                           build/startup_stm32f407xx.o
DMA2_Stream3_IRQHandler                           build/startup_stm32f407xx.o
DMA2_Stream4_IRQHandler                           build/startup_stm32f407xx.o
DMA2_Stream5_IRQHandler                           build/startup_stm32f407xx.o
DMA2_Stream6_IRQHandler                           build/startup_stm32f407xx.o
DMA2_Stream7_IRQHandler                           build/startup_stm32f407xx.o
DebugMon_Handler                                  build/stm32f4xx_it.o
Default_Handler                                   build/startup_stm32f407xx.o
ETH_IRQHandler                                    build/startup_stm32f407xx.o
ETH_WKUP_IRQHandler                               build/startup_stm32f407xx.o
EXTI0_IRQHandler                                  build/startup_stm32f407xx.o
EXTI15_10_IRQHandler                              build/startup_stm32f407xx.o
EXTI1_IRQHandler                                  build/startup_stm32f407xx.o
EXTI2_IRQHandler                                  build/startup_stm32f407xx.o
EXTI3_IRQHandler                                  build/startup_stm32f407xx.o
EXTI4_IRQHandler                                  build/startup_stm32f407xx.o
EXTI9_5_IRQHandler                                build/startup_stm32f407xx.o
Error_Handler                                     build/main.o
                                                  build/usbh_conf.o
                                                  build/usb_host.o
                                                  build/stm32f4xx_hal_msp.o
FLASH_Erase_Sector                                build/stm32f4xx_hal_flash_ex.o
                                                  build/stm32f4xx_hal_flash.o
FLASH_FlushCaches                                 build/stm32f4xx_hal_flash_ex.o
                                                  build/stm32f4xx_hal_flash.o
FLASH_IRQHandler                                  build/startup_stm32f407xx.o
FLASH_WaitForLastOperation                        build/stm32f4xx_hal_flash.o
                                                  build/stm32f4xx_hal_flash_ex.o
FPU_IRQHandler                                    build/startup_stm32f407xx.o
FSMC_IRQHandler                                   build/startup_stm32f407xx.o
HAL_CORTEX_ClearEvent                             build/stm32f4xx_hal_cortex.o
HAL_DBGMCU_DisableDBGSleepMode                    build/stm32f4xx_hal.o
HAL_DBGMCU_DisableDBGStandbyMode                  build/stm32f4xx_hal.o
HAL_DBGMCU_DisableDBGStopMode                     build/stm32f4xx_hal.o
HAL_DBGMCU_EnableDBGSleepMode                     build/stm32f4xx_hal.o
HAL_DBGMCU_EnableDBGStandbyMode                   build/stm32f4xx_hal.o
HAL_DBGMCU_EnableDBGStopMode                      build/stm32f4xx_hal.o
HAL_DMAEx_ChangeMemory                            build/stm32f4xx_hal_dma_ex.o
HAL_DMAEx_MultiBufferStart                        build/stm32f4xx_hal_dma_ex.o
HAL_DMAEx_MultiBufferStart_IT                     build/stm32f4xx_hal_dma_ex.o
HAL_DMA_Abort                                     build/stm32f4xx_hal_dma.o
                                                  build/stm32f4xx_hal_uart.o
                                                  build/stm32f4xx_hal_spi.o
                                                  build/stm32f4xx_hal_i2s.o
HAL_DMA_Abort_IT                                  build/stm32f4xx_hal_dma.o
                                                  build/stm32f4xx_hal_uart.o
                                                  build/stm32f4xx_hal_spi.o
                                                  build/stm32f4xx_hal_i2c.o
HAL_DMA_DeInit                                    build/stm32f4xx_hal_dma.o
HAL_DMA_GetError                                  build/stm32f4xx_hal_dma.o
                                                  build/stm32f4xx_hal_uart.o
                                                  build/stm32f4xx_hal_i2c.o
HAL_DMA_GetState                                  build/stm32f4xx_hal_dma.o
                                                  build/stm32f4xx_hal_i2c.o
HAL_DMA_IRQHandler                                build/stm32f4xx_hal_dma.o
HAL_DMA_Init                                      build/stm32f4xx_hal_dma.o
HAL_DMA_PollForTransfer                           build/stm32f4xx_hal_dma.o
HAL_DMA_RegisterCallback                          build/stm32f4xx_hal_dma.o
HAL_DMA_Start                                     build/stm32f4xx_hal_dma.o
HAL_DMA_Start_IT                                  build/stm32f4xx_hal_dma.o
                                                  build/stm32f4xx_hal_uart.o
                                                  build/stm32f4xx_hal_spi.o
                                                  build/stm32f4xx_hal_i2s_ex.o
                                                  build/stm32f4xx_hal_i2s.o
                                                  build/stm32f4xx_hal_i2c.o
HAL_DMA_UnRegisterCallback                        build/stm32f4xx_hal_dma.o
HAL_DeInit                                        build/stm32f4xx_hal.o
HAL_Delay                                         build/stm32f4xx_hal.o
                                                  build/stm32f4xx_ll_usb.o
                                                  build/usbh_conf.o
                                                  build/main.o
HAL_DisableCompensationCell                       build/stm32f4xx_hal.o
HAL_EXTI_ClearConfigLine                          build/stm32f4xx_hal_exti.o
HAL_EXTI_ClearPending                             build/stm32f4xx_hal_exti.o
HAL_EXTI_GenerateSWI                              build/stm32f4xx_hal_exti.o
HAL_EXTI_GetConfigLine                            build/stm32f4xx_hal_exti.o
HAL_EXTI_GetHandle                                build/stm32f4xx_hal_exti.o
HAL_EXTI_GetPending                               build/stm32f4xx_hal_exti.o
HAL_EXTI_IRQHandler                               build/stm32f4xx_hal_exti.o
HAL_EXTI_RegisterCallback                         build/stm32f4xx_hal_exti.o
HAL_EXTI_SetConfigLine                            build/stm32f4xx_hal_exti.o
HAL_EnableCompensationCell                        build/stm32f4xx_hal.o
HAL_FLASHEx_Erase                                 build/stm32f4xx_hal_flash_ex.o
HAL_FLASHEx_Erase_IT                              build/stm32f4xx_hal_flash_ex.o
HAL_FLASHEx_OBGetConfig                           build/stm32f4xx_hal_flash_ex.o
HAL_FLASHEx_OBProgram                             build/stm32f4xx_hal_flash_ex.o
HAL_FLASH_EndOfOperationCallback                  build/stm32f4xx_hal_flash.o
HAL_FLASH_GetError                                build/stm32f4xx_hal_flash.o
HAL_FLASH_IRQHandler                              build/stm32f4xx_hal_flash.o
HAL_FLASH_Lock                                    build/stm32f4xx_hal_flash.o
HAL_FLASH_OB_Launch                               build/stm32f4xx_hal_flash.o
HAL_FLASH_OB_Lock                                 build/stm32f4xx_hal_flash.o
HAL_FLASH_OB_Unlock                               build/stm32f4xx_hal_flash.o
HAL_FLASH_OperationErrorCallback                  build/stm32f4xx_hal_flash.o
HAL_FLASH_Program                                 build/stm32f4xx_hal_flash.o
HAL_FLASH_Program_IT                              build/stm32f4xx_hal_flash.o
HAL_FLASH_Unlock                                  build/stm32f4xx_hal_flash.o
HAL_GPIO_DeInit                                   build/stm32f4xx_hal_gpio.o
                                                  build/usbh_conf.o
                                                  build/stm32f4xx_hal_msp.o
HAL_GPIO_EXTI_Callback                            build/stm32f4xx_hal_gpio.o
HAL_GPIO_EXTI_IRQHandler                          build/stm32f4xx_hal_gpio.o
HAL_GPIO_Init                                     build/stm32f4xx_hal_gpio.o
                                                  build/stm32f4xx_hal_rcc.o
                                                  build/usbh_conf.o
                                                  build/stm32f4xx_hal_msp.o
                                                  build/main.o
HAL_GPIO_LockPin                                  build/stm32f4xx_hal_gpio.o
HAL_GPIO_ReadPin                                  build/stm32f4xx_hal_gpio.o
HAL_GPIO_TogglePin                                build/stm32f4xx_hal_gpio.o
HAL_GPIO_WritePin                                 build/stm32f4xx_hal_gpio.o
                                                  build/usbh_platform.o
                                                  build/main.o
HAL_GetDEVID                                      build/stm32f4xx_hal.o
HAL_GetHalVersion                                 build/stm32f4xx_hal.o
HAL_GetREVID                                      build/stm32f4xx_hal.o
HAL_GetTick                                       build/stm32f4xx_hal.o
                                                  build/stm32f4xx_hal_uart.o
                                                  build/stm32f4xx_hal_spi.o
                                                  build/stm32f4xx_hal_i2s_ex.o
                                                  build/stm32f4xx_hal_i2s.o
                                                  build/stm32f4xx_hal_i2c.o
                                                  build/stm32f4xx_hal_pwr_ex.o
                                                  build/stm32f4xx_hal_dma.o
                                                  build/stm32f4xx_hal_flash.o
                                                  build/stm32f4xx_hal_rcc_ex.o
                                                  build/stm32f4xx_hal_rcc.o
HAL_GetTickFreq                                   build/stm32f4xx_hal.o
HAL_GetTickPrio                                   build/stm32f4xx_hal.o
HAL_GetUIDw0                                      build/stm32f4xx_hal.o
HAL_GetUIDw1                                      build/stm32f4xx_hal.o
HAL_GetUIDw2                                      build/stm32f4xx_hal.o
HAL_HCD_Connect_Callback                          build/usbh_conf.o
HAL_HCD_DeInit                                    build/stm32f4xx_hal_hcd.o
                                                  build/usbh_conf.o
HAL_HCD_Disconnect_Callback                       build/usbh_conf.o
HAL_HCD_GetCurrentFrame                           build/stm32f4xx_hal_hcd.o
                                                  build/usbh_conf.o
HAL_HCD_GetCurrentSpeed                           build/stm32f4xx_hal_hcd.o
                                                  build/usbh_conf.o
HAL_HCD_GetState                                  build/stm32f4xx_hal_hcd.o
HAL_HCD_HC_ClearHubInfo                           build/stm32f4xx_hal_hcd.o
HAL_HCD_HC_GetState                               build/stm32f4xx_hal_hcd.o
HAL_HCD_HC_GetURBState                            build/stm32f4xx_hal_hcd.o
                                                  build/usbh_conf.o
HAL_HCD_HC_GetXferCount                           build/stm32f4xx_hal_hcd.o
                                                  build/usbh_conf.o
HAL_HCD_HC_Halt                                   build/stm32f4xx_hal_hcd.o
                                                  build/usbh_conf.o
HAL_HCD_HC_Init                                   build/stm32f4xx_hal_hcd.o
                                                  build/usbh_conf.o
HAL_HCD_HC_NotifyURBChange_Callback               build/usbh_conf.o
HAL_HCD_HC_SetHubInfo                             build/stm32f4xx_hal_hcd.o
HAL_HCD_HC_SubmitRequest                          build/stm32f4xx_hal_hcd.o
                                                  build/usbh_conf.o
HAL_HCD_IRQHandler                                build/stm32f4xx_hal_hcd.o
                                                  build/stm32f4xx_it.o
HAL_HCD_Init                                      build/stm32f4xx_hal_hcd.o
                                                  build/usbh_conf.o
HAL_HCD_MspDeInit                                 build/usbh_conf.o
HAL_HCD_MspInit                                   build/usbh_conf.o
HAL_HCD_PortDisabled_Callback                     build/usbh_conf.o
HAL_HCD_PortEnabled_Callback                      build/usbh_conf.o
HAL_HCD_ResetPort                                 build/stm32f4xx_hal_hcd.o
                                                  build/usbh_conf.o
HAL_HCD_SOF_Callback                              build/usbh_conf.o
HAL_HCD_Start                                     build/stm32f4xx_hal_hcd.o
                                                  build/usbh_conf.o
HAL_HCD_Stop                                      build/stm32f4xx_hal_hcd.o
                                                  build/usbh_conf.o
HAL_HCD_WKUP_IRQHandler                           build/stm32f4xx_hal_hcd.o
HAL_HalfDuplex_EnableReceiver                     build/stm32f4xx_hal_uart.o
HAL_HalfDuplex_EnableTransmitter                  build/stm32f4xx_hal_uart.o
HAL_HalfDuplex_Init                               build/stm32f4xx_hal_uart.o
HAL_I2C_AbortCpltCallback                         build/stm32f4xx_hal_i2c.o
HAL_I2C_AddrCallback                              build/stm32f4xx_hal_i2c.o
HAL_I2C_DeInit                                    build/stm32f4xx_hal_i2c.o
HAL_I2C_DisableListen_IT                          build/stm32f4xx_hal_i2c.o
HAL_I2C_ER_IRQHandler                             build/stm32f4xx_hal_i2c.o
HAL_I2C_EV_IRQHandler                             build/stm32f4xx_hal_i2c.o
HAL_I2C_EnableListen_IT                           build/stm32f4xx_hal_i2c.o
HAL_I2C_ErrorCallback                             build/stm32f4xx_hal_i2c.o
HAL_I2C_GetError                                  build/stm32f4xx_hal_i2c.o
HAL_I2C_GetMode                                   build/stm32f4xx_hal_i2c.o
HAL_I2C_GetState                                  build/stm32f4xx_hal_i2c.o
HAL_I2C_Init                                      build/stm32f4xx_hal_i2c.o
                                                  build/main.o
HAL_I2C_IsDeviceReady                             build/stm32f4xx_hal_i2c.o
HAL_I2C_ListenCpltCallback                        build/stm32f4xx_hal_i2c.o
HAL_I2C_MasterRxCpltCallback                      build/stm32f4xx_hal_i2c.o
HAL_I2C_MasterTxCpltCallback                      build/stm32f4xx_hal_i2c.o
HAL_I2C_Master_Abort_IT                           build/stm32f4xx_hal_i2c.o
HAL_I2C_Master_Receive                            build/stm32f4xx_hal_i2c.o
HAL_I2C_Master_Receive_DMA                        build/stm32f4xx_hal_i2c.o
HAL_I2C_Master_Receive_IT                         build/stm32f4xx_hal_i2c.o
HAL_I2C_Master_Seq_Receive_DMA                    build/stm32f4xx_hal_i2c.o
HAL_I2C_Master_Seq_Receive_IT                     build/stm32f4xx_hal_i2c.o
HAL_I2C_Master_Seq_Transmit_DMA                   build/stm32f4xx_hal_i2c.o
HAL_I2C_Master_Seq_Transmit_IT                    build/stm32f4xx_hal_i2c.o
HAL_I2C_Master_Transmit                           build/stm32f4xx_hal_i2c.o
HAL_I2C_Master_Transmit_DMA                       build/stm32f4xx_hal_i2c.o
HAL_I2C_Master_Transmit_IT                        build/stm32f4xx_hal_i2c.o
HAL_I2C_MemRxCpltCallback                         build/stm32f4xx_hal_i2c.o
HAL_I2C_MemTxCpltCallback                         build/stm32f4xx_hal_i2c.o
HAL_I2C_Mem_Read                                  build/stm32f4xx_hal_i2c.o
HAL_I2C_Mem_Read_DMA                              build/stm32f4xx_hal_i2c.o
HAL_I2C_Mem_Read_IT                               build/stm32f4xx_hal_i2c.o
HAL_I2C_Mem_Write                                 build/stm32f4xx_hal_i2c.o
HAL_I2C_Mem_Write_DMA                             build/stm32f4xx_hal_i2c.o
HAL_I2C_Mem_Write_IT                              build/stm32f4xx_hal_i2c.o
HAL_I2C_MspDeInit                                 build/stm32f4xx_hal_msp.o
HAL_I2C_MspInit                                   build/stm32f4xx_hal_msp.o
HAL_I2C_SlaveRxCpltCallback                       build/stm32f4xx_hal_i2c.o
HAL_I2C_SlaveTxCpltCallback                       build/stm32f4xx_hal_i2c.o
HAL_I2C_Slave_Receive                             build/stm32f4xx_hal_i2c.o
HAL_I2C_Slave_Receive_DMA                         build/stm32f4xx_hal_i2c.o
HAL_I2C_Slave_Receive_IT                          build/stm32f4xx_hal_i2c.o
HAL_I2C_Slave_Seq_Receive_DMA                     build/stm32f4xx_hal_i2c.o
HAL_I2C_Slave_Seq_Receive_IT                      build/stm32f4xx_hal_i2c.o
HAL_I2C_Slave_Seq_Transmit_DMA                    build/stm32f4xx_hal_i2c.o
HAL_I2C_Slave_Seq_Transmit_IT                     build/stm32f4xx_hal_i2c.o
HAL_I2C_Slave_Transmit                            build/stm32f4xx_hal_i2c.o
HAL_I2C_Slave_Transmit_DMA                        build/stm32f4xx_hal_i2c.o
HAL_I2C_Slave_Transmit_IT                         build/stm32f4xx_hal_i2c.o
HAL_I2SEx_FullDuplex_IRQHandler                   build/stm32f4xx_hal_i2s_ex.o
                                                  build/stm32f4xx_hal_i2s.o
HAL_I2SEx_TransmitReceive                         build/stm32f4xx_hal_i2s_ex.o
HAL_I2SEx_TransmitReceive_DMA                     build/stm32f4xx_hal_i2s_ex.o
HAL_I2SEx_TransmitReceive_IT                      build/stm32f4xx_hal_i2s_ex.o
HAL_I2SEx_TxRxCpltCallback                        build/stm32f4xx_hal_i2s_ex.o
HAL_I2SEx_TxRxHalfCpltCallback                    build/stm32f4xx_hal_i2s_ex.o
HAL_I2S_DMAPause                                  build/stm32f4xx_hal_i2s.o
HAL_I2S_DMAResume                                 build/stm32f4xx_hal_i2s.o
HAL_I2S_DMAStop                                   build/stm32f4xx_hal_i2s.o
HAL_I2S_DeInit                                    build/stm32f4xx_hal_i2s.o
HAL_I2S_ErrorCallback                             build/stm32f4xx_hal_i2s.o
                                                  build/stm32f4xx_hal_i2s_ex.o
HAL_I2S_GetError                                  build/stm32f4xx_hal_i2s.o
HAL_I2S_GetState                                  build/stm32f4xx_hal_i2s.o
HAL_I2S_IRQHandler                                build/stm32f4xx_hal_i2s.o
HAL_I2S_Init                                      build/stm32f4xx_hal_i2s.o
                                                  build/main.o
HAL_I2S_MspDeInit                                 build/stm32f4xx_hal_msp.o
HAL_I2S_MspInit                                   build/stm32f4xx_hal_msp.o
HAL_I2S_Receive                                   build/stm32f4xx_hal_i2s.o
HAL_I2S_Receive_DMA                               build/stm32f4xx_hal_i2s.o
HAL_I2S_Receive_IT                                build/stm32f4xx_hal_i2s.o
HAL_I2S_RxCpltCallback                            build/stm32f4xx_hal_i2s.o
HAL_I2S_RxHalfCpltCallback                        build/stm32f4xx_hal_i2s.o
HAL_I2S_Transmit                                  build/stm32f4xx_hal_i2s.o
HAL_I2S_Transmit_DMA                              build/stm32f4xx_hal_i2s.o
HAL_I2S_Transmit_IT                               build/stm32f4xx_hal_i2s.o
HAL_I2S_TxCpltCallback                            build/stm32f4xx_hal_i2s.o
HAL_I2S_TxHalfCpltCallback                        build/stm32f4xx_hal_i2s.o
HAL_IncTick                                       build/stm32f4xx_hal.o
                                                  build/stm32f4xx_it.o